<html>
<body>
<pre>
<h1>µVision Build Log</h1>
<h2>Tool Versions:</h2>
IDE-Version: µVision V5.33.0.0
Copyright (C) 2020 ARM Ltd and ARM Germany GmbH. All rights reserved.
License Information: Evgheni Jaruc, Home, LIC=----
 
Tool Versions:
Toolchain:       MDK-Lite  Version: 5.33.0.0
Toolchain Path:  C:\Keil_v5\ARM\ARMCC\Bin
C Compiler:      Armcc.exe V5.06 update 7 (build 960)
Assembler:       Armasm.exe V5.06 update 7 (build 960)
Linker/Locator:  ArmLink.exe V5.06 update 7 (build 960)
Library Manager: ArmAr.exe V5.06 update 7 (build 960)
Hex Converter:   FromElf.exe V5.06 update 7 (build 960)
CPU DLL:         SARMCM3.DLL V5.33.0.0
Dialog DLL:      DCM.DLL V1.17.3.0
Target DLL:      lmidk-agdi.dll V???
Dialog DLL:      TCM.DLL V1.48.0.0
 
<h2>Project:</h2>
E:\Programming\Embedded_System_Shape_the_World\MyProjects\CarRoboter\RobotCarBluetooth\RobotCar.uvprojx
Project File Date:  03/06/2025

<h2>Output:</h2>
*** Using Compiler 'V5.06 update 7 (build 960)', folder: 'C:\Keil_v5\ARM\ARMCC\Bin'
Rebuild target 'Target'
assembling osasm.s...
compiling os.c...
compiling Profile.c...
compiling Math.c...
compiling PLL.c...
compiling BSP.c...
compiling pid_ctrl.c...
compiling RobotCar.c...
RobotCar.c(216): warning:  #223-D: function "SysCtlDelay" declared implicitly
      SysCtlDelay(80000000/3);
RobotCar.c: 1 warning, 0 errors
compiling ServoTD8120MG.c...
compiling AP_Services.c...
compiling DCMotor.c...
compiling AP_Mail.c...
compiling UART0.c...
compiling AP.c...
compiling UART1.c...
compiling PWM.c...
compiling CortexM.c...
compiling I2C3.c...
compiling I2C1.c...
compiling ADCT0.c...
compiling TempHumidity.c...
compiling Buzzer.c...
compiling GPIO_DIF.c...
compiling GyroAccelMag.c...
compiling CanTransmitReceive.c...
compiling can.c...
compiling LightSensoe.c...
compiling gpio.c...
compiling interrupt.c...
compiling uart.c...
compiling uartstdio.c...
compiling sysctl.c...
compiling cpu.c...
assembling startup_TM4C123.s...
compiling system_TM4C123.c...
linking...
Program Size: Code=21572 RO-data=2104 RW-data=1644 ZI-data=9820  
".\Objects\RobotCar.axf" - 0 Error(s), 1 Warning(s).

<h2>Software Packages used:</h2>

Package Vendor: ARM
                http://www.keil.com/pack/ARM.CMSIS.5.7.0.pack
                ARM.CMSIS.5.7.0
                CMSIS (Cortex Microcontroller Software Interface Standard)
   * Component: CORE Version: 5.4.0

Package Vendor: Keil
                http://www.keil.com/pack/Keil.TM4C_DFP.1.1.0.pack
                Keil.TM4C_DFP.1.1.0
                Texas Instruments Tiva C Series Device Support and Examples
   * Component: Startup Version: 1.0.1

<h2>Collection of Component include folders:</h2>
  .\RTE\_Target
  C:\Users\jaruc\AppData\Local\Arm\Packs\ARM\CMSIS\5.7.0\CMSIS\Core\Include
  C:\Users\jaruc\AppData\Local\Arm\Packs\Keil\TM4C_DFP\1.1.0\Device\Include\TM4C123

<h2>Collection of Component Files used:</h2>

   * Component: ARM::CMSIS:CORE:5.4.0

   * Component: Keil::Device:Startup:1.0.1
      Source file:   Device\Source\system_TM4C123.c
      Include file:  Device\Include\TM4C123\TM4C123.h
      Source file:   Device\Source\ARM\startup_TM4C123.s
Build Time Elapsed:  00:00:09
</pre>
</body>
</html>
