Component: ARM Compiler 5.06 update 7 (build 960) Tool: armlink [4d3601]

==============================================================================

Section Cross References

    bsp.o(i.BSP_Accelerometer_Init) refers to bsp.o(i.adcinit) for adcinit
    bsp.o(i.BSP_Buzzer_Init) refers to bsp.o(.data) for ClockFrequency
    bsp.o(i.BSP_Buzzer_Set) refers to bsp.o(.data) for PWMCycles
    bsp.o(i.BSP_Clock_GetFreq) refers to bsp.o(.data) for ClockFrequency
    bsp.o(i.BSP_Clock_InitFastest) refers to bsp.o(.data) for ClockFrequency
    bsp.o(i.BSP_Delay1ms) refers to bsp.o(.emb_text) for parrotdelay
    bsp.o(i.BSP_Joystick_Init) refers to bsp.o(i.adcinit) for adcinit
    bsp.o(i.BSP_LCD_DrawBitmap) refers to bsp.o(i.setAddrWindow) for setAddrWindow
    bsp.o(i.BSP_LCD_DrawBitmap) refers to bsp.o(i.writedata) for writedata
    bsp.o(i.BSP_LCD_DrawBitmap) refers to bsp.o(.data) for _width
    bsp.o(i.BSP_LCD_DrawChar) refers to bsp.o(i.setAddrWindow) for setAddrWindow
    bsp.o(i.BSP_LCD_DrawChar) refers to bsp.o(i.pushColor) for pushColor
    bsp.o(i.BSP_LCD_DrawChar) refers to bsp.o(.data) for _width
    bsp.o(i.BSP_LCD_DrawChar) refers to bsp.o(.constdata) for Font
    bsp.o(i.BSP_LCD_DrawCharS) refers to bsp.o(i.BSP_LCD_DrawPixel) for BSP_LCD_DrawPixel
    bsp.o(i.BSP_LCD_DrawCharS) refers to bsp.o(i.BSP_LCD_FillRect) for BSP_LCD_FillRect
    bsp.o(i.BSP_LCD_DrawCharS) refers to bsp.o(.data) for _width
    bsp.o(i.BSP_LCD_DrawCharS) refers to bsp.o(.constdata) for Font
    bsp.o(i.BSP_LCD_DrawFastHLine) refers to bsp.o(i.setAddrWindow) for setAddrWindow
    bsp.o(i.BSP_LCD_DrawFastHLine) refers to bsp.o(i.writedata) for writedata
    bsp.o(i.BSP_LCD_DrawFastHLine) refers to bsp.o(.data) for _width
    bsp.o(i.BSP_LCD_DrawFastVLine) refers to bsp.o(i.setAddrWindow) for setAddrWindow
    bsp.o(i.BSP_LCD_DrawFastVLine) refers to bsp.o(i.writedata) for writedata
    bsp.o(i.BSP_LCD_DrawFastVLine) refers to bsp.o(.data) for _width
    bsp.o(i.BSP_LCD_DrawPixel) refers to bsp.o(i.setAddrWindow) for setAddrWindow
    bsp.o(i.BSP_LCD_DrawPixel) refers to bsp.o(i.pushColor) for pushColor
    bsp.o(i.BSP_LCD_DrawPixel) refers to bsp.o(.data) for _width
    bsp.o(i.BSP_LCD_DrawString) refers to bsp.o(i.BSP_LCD_DrawChar) for BSP_LCD_DrawChar
    bsp.o(i.BSP_LCD_Drawaxes) refers to bsp.o(i.BSP_LCD_FillRect) for BSP_LCD_FillRect
    bsp.o(i.BSP_LCD_Drawaxes) refers to bsp.o(i.BSP_LCD_DrawFastHLine) for BSP_LCD_DrawFastHLine
    bsp.o(i.BSP_LCD_Drawaxes) refers to bsp.o(i.BSP_LCD_DrawFastVLine) for BSP_LCD_DrawFastVLine
    bsp.o(i.BSP_LCD_Drawaxes) refers to bsp.o(i.BSP_LCD_DrawPixel) for BSP_LCD_DrawPixel
    bsp.o(i.BSP_LCD_Drawaxes) refers to bsp.o(i.BSP_LCD_DrawChar) for BSP_LCD_DrawChar
    bsp.o(i.BSP_LCD_Drawaxes) refers to bsp.o(.data) for Ymax
    bsp.o(i.BSP_LCD_FillRect) refers to bsp.o(i.setAddrWindow) for setAddrWindow
    bsp.o(i.BSP_LCD_FillRect) refers to bsp.o(i.writedata) for writedata
    bsp.o(i.BSP_LCD_FillRect) refers to bsp.o(.data) for _width
    bsp.o(i.BSP_LCD_FillScreen) refers to bsp.o(i.BSP_LCD_FillRect) for BSP_LCD_FillRect
    bsp.o(i.BSP_LCD_FillScreen) refers to bsp.o(.data) for _height
    bsp.o(i.BSP_LCD_Init) refers to bsp.o(i.ST7735_InitR) for ST7735_InitR
    bsp.o(i.BSP_LCD_OutUDec) refers to bsp.o(i.fillmessage) for fillmessage
    bsp.o(i.BSP_LCD_OutUDec) refers to bsp.o(i.BSP_LCD_DrawString) for BSP_LCD_DrawString
    bsp.o(i.BSP_LCD_OutUDec) refers to bsp.o(i.BSP_LCD_DrawChar) for BSP_LCD_DrawChar
    bsp.o(i.BSP_LCD_OutUDec) refers to bsp.o(.data) for StTextColor
    bsp.o(i.BSP_LCD_OutUDec) refers to bsp.o(.bss) for Message
    bsp.o(i.BSP_LCD_OutUDec4) refers to bsp.o(i.fillmessage4) for fillmessage4
    bsp.o(i.BSP_LCD_OutUDec4) refers to bsp.o(i.BSP_LCD_DrawString) for BSP_LCD_DrawString
    bsp.o(i.BSP_LCD_OutUDec4) refers to bsp.o(i.BSP_LCD_DrawChar) for BSP_LCD_DrawChar
    bsp.o(i.BSP_LCD_OutUDec4) refers to bsp.o(.data) for Messageindex
    bsp.o(i.BSP_LCD_OutUDec4) refers to bsp.o(.bss) for Message
    bsp.o(i.BSP_LCD_OutUDec5) refers to bsp.o(i.fillmessage5) for fillmessage5
    bsp.o(i.BSP_LCD_OutUDec5) refers to bsp.o(i.BSP_LCD_DrawString) for BSP_LCD_DrawString
    bsp.o(i.BSP_LCD_OutUDec5) refers to bsp.o(i.BSP_LCD_DrawChar) for BSP_LCD_DrawChar
    bsp.o(i.BSP_LCD_OutUDec5) refers to bsp.o(.data) for Messageindex
    bsp.o(i.BSP_LCD_OutUDec5) refers to bsp.o(.bss) for Message
    bsp.o(i.BSP_LCD_OutUFix2_1) refers to bsp.o(i.fillmessage2_1) for fillmessage2_1
    bsp.o(i.BSP_LCD_OutUFix2_1) refers to bsp.o(i.BSP_LCD_DrawString) for BSP_LCD_DrawString
    bsp.o(i.BSP_LCD_OutUFix2_1) refers to bsp.o(i.BSP_LCD_DrawChar) for BSP_LCD_DrawChar
    bsp.o(i.BSP_LCD_OutUFix2_1) refers to bsp.o(.data) for StY
    bsp.o(i.BSP_LCD_OutUFix2_1) refers to bsp.o(.bss) for Message
    bsp.o(i.BSP_LCD_OutUHex2) refers to bsp.o(i.fillmessage2_Hex) for fillmessage2_Hex
    bsp.o(i.BSP_LCD_OutUHex2) refers to bsp.o(i.BSP_LCD_DrawString) for BSP_LCD_DrawString
[...]
    i.main                                   0x00003ba0   Section        0  robotcar.o(i.main)
    i.outnibble                              0x00003ca0   Section        0  uart0.o(i.outnibble)
    i.runperiodicevents                      0x00003cc0   Section        0  os.o(i.runperiodicevents)
    runperiodicevents                        0x00003cc1   Thumb Code    50  os.o(i.runperiodicevents)
    i.servoupdownarm                         0x00003cf8   Section        0  servotd8120mg.o(i.servoupdownarm)
    i.setDesiredSpeed                        0x00003d08   Section        0  gpio.o(i.setDesiredSpeed)
    x$fpl$fadd                               0x00003d28   Section      196  faddsub_clz.o(x$fpl$fadd)
    _fadd1                                   0x00003d37   Thumb Code     0  faddsub_clz.o(x$fpl$fadd)
    x$fpl$fcmpinf                            0x00003dec   Section       24  fcmpi.o(x$fpl$fcmpinf)
    x$fpl$fdiv                               0x00003e04   Section      388  fdiv.o(x$fpl$fdiv)
    _fdiv1                                   0x00003e05   Thumb Code     0  fdiv.o(x$fpl$fdiv)
    x$fpl$feqf                               0x00003f88   Section      104  feqf.o(x$fpl$feqf)
    x$fpl$ffixu                              0x00003ff0   Section       62  ffixu.o(x$fpl$ffixu)
    x$fpl$ffltu                              0x00004030   Section       38  fflt_clz.o(x$fpl$ffltu)
    x$fpl$fleqf                              0x00004058   Section      104  fleqf.o(x$fpl$fleqf)
    x$fpl$fmul                               0x000040c0   Section      258  fmul.o(x$fpl$fmul)
    x$fpl$fnaninf                            0x000041c2   Section      140  fnaninf.o(x$fpl$fnaninf)
    x$fpl$fretinf                            0x0000424e   Section       10  fretinf.o(x$fpl$fretinf)
    x$fpl$frleqf                             0x00004258   Section       98  frleqf.o(x$fpl$frleqf)
    x$fpl$fsub                               0x000042bc   Section      234  faddsub_clz.o(x$fpl$fsub)
    _fsub1                                   0x000042cb   Thumb Code     0  faddsub_clz.o(x$fpl$fsub)
    x$fpl$usenofp                            0x000043a6   Section        0  usenofp.o(x$fpl$usenofp)
    .constdata                               0x000043a8   Section      116  ap.o(.constdata)
    .data                                    0x20000000   Section       68  bsp.o(.data)
    ClockFrequency                           0x20000000   Data           4  bsp.o(.data)
    PWMCycles                                0x20000004   Data           2  bsp.o(.data)
    ColStart                                 0x20000012   Data           1  bsp.o(.data)
    RowStart                                 0x20000013   Data           1  bsp.o(.data)
    _width                                   0x20000014   Data           2  bsp.o(.data)
    _height                                  0x20000016   Data           2  bsp.o(.data)
    .data                                    0x20000044   Section       60  os.o(.data)
    realCount                                0x2000007c   Data           4  os.o(.data)
    .data                                    0x20000080   Section      112  robotcar.o(.data)
    .data                                    0x200000f0   Section       68  texas.o(.data)
    count                                    0x20000124   Data           4  texas.o(.data)
    count                                    0x20000128   Data           4  texas.o(.data)
    count                                    0x2000012c   Data           4  texas.o(.data)
    count                                    0x20000130   Data           4  texas.o(.data)
    .data                                    0x20000134   Section        4  servotd8120mg.o(.data)
    .data                                    0x20000138   Section      200  ap.o(.data)
    .data                                    0x20000200   Section       12  uart1.o(.data)
    .data                                    0x2000020c   Section       56  gpio.o(.data)
    .data                                    0x20000244   Section       12  adct0.o(.data)
    .data                                    0x20000250   Section      160  gyroaccelmag.o(.data)
    .bss                                     0x200002f0   Section     8240  os.o(.bss)
    .bss                                     0x20002320   Section      368  ap.o(.bss)
    .bss                                     0x20002490   Section      256  uart1.o(.bss)
    .bss                                     0x20002590   Section      432  gpio.o(.bss)
    .bss                                     0x20002740   Section       72  gyroaccelmag.o(.bss)
    .bss                                     0x20002788   Section       96  libspace.o(.bss)
    HEAP                                     0x200027e8   Section        0  startup_tm4c123.o(HEAP)
    STACK                                    0x200027e8   Section      512  startup_tm4c123.o(STACK)
    Heap_Mem                                 0x200027e8   Data           0  startup_tm4c123.o(HEAP)
    Stack_Mem                                0x200027e8   Data         512  startup_tm4c123.o(STACK)
    __initial_sp                             0x200029e8   Data           0  startup_tm4c123.o(STACK)

    Global Symbols

    Symbol Name                              Value     Ov Type        Size  Object(Section)

    BuildAttributes$$THM_ISAv4$E$P$D$K$B$S$7EM$PE$A:L22UL41UL21$X:L11$S22US41US21$IEEE1$IW$USESV6$~STKCKD$USESV7$~SHL$OSPACE$ROPI$EBA8$UX$STANDARDLIB$REQ8$PRES8$EABIv2 0x00000000   Number         0  anon$$obj.o ABSOLUTE
    __ARM_use_no_argv                        0x00000000   Number         0  robotcar.o ABSOLUTE
    __Vectors                                0x00000000   Data           4  startup_tm4c123.o(RESET)
    __ARM_exceptions_init                     - Undefined Weak Reference
    __alloca_initialize                       - Undefined Weak Reference
    __arm_fini_                               - Undefined Weak Reference
    __arm_preinit_                            - Undefined Weak Reference
    __cpp_initialize__aeabi_                  - Undefined Weak Reference
    __cxa_finalize                            - Undefined Weak Reference
    __rt_locale                               - Undefined Weak Reference
    __sigvec_lookup                           - Undefined Weak Reference
    _atexit_init                              - Undefined Weak Reference
    _call_atexit_fns                          - Undefined Weak Reference
    _clock_init                               - Undefined Weak Reference
    _fp_trap_init                             - Undefined Weak Reference
    _fp_trap_shutdown                         - Undefined Weak Reference
    _get_lc_collate                           - Undefined Weak Reference
    _get_lc_ctype                             - Undefined Weak Reference
    _get_lc_monetary                          - Undefined Weak Reference
    _get_lc_numeric                           - Undefined Weak Reference
    _get_lc_time                              - Undefined Weak Reference
    _getenv_init                              - Undefined Weak Reference
    _handle_redirection                       - Undefined Weak Reference
    _init_alloc                               - Undefined Weak Reference
    _init_user_alloc                          - Undefined Weak Reference
    _initio                                   - Undefined Weak Reference
    _rand_init                                - Undefined Weak Reference
    _signal_finish                            - Undefined Weak Reference
    _signal_init                              - Undefined Weak Reference
    _terminate_alloc                          - Undefined Weak Reference
    _terminate_user_alloc                     - Undefined Weak Reference
    _terminateio                              - Undefined Weak Reference
    __Vectors_End                            0x0000026c   Data           0  startup_tm4c123.o(RESET)
    __Vectors_Size                           0x0000026c   Number         0  startup_tm4c123.o ABSOLUTE
    __main                                   0x0000026d   Thumb Code     8  __main.o(!!!main)
    __scatterload                            0x00000275   Thumb Code     0  __scatter.o(!!!scatter)
    __scatterload_rt2                        0x00000275   Thumb Code    44  __scatter.o(!!!scatter)
    __scatterload_rt2_thumb_only             0x00000275   Thumb Code     0  __scatter.o(!!!scatter)
    __scatterload_null                       0x00000283   Thumb Code     0  __scatter.o(!!!scatter)
    __decompress                             0x000002a9   Thumb Code    90  __dczerorl2.o(!!dczerorl2)
    __decompress1                            0x000002a9   Thumb Code     0  __dczerorl2.o(!!dczerorl2)
    __scatterload_zeroinit                   0x00000305   Thumb Code    28  __scatter_zi.o(!!handler_zi)
    __rt_lib_init                            0x00000321   Thumb Code     0  libinit.o(.ARM.Collect$$libinit$$00000000)
    __rt_lib_init_alloca_1                   0x00000323   Thumb Code     0  libinit2.o(.ARM.Collect$$libinit$$0000002E)
    __rt_lib_init_argv_1                     0x00000323   Thumb Code     0  libinit2.o(.ARM.Collect$$libinit$$0000002C)
    __rt_lib_init_atexit_1                   0x00000323   Thumb Code     0  libinit2.o(.ARM.Collect$$libinit$$0000001B)
    __rt_lib_init_clock_1                    0x00000323   Thumb Code     0  libinit2.o(.ARM.Collect$$libinit$$00000021)
    __rt_lib_init_cpp_1                      0x00000323   Thumb Code     0  libinit2.o(.ARM.Collect$$libinit$$00000032)
    __rt_lib_init_exceptions_1               0x00000323   Thumb Code     0  libinit2.o(.ARM.Collect$$libinit$$00000030)
    __rt_lib_init_fp_1                       0x00000323   Thumb Code     0  libinit2.o(.ARM.Collect$$libinit$$00000002)
    __rt_lib_init_fp_trap_1                  0x00000323   Thumb Code     0  libinit2.o(.ARM.Collect$$libinit$$0000001F)
    __rt_lib_init_getenv_1                   0x00000323   Thumb Code     0  libinit2.o(.ARM.Collect$$libinit$$00000023)
    __rt_lib_init_heap_1                     0x00000323   Thumb Code     0  libinit2.o(.ARM.Collect$$libinit$$0000000A)
    __rt_lib_init_lc_collate_1               0x00000323   Thumb Code     0  libinit2.o(.ARM.Collect$$libinit$$00000011)
    __rt_lib_init_lc_ctype_1                 0x00000323   Thumb Code     0  libinit2.o(.ARM.Collect$$libinit$$00000013)
    __rt_lib_init_lc_monetary_1              0x00000323   Thumb Code     0  libinit2.o(.ARM.Collect$$libinit$$00000015)
    __rt_lib_init_lc_numeric_1               0x00000323   Thumb Code     0  libinit2.o(.ARM.Collect$$libinit$$00000017)
    __rt_lib_init_lc_time_1                  0x00000323   Thumb Code     0  libinit2.o(.ARM.Collect$$libinit$$00000019)
    __rt_lib_init_preinit_1                  0x00000323   Thumb Code     0  libinit2.o(.ARM.Collect$$libinit$$00000004)
    __rt_lib_init_rand_1                     0x00000323   Thumb Code     0  libinit2.o(.ARM.Collect$$libinit$$0000000E)
    __rt_lib_init_return                     0x00000323   Thumb Code     0  libinit2.o(.ARM.Collect$$libinit$$00000033)
    __rt_lib_init_signal_1                   0x00000323   Thumb Code     0  libinit2.o(.ARM.Collect$$libinit$$0000001D)
    __rt_lib_init_stdio_1                    0x00000323   Thumb Code     0  libinit2.o(.ARM.Collect$$libinit$$00000025)
    __rt_lib_init_user_alloc_1               0x00000323   Thumb Code     0  libinit2.o(.ARM.Collect$$libinit$$0000000C)
    __rt_lib_shutdown                        0x00000325   Thumb Code     0  libshutdown.o(.ARM.Collect$$libshutdown$$00000000)
    __rt_lib_shutdown_cpp_1                  0x00000327   Thumb Code     0  libshutdown2.o(.ARM.Collect$$libshutdown$$00000004)
    __rt_lib_shutdown_fini_1                 0x00000327   Thumb Code     0  libshutdown2.o(.ARM.Collect$$libshutdown$$00000002)
    __rt_lib_shutdown_fp_trap_1              0x00000327   Thumb Code     0  libshutdown2.o(.ARM.Collect$$libshutdown$$00000009)
    __rt_lib_shutdown_heap_1                 0x00000327   Thumb Code     0  libshutdown2.o(.ARM.Collect$$libshutdown$$00000011)
    __rt_lib_shutdown_return                 0x00000327   Thumb Code     0  libshutdown2.o(.ARM.Collect$$libshutdown$$00000012)
    __rt_lib_shutdown_signal_1               0x00000327   Thumb Code     0  libshutdown2.o(.ARM.Collect$$libshutdown$$0000000C)
    __rt_lib_shutdown_stdio_1                0x00000327   Thumb Code     0  libshutdown2.o(.ARM.Collect$$libshutdown$$00000006)
    __rt_lib_shutdown_user_alloc_1           0x00000327   Thumb Code     0  libshutdown2.o(.ARM.Collect$$libshutdown$$0000000E)
    __rt_entry                               0x00000329   Thumb Code     0  __rtentry.o(.ARM.Collect$$rtentry$$00000000)
    __rt_entry_presh_1                       0x00000329   Thumb Code     0  __rtentry2.o(.ARM.Collect$$rtentry$$00000002)
    __rt_entry_sh                            0x00000329   Thumb Code     0  __rtentry4.o(.ARM.Collect$$rtentry$$00000004)
    __rt_entry_li                            0x0000032f   Thumb Code     0  __rtentry2.o(.ARM.Collect$$rtentry$$0000000A)
    __rt_entry_postsh_1                      0x0000032f   Thumb Code     0  __rtentry2.o(.ARM.Collect$$rtentry$$00000009)
    __rt_entry_main                          0x00000333   Thumb Code     0  __rtentry2.o(.ARM.Collect$$rtentry$$0000000D)
    __rt_entry_postli_1                      0x00000333   Thumb Code     0  __rtentry2.o(.ARM.Collect$$rtentry$$0000000C)
    __rt_exit                                0x0000033b   Thumb Code     0  rtexit.o(.ARM.Collect$$rtexit$$00000000)
    __rt_exit_ls                             0x0000033d   Thumb Code     0  rtexit2.o(.ARM.Collect$$rtexit$$00000003)
    __rt_exit_prels_1                        0x0000033d   Thumb Code     0  rtexit2.o(.ARM.Collect$$rtexit$$00000002)
    __rt_exit_exit                           0x00000341   Thumb Code     0  rtexit2.o(.ARM.Collect$$rtexit$$00000004)
    delay                                    0x00000349   Thumb Code     6  cortexm_1.o(.emb_text)
    Delay                                    0x00000351   Thumb Code     6  gyroaccelmag.o(.emb_text)
    SysTick_Handler                          0x00000359   Thumb Code     0  osasm.o(.text)
    StartOS                                  0x0000037f   Thumb Code     0  osasm.o(.text)
    Reset_Handler                            0x000003a1   Thumb Code     4  startup_tm4c123.o(.text)
    NMI_Handler                              0x000003a5   Thumb Code     2  startup_tm4c123.o(.text)
    HardFault_Handler                        0x000003a7   Thumb Code     2  startup_tm4c123.o(.text)
    MemManage_Handler                        0x000003a9   Thumb Code     2  startup_tm4c123.o(.text)
    BusFault_Handler                         0x000003ab   Thumb Code     2  startup_tm4c123.o(.text)
    UsageFault_Handler                       0x000003ad   Thumb Code     2  startup_tm4c123.o(.text)
    SVC_Handler                              0x000003af   Thumb Code     2  startup_tm4c123.o(.text)
    DebugMon_Handler                         0x000003b1   Thumb Code     2  startup_tm4c123.o(.text)
    PendSV_Handler                           0x000003b3   Thumb Code     2  startup_tm4c123.o(.text)
    GPIOPortA_Handler                        0x000003b7   Thumb Code     2  startup_tm4c123.o(.text)
    GPIOPortB_Handler                        0x000003b9   Thumb Code     2  startup_tm4c123.o(.text)
    GPIOPortC_Handler                        0x000003bb   Thumb Code     2  startup_tm4c123.o(.text)
    GPIOPortE_Handler                        0x000003bf   Thumb Code     2  startup_tm4c123.o(.text)
    UART0_Handler                            0x000003c1   Thumb Code     2  startup_tm4c123.o(.text)
    SSI0_Handler                             0x000003c5   Thumb Code     2  startup_tm4c123.o(.text)
    I2C0_Handler                             0x000003c7   Thumb Code     2  startup_tm4c123.o(.text)
    PMW0_FAULT_Handler                       0x000003c9   Thumb Code     2  startup_tm4c123.o(.text)
    PWM0Generator0_Handler                   0x000003cb   Thumb Code     2  startup_tm4c123.o(.text)
    PWM0Generator1_Handler                   0x000003cd   Thumb Code     2  startup_tm4c123.o(.text)
    PWM0Generator2_Handler                   0x000003cf   Thumb Code     2  startup_tm4c123.o(.text)
    Quadrature0_Handler                      0x000003d1   Thumb Code     2  startup_tm4c123.o(.text)
    ADC0Seq0_Handler                         0x000003d3   Thumb Code     2  startup_tm4c123.o(.text)
    ADC0Seq1_Handler                         0x000003d5   Thumb Code     2  startup_tm4c123.o(.text)
    ADC0Seq2_Handler                         0x000003d7   Thumb Code     2  startup_tm4c123.o(.text)
    WDT_Handler                              0x000003db   Thumb Code     2  startup_tm4c123.o(.text)
    TIMER0A_Handler                          0x000003dd   Thumb Code     2  startup_tm4c123.o(.text)
    TIMER0B_Handler                          0x000003df   Thumb Code     2  startup_tm4c123.o(.text)
    TIMER1A_Handler                          0x000003e1   Thumb Code     2  startup_tm4c123.o(.text)
    TIMER2A_Handler                          0x000003e5   Thumb Code     2  startup_tm4c123.o(.text)
    TIMER2B_Handler                          0x000003e7   Thumb Code     2  startup_tm4c123.o(.text)
    COMP0_Handler                            0x000003e9   Thumb Code     2  startup_tm4c123.o(.text)
    COMP1_Handler                            0x000003eb   Thumb Code     2  startup_tm4c123.o(.text)
    COMP2_Handler                            0x000003ed   Thumb Code     2  startup_tm4c123.o(.text)
    SYSCTL_Handler                           0x000003ef   Thumb Code     2  startup_tm4c123.o(.text)
    FlashCtl_Handler                         0x000003f1   Thumb Code     2  startup_tm4c123.o(.text)
    GPIOPortF_Handler                        0x000003f3   Thumb Code     2  startup_tm4c123.o(.text)
    GPIOPortG_Handler                        0x000003f5   Thumb Code     2  startup_tm4c123.o(.text)
    GPIOPortH_Handler                        0x000003f7   Thumb Code     2  startup_tm4c123.o(.text)
    UART2_Handler                            0x000003f9   Thumb Code     2  startup_tm4c123.o(.text)
    SSI1_Handler                             0x000003fb   Thumb Code     2  startup_tm4c123.o(.text)
    TIMER3B_Handler                          0x000003ff   Thumb Code     2  startup_tm4c123.o(.text)
    I2C1_Handler                             0x00000401   Thumb Code     2  startup_tm4c123.o(.text)
    Quadrature1_Handler                      0x00000403   Thumb Code     2  startup_tm4c123.o(.text)
    CAN0_Handler                             0x00000405   Thumb Code     2  startup_tm4c123.o(.text)
    CAN1_Handler                             0x00000407   Thumb Code     2  startup_tm4c123.o(.text)
    CAN2_Handler                             0x00000409   Thumb Code     2  startup_tm4c123.o(.text)
    Hibernate_Handler                        0x0000040b   Thumb Code     2  startup_tm4c123.o(.text)
    USB0_Handler                             0x0000040d   Thumb Code     2  startup_tm4c123.o(.text)
    PWM0Generator3_Handler                   0x0000040f   Thumb Code     2  startup_tm4c123.o(.text)
    UDMA_Handler                             0x00000411   Thumb Code     2  startup_tm4c123.o(.text)
    UDMAERR_Handler                          0x00000413   Thumb Code     2  startup_tm4c123.o(.text)
    ADC1Seq0_Handler                         0x00000415   Thumb Code     2  startup_tm4c123.o(.text)
    ADC1Seq1_Handler                         0x00000417   Thumb Code     2  startup_tm4c123.o(.text)
    ADC1Seq2_Handler                         0x00000419   Thumb Code     2  startup_tm4c123.o(.text)
    ADC1Seq3_Handler                         0x0000041b   Thumb Code     2  startup_tm4c123.o(.text)
    GPIOPortJ_Handler                        0x0000041d   Thumb Code     2  startup_tm4c123.o(.text)
    GPIOPortK_Handler                        0x0000041f   Thumb Code     2  startup_tm4c123.o(.text)
    GPIOPortL_Handler                        0x00000421   Thumb Code     2  startup_tm4c123.o(.text)
    SSI2_Handler                             0x00000423   Thumb Code     2  startup_tm4c123.o(.text)
    SSI3_Handler                             0x00000425   Thumb Code     2  startup_tm4c123.o(.text)
    UART3_Handler                            0x00000427   Thumb Code     2  startup_tm4c123.o(.text)
    UART4_Handler                            0x00000429   Thumb Code     2  startup_tm4c123.o(.text)
    UART5_Handler                            0x0000042b   Thumb Code     2  startup_tm4c123.o(.text)
    UART6_Handler                            0x0000042d   Thumb Code     2  startup_tm4c123.o(.text)
    UART7_Handler                            0x0000042f   Thumb Code     2  startup_tm4c123.o(.text)
    I2C2_Handler                             0x00000431   Thumb Code     2  startup_tm4c123.o(.text)
    I2C3_Handler                             0x00000433   Thumb Code     2  startup_tm4c123.o(.text)
    TIMER4A_Handler                          0x00000435   Thumb Code     2  startup_tm4c123.o(.text)
    TIMER4B_Handler                          0x00000437   Thumb Code     2  startup_tm4c123.o(.text)
    TIMER5B_Handler                          0x0000043b   Thumb Code     2  startup_tm4c123.o(.text)
    WideTimer0A_Handler                      0x0000043d   Thumb Code     2  startup_tm4c123.o(.text)
    WideTimer0B_Handler                      0x0000043f   Thumb Code     2  startup_tm4c123.o(.text)
    WideTimer1A_Handler                      0x00000441   Thumb Code     2  startup_tm4c123.o(.text)
    WideTimer1B_Handler                      0x00000443   Thumb Code     2  startup_tm4c123.o(.text)
    WideTimer2A_Handler                      0x00000445   Thumb Code     2  startup_tm4c123.o(.text)
    WideTimer2B_Handler                      0x00000447   Thumb Code     2  startup_tm4c123.o(.text)
    WideTimer3B_Handler                      0x0000044b   Thumb Code     2  startup_tm4c123.o(.text)
    WideTimer4B_Handler                      0x0000044f   Thumb Code     2  startup_tm4c123.o(.text)
    WideTimer5B_Handler                      0x00000453   Thumb Code     2  startup_tm4c123.o(.text)
    FPU_Handler                              0x00000455   Thumb Code     2  startup_tm4c123.o(.text)
    I2C4_Handler                             0x00000457   Thumb Code     2  startup_tm4c123.o(.text)
    I2C5_Handler                             0x00000459   Thumb Code     2  startup_tm4c123.o(.text)
    GPIOPortM_Handler                        0x0000045b   Thumb Code     2  startup_tm4c123.o(.text)
    GPIOPortN_Handler                        0x0000045d   Thumb Code     2  startup_tm4c123.o(.text)
    QEI2_Handler                             0x0000045f   Thumb Code     2  startup_tm4c123.o(.text)
    GPIOPortP0_Handler                       0x00000461   Thumb Code     2  startup_tm4c123.o(.text)
    GPIOPortP1_Handler                       0x00000463   Thumb Code     2  startup_tm4c123.o(.text)
    GPIOPortP2_Handler                       0x00000465   Thumb Code     2  startup_tm4c123.o(.text)
    GPIOPortP3_Handler                       0x00000467   Thumb Code     2  startup_tm4c123.o(.text)
    GPIOPortP4_Handler                       0x00000469   Thumb Code     2  startup_tm4c123.o(.text)
    GPIOPortP5_Handler                       0x0000046b   Thumb Code     2  startup_tm4c123.o(.text)
    GPIOPortP6_Handler                       0x0000046d   Thumb Code     2  startup_tm4c123.o(.text)
    GPIOPortP7_Handler                       0x0000046f   Thumb Code     2  startup_tm4c123.o(.text)
    GPIOPortQ0_Handler                       0x00000471   Thumb Code     2  startup_tm4c123.o(.text)
    GPIOPortQ1_Handler                       0x00000473   Thumb Code     2  startup_tm4c123.o(.text)
    GPIOPortQ2_Handler                       0x00000475   Thumb Code     2  startup_tm4c123.o(.text)
    GPIOPortQ3_Handler                       0x00000477   Thumb Code     2  startup_tm4c123.o(.text)
    GPIOPortQ4_Handler                       0x00000479   Thumb Code     2  startup_tm4c123.o(.text)
    GPIOPortQ5_Handler                       0x0000047b   Thumb Code     2  startup_tm4c123.o(.text)
    GPIOPortQ6_Handler                       0x0000047d   Thumb Code     2  startup_tm4c123.o(.text)
    GPIOPortQ7_Handler                       0x0000047f   Thumb Code     2  startup_tm4c123.o(.text)
    GPIOPortR_Handler                        0x00000481   Thumb Code     2  startup_tm4c123.o(.text)
    GPIOPortS_Handler                        0x00000483   Thumb Code     2  startup_tm4c123.o(.text)
    PWM1Generator0_Handler                   0x00000485   Thumb Code     2  startup_tm4c123.o(.text)
    PWM1Generator1_Handler                   0x00000487   Thumb Code     2  startup_tm4c123.o(.text)
    PWM1Generator2_Handler                   0x00000489   Thumb Code     2  startup_tm4c123.o(.text)
    PWM1Generator3_Handler                   0x0000048b   Thumb Code     2  startup_tm4c123.o(.text)
    PWM1Fault_Handler                        0x0000048d   Thumb Code     2  startup_tm4c123.o(.text)
    DisableInterrupts                        0x00000495   Thumb Code     0  startup_tm4c123.o(.text)
    EnableInterrupts                         0x00000499   Thumb Code     0  startup_tm4c123.o(.text)
    StartCritical                            0x0000049d   Thumb Code     0  startup_tm4c123.o(.text)
    EndCritical                              0x000004a5   Thumb Code     0  startup_tm4c123.o(.text)
    WaitForInterrupt                         0x000004ab   Thumb Code     0  startup_tm4c123.o(.text)
    __user_initial_stackheap                 0x000004af   Thumb Code     0  startup_tm4c123.o(.text)
    __use_two_region_memory                  0x000004c5   Thumb Code     2  heapauxi.o(.text)
    __rt_heap_escrow$2region                 0x000004c7   Thumb Code     2  heapauxi.o(.text)
    __rt_heap_expand$2region                 0x000004c9   Thumb Code     2  heapauxi.o(.text)
    __user_setup_stackheap                   0x000004cb   Thumb Code    74  sys_stackheap_outer.o(.text)
    exit                                     0x00000515   Thumb Code    18  exit.o(.text)
    __user_libspace                          0x00000529   Thumb Code     8  libspace.o(.text)
    __user_perproc_libspace                  0x00000529   Thumb Code     0  libspace.o(.text)
    __user_perthread_libspace                0x00000529   Thumb Code     0  libspace.o(.text)
    _sys_exit                                0x00000531   Thumb Code     8  sys_exit.o(.text)
    __I$use$semihosting                      0x0000053d   Thumb Code     0  use_no_semi.o(.text)
    __use_no_semihosting_swi                 0x0000053d   Thumb Code     2  use_no_semi.o(.text)
    __semihosting_library_function           0x0000053f   Thumb Code     0  indicate_semi.o(.text)
    ADC0Seq3_Handler                         0x00000541   Thumb Code    26  adct0.o(i.ADC0Seq3_Handler)
    ADC0_InitTimer0ATriggerSeq3              0x00000569   Thumb Code  1014  adct0.o(i.ADC0_InitTimer0ATriggerSeq3)
    AD_Init                                  0x00000991   Thumb Code    16  lightsensoe.o(i.AD_Init)
    AP_BackgroundProcess                     0x000009a5   Thumb Code   478  ap.o(i.AP_BackgroundProcess)
    AP_EchoReceived                          0x00000bad   Thumb Code    66  ap.o(i.AP_EchoReceived)
    AP_EchoSendMessage                       0x00000c11   Thumb Code    72  ap.o(i.AP_EchoSendMessage)
    AP_GetSize                               0x00000c65   Thumb Code    14  ap.o(i.AP_GetSize)
    AP_Init                                  0x00000c75   Thumb Code   184  ap.o(i.AP_Init)
    AP_RecvMessage                           0x00000d5d   Thumb Code   292  ap.o(i.AP_RecvMessage)
    AP_RecvStatus                            0x00000e91   Thumb Code    16  ap.o(i.AP_RecvStatus)
    AP_Reset                                 0x00000ea1   Thumb Code    30  ap.o(i.AP_Reset)
    AP_SendMessage                           0x00000ec9   Thumb Code   202  ap.o(i.AP_SendMessage)
    AP_SendMessageResponse                   0x00000f9d   Thumb Code    58  ap.o(i.AP_SendMessageResponse)
    AP_SendNotification                      0x00000fd9   Thumb Code   172  ap.o(i.AP_SendNotification)
    AddCharacteristic                        0x000010a9   Thumb Code   228  ap_services.o(i.AddCharacteristic)
    AddService                               0x000011c9   Thumb Code    36  ap_services.o(i.AddService)
    Angle                                    0x00001205   Thumb Code    96  servotd8120mg.o(i.Angle)
    BSP_Clock_GetFreq                        0x00001269   Thumb Code     6  bsp.o(i.BSP_Clock_GetFreq)
    BSP_Clock_InitFastest                    0x00001275   Thumb Code   126  bsp.o(i.BSP_Clock_InitFastest)
    BSP_PeriodicTask_Init                    0x00001301   Thumb Code   162  bsp.o(i.BSP_PeriodicTask_Init)
    Bluetooth_Init                           0x000013c1   Thumb Code   258  robotcar.o(i.Bluetooth_Init)
    Bluetooth_Read_Buzzer_Value              0x00001595   Thumb Code     2  robotcar.o(i.Bluetooth_Read_Buzzer_Value)
    Bluetooth_Read_Magnet_Value              0x00001597   Thumb Code     2  robotcar.o(i.Bluetooth_Read_Magnet_Value)
    Bluetooth_Read_SpeedSensor_Value         0x00001599   Thumb Code    26  robotcar.o(i.Bluetooth_Read_SpeedSensor_Value)
    Bluetooth_Read_Speed_Backward_Motor_Value 0x000015bd   Thumb Code     2  robotcar.o(i.Bluetooth_Read_Speed_Backward_Motor_Value)
    Bluetooth_Read_Speed_Forward_Motor_Value 0x000015bf   Thumb Code     2  robotcar.o(i.Bluetooth_Read_Speed_Forward_Motor_Value)
    Bluetooth_Read_Stear_Angle_Value         0x000015c1   Thumb Code     2  robotcar.o(i.Bluetooth_Read_Stear_Angle_Value)
    Bluetooth_Read_TempHumidity_Value        0x000015c3   Thumb Code     2  robotcar.o(i.Bluetooth_Read_TempHumidity_Value)
    Bluetooth_Write_Buzzer_Value             0x000015c5   Thumb Code    24  robotcar.o(i.Bluetooth_Write_Buzzer_Value)
    Bluetooth_Write_Magnet_Value             0x000015e1   Thumb Code     2  robotcar.o(i.Bluetooth_Write_Magnet_Value)
    Bluetooth_Write_SpeedSensor_Value        0x000015e3   Thumb Code     2  robotcar.o(i.Bluetooth_Write_SpeedSensor_Value)
    Bluetooth_Write_Speed_Backward_Motor_Value 0x000015e5   Thumb Code    38  robotcar.o(i.Bluetooth_Write_Speed_Backward_Motor_Value)
    Bluetooth_Write_Speed_Forward_Motor_Value 0x00001615   Thumb Code    38  robotcar.o(i.Bluetooth_Write_Speed_Forward_Motor_Value)
    Bluetooth_Write_Stear_Angle_Value        0x00001645   Thumb Code    26  robotcar.o(i.Bluetooth_Write_Stear_Angle_Value)
    Bluetooth_Write_TempHumidity_Value       0x0000166d   Thumb Code     2  robotcar.o(i.Bluetooth_Write_TempHumidity_Value)
    BuildAddCharDescriptorMsg                0x0000166f   Thumb Code    88  ap_services.o(i.BuildAddCharDescriptorMsg)
    BuildAddCharValueMsg                     0x000016c7   Thumb Code    64  ap_services.o(i.BuildAddCharValueMsg)
    BuildAddServiceMsg                       0x00001707   Thumb Code    44  ap_services.o(i.BuildAddServiceMsg)
    BuildGetStatusMsg                        0x00001733   Thumb Code    24  ap_services.o(i.BuildGetStatusMsg)
    BuildGetVersionMsg                       0x0000174b   Thumb Code    24  ap_services.o(i.BuildGetVersionMsg)
    BuildRegisterServiceMsg                  0x00001763   Thumb Code    30  ap_services.o(i.BuildRegisterServiceMsg)
    BuildSetAdvertisementData1Msg            0x00001781   Thumb Code    72  ap_services.o(i.BuildSetAdvertisementData1Msg)
    BuildSetAdvertisementDataMsg             0x000017c9   Thumb Code   160  ap_services.o(i.BuildSetAdvertisementDataMsg)
    BuildSetDeviceNameMsg                    0x00001869   Thumb Code    68  ap_services.o(i.BuildSetDeviceNameMsg)
    BuildStartAdvertisementMsg               0x000018ad   Thumb Code    76  ap_services.o(i.BuildStartAdvertisementMsg)
    BuzzerOff                                0x000018f9   Thumb Code     8  buzzer.o(i.BuzzerOff)
    BuzzerOn                                 0x00001901   Thumb Code    18  buzzer.o(i.BuzzerOn)
    Clock_Delay1ms                           0x00001913   Thumb Code    22  cortexm_1.o(i.Clock_Delay1ms)
    ConfigAccelRange                         0x00001929   Thumb Code   110  gyroaccelmag.o(i.ConfigAccelRange)
    ConfigDlpfBandwidth                      0x000019b9   Thumb Code   106  gyroaccelmag.o(i.ConfigDlpfBandwidth)
    ConfigGyroRange                          0x00001a2d   Thumb Code   110  gyroaccelmag.o(i.ConfigGyroRange)
    ConfigSrd                                0x00001abd   Thumb Code   152  gyroaccelmag.o(i.ConfigSrd)
    DCbackward                               0x00001b5d   Thumb Code    46  dcmotor.o(i.DCbackward)
    DCforward                                0x00001b8b   Thumb Code    46  dcmotor.o(i.DCforward)
    GPIOPortD_Handler                        0x00001bb9   Thumb Code    38  os.o(i.GPIOPortD_Handler)
    GPIO_DC_Init                             0x00001be9   Thumb Code    16  gpio.o(i.GPIO_DC_Init)
    GPIO_Init                                0x00001bf9   Thumb Code   274  gpio.o(i.GPIO_Init)
    GetStatus                                0x00001d35   Thumb Code    58  ap_services.o(i.GetStatus)
    GetVersion                               0x00001d89   Thumb Code    42  ap_services.o(i.GetVersion)
    I2C1_Init                                0x00001dcd   Thumb Code   126  i2c1.o(i.I2C1_Init)
    I2C1_Recv                                0x00001e61   Thumb Code    82  i2c1.o(i.I2C1_Recv)
    I2C1_RecvByte                            0x00001eb9   Thumb Code    52  i2c1.o(i.I2C1_RecvByte)
    I2C1_RecvByteStart                       0x00001ef1   Thumb Code    84  i2c1.o(i.I2C1_RecvByteStart)
    I2C1_RecvByteStop                        0x00001f49   Thumb Code    52  i2c1.o(i.I2C1_RecvByteStop)
    I2C1_Send1                               0x00001f81   Thumb Code    68  i2c1.o(i.I2C1_Send1)
    I2C1_Send2                               0x00001fc9   Thumb Code    94  i2c1.o(i.I2C1_Send2)
    I2C3_Init                                0x0000202d   Thumb Code   124  i2c3.o(i.I2C3_Init)
    I2C3_Recv6                               0x000020bd   Thumb Code   212  i2c3.o(i.I2C3_Recv6)
    I2C3_Send1                               0x00002195   Thumb Code    68  i2c3.o(i.I2C3_Send1)
    I2C3_Send3                               0x000021dd   Thumb Code   170  i2c3.o(i.I2C3_Send3)
    Init_MPU9250                             0x0000228d   Thumb Code   496  gyroaccelmag.o(i.Init_MPU9250)
    OS_AddThreads                            0x00002491   Thumb Code   412  os.o(i.OS_AddThreads)
    OS_Init                                  0x0000264d   Thumb Code    28  os.o(i.OS_Init)
    OS_InitSemaphore                         0x0000266d   Thumb Code     4  os.o(i.OS_InitSemaphore)
    OS_Launch                                0x00002671   Thumb Code    48  os.o(i.OS_Launch)
    OS_Signal                                0x000026a5   Thumb Code    46  os.o(i.OS_Signal)
    OS_Sleep                                 0x000026d9   Thumb Code    16  os.o(i.OS_Sleep)
    OS_Suspend                               0x000026ed   Thumb Code    18  os.o(i.OS_Suspend)
    OS_Wait                                  0x00002705   Thumb Code    40  os.o(i.OS_Wait)
    PLL_Init                                 0x00002731   Thumb Code   120  pll.o(i.PLL_Init)
    PWM0_0_B_Duty                            0x000027ad   Thumb Code     8  pwm.o(i.PWM0_0_B_Duty)
    PWM0_0_B_Init                            0x000027b9   Thumb Code   172  pwm.o(i.PWM0_0_B_Init)
    PWM0_0_B_disable                         0x00002879   Thumb Code    14  pwm.o(i.PWM0_0_B_disable)
    PWM0_0_B_enable                          0x0000288d   Thumb Code    14  pwm.o(i.PWM0_0_B_enable)
    PWM0_3_A_Duty                            0x000028a1   Thumb Code     8  pwm.o(i.PWM0_3_A_Duty)
    PWM0_3_A_Init                            0x000028ad   Thumb Code   208  pwm.o(i.PWM0_3_A_Init)
    PWM0_3_A_disable                         0x00002995   Thumb Code    14  pwm.o(i.PWM0_3_A_disable)
    PWM0_3_A_enable                          0x000029a9   Thumb Code    14  pwm.o(i.PWM0_3_A_enable)
    PeriodMeasure_Init                       0x000029bd   Thumb Code   196  gpio.o(i.PeriodMeasure_Init)
    PortB_2_3_init                           0x00002aa1   Thumb Code   104  gpio.o(i.PortB_2_3_init)
    PortB_2_disable                          0x00002b1d   Thumb Code    16  gpio.o(i.PortB_2_disable)
    PortB_2_enable                           0x00002b35   Thumb Code    16  gpio.o(i.PortB_2_enable)
    PortB_3_disable                          0x00002b4d   Thumb Code    16  gpio.o(i.PortB_3_disable)
    PortB_3_enable                           0x00002b65   Thumb Code    16  gpio.o(i.PortB_3_enable)
    Read                                     0x00002b7d   Thumb Code   442  gyroaccelmag.o(i.Read)
    ReadAk8963Registers                      0x00002d69   Thumb Code    72  gyroaccelmag.o(i.ReadAk8963Registers)
    ReadMagnetometerData                     0x00002db1   Thumb Code    74  gyroaccelmag.o(i.ReadMagnetometerData)
    ReadRegisters                            0x00002e05   Thumb Code   110  gyroaccelmag.o(i.ReadRegisters)
    RegisterService                          0x00002e75   Thumb Code    32  ap_services.o(i.RegisterService)
    RxFifo_Get                               0x00002eb1   Thumb Code    44  uart1.o(i.RxFifo_Get)
    RxFifo_Init                              0x00002ee9   Thumb Code    16  uart1.o(i.RxFifo_Init)
    RxFifo_Put                               0x00002f05   Thumb Code    56  uart1.o(i.RxFifo_Put)
    Scheduler                                0x00002f4d   Thumb Code    42  os.o(i.Scheduler)
    SetFCS                                   0x00002f7d   Thumb Code    38  ap_services.o(i.SetFCS)
    SetInitialStack                          0x00002fa5   Thumb Code   328  os.o(i.SetInitialStack)
    StartAdvertisement                       0x000030f5   Thumb Code   120  ap_services.o(i.StartAdvertisement)
    TIMER1B_Handler                          0x000031e1   Thumb Code    92  gpio.o(i.TIMER1B_Handler)
    TIMER3A_Handler                          0x00003259   Thumb Code   776  gpio.o(i.TIMER3A_Handler)
    TIMER5A_Handler                          0x00003599   Thumb Code    16  texas.o(i.TIMER5A_Handler)
    TIMER_1_A_PWM_Duty                       0x000035b1   Thumb Code    12  pwm.o(i.TIMER_1_A_PWM_Duty)
    TIMER_1_A_PWM_Init                       0x000035c1   Thumb Code   126  pwm.o(i.TIMER_1_A_PWM_Init)
    TIMER_1_A_PWM_disable                    0x00003655   Thumb Code    14  pwm.o(i.TIMER_1_A_PWM_disable)
    TIMER_1_A_PWM_enable                     0x00003669   Thumb Code    14  pwm.o(i.TIMER_1_A_PWM_enable)
    Task0                                    0x0000367d   Thumb Code    68  robotcar.o(i.Task0)
    Task1                                    0x000036cd   Thumb Code    10  robotcar.o(i.Task1)
    Task2                                    0x000036dd   Thumb Code     4  robotcar.o(i.Task2)
    Task3                                    0x000036e1   Thumb Code    28  robotcar.o(i.Task3)
    Task4                                    0x00003705   Thumb Code     4  robotcar.o(i.Task4)
    Task5                                    0x00003709   Thumb Code    34  robotcar.o(i.Task5)
    Task6                                    0x00003735   Thumb Code    28  robotcar.o(i.Task6)
    Task7                                    0x0000375d   Thumb Code     4  robotcar.o(i.Task7)
    Task8                                    0x00003761   Thumb Code     4  robotcar.o(i.Task8)
    Task9                                    0x00003765   Thumb Code     4  robotcar.o(i.Task9)
    TempHumiditySensor_End                   0x00003769   Thumb Code    14  temphumidity.o(i.TempHumiditySensor_End)
    TempHumiditySensor_Start                 0x00003777   Thumb Code    24  temphumidity.o(i.TempHumiditySensor_Start)
    Timer3_Init                              0x00003791   Thumb Code   102  gpio.o(i.Timer3_Init)
    UART0_Init                               0x00003829   Thumb Code   160  uart0.o(i.UART0_Init)
    UART0_OutChar                            0x000038e1   Thumb Code    20  uart0.o(i.UART0_OutChar)
    UART0_OutString                          0x000038f9   Thumb Code    24  uart0.o(i.UART0_OutString)
    UART0_OutUHex                            0x00003911   Thumb Code    52  uart0.o(i.UART0_OutUHex)
    UART0_OutUHex2                           0x00003945   Thumb Code    20  uart0.o(i.UART0_OutUHex2)
    UART1_FinishOutput                       0x00003959   Thumb Code    30  uart1.o(i.UART1_FinishOutput)
    UART1_Handler                            0x0000397d   Thumb Code    44  uart1.o(i.UART1_Handler)
    UART1_InChar                             0x000039ad   Thumb Code    20  uart1.o(i.UART1_InChar)
    UART1_InStatus                           0x000039c1   Thumb Code    14  uart1.o(i.UART1_InStatus)
    UART1_Init                               0x000039d9   Thumb Code   180  uart1.o(i.UART1_Init)
    UART1_OutChar                            0x00003aa5   Thumb Code    20  uart1.o(i.UART1_OutChar)
    WideTimer3A_Handler                      0x00003abd   Thumb Code    16  bsp.o(i.WideTimer3A_Handler)
    WideTimer4A_Handler                      0x00003ad5   Thumb Code    16  bsp.o(i.WideTimer4A_Handler)
    WideTimer5A_Handler                      0x00003aed   Thumb Code    16  bsp.o(i.WideTimer5A_Handler)
    WriteAk8963Register                      0x00003b05   Thumb Code    94  gyroaccelmag.o(i.WriteAk8963Register)
    WriteRegisterByte                        0x00003b63   Thumb Code    22  gyroaccelmag.o(i.WriteRegisterByte)
    main                                     0x00003ba1   Thumb Code   198  robotcar.o(i.main)
    outnibble                                0x00003ca1   Thumb Code    32  uart0.o(i.outnibble)
    servoupdownarm                           0x00003cf9   Thumb Code    14  servotd8120mg.o(i.servoupdownarm)
    setDesiredSpeed                          0x00003d09   Thumb Code    22  gpio.o(i.setDesiredSpeed)
    __aeabi_fadd                             0x00003d29   Thumb Code     0  faddsub_clz.o(x$fpl$fadd)
    _fadd                                    0x00003d29   Thumb Code   196  faddsub_clz.o(x$fpl$fadd)
    __fpl_fcmp_Inf                           0x00003ded   Thumb Code    24  fcmpi.o(x$fpl$fcmpinf)
    __aeabi_fdiv                             0x00003e05   Thumb Code     0  fdiv.o(x$fpl$fdiv)
    _fdiv                                    0x00003e05   Thumb Code   384  fdiv.o(x$fpl$fdiv)
    __aeabi_cfcmpeq                          0x00003f89   Thumb Code     0  feqf.o(x$fpl$feqf)
    _fcmpeq                                  0x00003f89   Thumb Code   104  feqf.o(x$fpl$feqf)
    __aeabi_f2uiz                            0x00003ff1   Thumb Code     0  ffixu.o(x$fpl$ffixu)
    _ffixu                                   0x00003ff1   Thumb Code    62  ffixu.o(x$fpl$ffixu)
    __aeabi_ui2f                             0x00004031   Thumb Code     0  fflt_clz.o(x$fpl$ffltu)
    _ffltu                                   0x00004031   Thumb Code    38  fflt_clz.o(x$fpl$ffltu)
    __aeabi_cfcmple                          0x00004059   Thumb Code     0  fleqf.o(x$fpl$fleqf)
    _fcmple                                  0x00004059   Thumb Code   104  fleqf.o(x$fpl$fleqf)
    __fpl_fcmple_InfNaN                      0x000040ab   Thumb Code     0  fleqf.o(x$fpl$fleqf)
    __aeabi_fmul                             0x000040c1   Thumb Code     0  fmul.o(x$fpl$fmul)
    _fmul                                    0x000040c1   Thumb Code   258  fmul.o(x$fpl$fmul)
    __fpl_fnaninf                            0x000041c3   Thumb Code   140  fnaninf.o(x$fpl$fnaninf)
    __fpl_fretinf                            0x0000424f   Thumb Code    10  fretinf.o(x$fpl$fretinf)
    __aeabi_cfrcmple                         0x00004259   Thumb Code     0  frleqf.o(x$fpl$frleqf)
    _frcmple                                 0x00004259   Thumb Code    98  frleqf.o(x$fpl$frleqf)
    __aeabi_fsub                             0x000042bd   Thumb Code     0  faddsub_clz.o(x$fpl$fsub)
    _fsub                                    0x000042bd   Thumb Code   234  faddsub_clz.o(x$fpl$fsub)
    __I$use$fp                               0x000043a6   Number         0  usenofp.o(x$fpl$usenofp)
    RECVSIZE                                 0x000043a8   Data           4  ap.o(.constdata)
    HCI_EXT_ResetSystemCmd                   0x000043ac   Data           9  ap.o(.constdata)
    NPI_GetStatus                            0x000043b5   Data           6  ap.o(.constdata)
    NPI_GetVersion                           0x000043bb   Data           6  ap.o(.constdata)
    NPI_Register                             0x000043c1   Data           6  ap.o(.constdata)
    NPI_SetAdvertisement1                    0x000043c7   Data          17  ap.o(.constdata)
    NPI_SetAdvertisementSAP                  0x000043d8   Data          37  ap.o(.constdata)
    NPI_StartAdvertisement                   0x000043fd   Data          20  ap.o(.constdata)
    MAXCHARACTERISTICS                       0x00004414   Data           4  ap.o(.constdata)
    NOTIFYMAXCHARACTERISTICS                 0x00004418   Data           4  ap.o(.constdata)
    Region$$Table$$Base                      0x0000441c   Number         0  anon$$obj.o(Region$$Table)
    Region$$Table$$Limit                     0x0000443c   Number         0  anon$$obj.o(Region$$Table)
    StX                                      0x20000008   Data           4  bsp.o(.data)
    StY                                      0x2000000c   Data           4  bsp.o(.data)
    StTextColor                              0x20000010   Data           2  bsp.o(.data)
    Messageindex                             0x20000018   Data           4  bsp.o(.data)
    TimeIndex                                0x2000001c   Data           4  bsp.o(.data)
    Ymax                                     0x20000020   Data           4  bsp.o(.data)
    Ymin                                     0x20000024   Data           4  bsp.o(.data)
    Yrange                                   0x20000028   Data           4  bsp.o(.data)
    PlotBGColor                              0x2000002c   Data           2  bsp.o(.data)
    PeriodicTask                             0x20000030   Data           4  bsp.o(.data)
    PeriodicTaskB                            0x20000034   Data           4  bsp.o(.data)
    PeriodicTaskC                            0x20000038   Data           4  bsp.o(.data)
    LightBusy                                0x2000003c   Data           4  bsp.o(.data)
    TempBusy                                 0x20000040   Data           4  bsp.o(.data)
    RunPt                                    0x20000044   Data           4  os.o(.data)
    PeriodUserTask                           0x20000048   Data           4  os.o(.data)
    periodTask                               0x2000004c   Data           4  os.o(.data)
    Counter                                  0x20000050   Data           4  os.o(.data)
    periodicThreadCnt                        0x20000054   Data           4  os.o(.data)
    PutI                                     0x20000058   Data           4  os.o(.data)
    GetI                                     0x2000005c   Data           4  os.o(.data)
    CurrentSize                              0x20000060   Data           4  os.o(.data)
    LostData                                 0x20000064   Data           4  os.o(.data)
    PeriodicSemaphore0                       0x20000068   Data           4  os.o(.data)
    Period0                                  0x2000006c   Data           4  os.o(.data)
    PeriodicSemaphore1                       0x20000070   Data           4  os.o(.data)
    Period1                                  0x20000074   Data           4  os.o(.data)
    edgeSemaphore                            0x20000078   Data           4  os.o(.data)
    Time                                     0x20000080   Data           4  robotcar.o(.data)
    Steps                                    0x20000084   Data           4  robotcar.o(.data)
    Magnitude                                0x20000088   Data           4  robotcar.o(.data)
    EWMA                                     0x2000008c   Data           4  robotcar.o(.data)
    SoundData                                0x20000090   Data           2  robotcar.o(.data)
    SoundAvg                                 0x20000094   Data           4  robotcar.o(.data)
    SoundRMS                                 0x20000098   Data           4  robotcar.o(.data)
    LightData                                0x2000009c   Data           4  robotcar.o(.data)
    TemperatureData                          0x200000a0   Data           4  robotcar.o(.data)
    TemperatureByteData                      0x200000a4   Data           1  robotcar.o(.data)
    SpeedWheels                              0x200000a8   Data           4  robotcar.o(.data)
    DirectionWheels                          0x200000ac   Data           4  robotcar.o(.data)
    AngleWheels                              0x200000b0   Data           4  robotcar.o(.data)
    BuzzerVolume                             0x200000b4   Data           4  robotcar.o(.data)
    tempHumidityData                         0x200000b8   Data           6  robotcar.o(.data)
    magnetometerData                         0x200000be   Data           6  robotcar.o(.data)
    magnetometerData2                        0x200000c4   Data           6  robotcar.o(.data)
    speedPhotoData                           0x200000ca   Data           3  robotcar.o(.data)
    ControlledSpeed                          0x200000d0   Data           4  robotcar.o(.data)
    lastLightIntensity                       0x200000d4   Data           4  robotcar.o(.data)
    NewBluetoothDirectionData                0x200000d8   Data           4  robotcar.o(.data)
    NewBluetoothSpeedData                    0x200000dc   Data           4  robotcar.o(.data)
    AnglePositionChanged                     0x200000e0   Data           4  robotcar.o(.data)
    NewTempHumidityData                      0x200000e4   Data           4  robotcar.o(.data)
    SendTempHumidityFlag                     0x200000e8   Data           1  robotcar.o(.data)
    SendMagnetometerFlag                     0x200000e9   Data           1  robotcar.o(.data)
    TakeJoystickData                         0x200000ea   Data           1  robotcar.o(.data)
    Count0                                   0x200000ec   Data           4  robotcar.o(.data)
    LogicData                                0x200000f0   Data           1  texas.o(.data)
    Id                                       0x200000f4   Data           4  texas.o(.data)
    Index0                                   0x200000f8   Data           4  texas.o(.data)
    Index1                                   0x200000fc   Data           4  texas.o(.data)
    Index2                                   0x20000100   Data           4  texas.o(.data)
    Index3                                   0x20000104   Data           4  texas.o(.data)
    Index4                                   0x20000108   Data           4  texas.o(.data)
    Index5                                   0x2000010c   Data           4  texas.o(.data)
    Index6                                   0x20000110   Data           4  texas.o(.data)
    PeriodicTask2                            0x20000114   Data           4  texas.o(.data)
    Messageindexb                            0x20000118   Data           4  texas.o(.data)
    Messageb                                 0x2000011c   Data           8  texas.o(.data)
    Duty                                     0x20000134   Data           4  servotd8120mg.o(.data)
    fcserr                                   0x20000138   Data           4  ap.o(.data)
    TimeOutErr                               0x2000013c   Data           4  ap.o(.data)
    NoSOFErr                                 0x20000140   Data           4  ap.o(.data)
    NPI_AddService                           0x20000144   Data           9  ap.o(.data)
    NPI_GATTSetDeviceName                    0x2000014d   Data          28  ap.o(.data)
    NPI_SetAdvertisementData                 0x20000169   Data          37  ap.o(.data)
    NPI_ReadConfirmation                     0x2000018e   Data          21  ap.o(.data)
    NPI_WriteConfirmation                    0x200001a3   Data           9  ap.o(.data)
    NPI_CCCDUpdatedConfirmation              0x200001ac   Data           9  ap.o(.data)
    NPI_SendNotificationIndication           0x200001b5   Data          18  ap.o(.data)
    NPI_AddCharValue                         0x200001c7   Data          14  ap.o(.data)
    NPI_AddCharDescriptor                    0x200001d5   Data          32  ap.o(.data)
    CharacteristicCount                      0x200001f8   Data           4  ap.o(.data)
    NotifyCharacteristicCount                0x200001fc   Data           4  ap.o(.data)
    RxPutI                                   0x20000200   Data           4  uart1.o(.data)
    RxGetI                                   0x20000204   Data           4  uart1.o(.data)
    RxFifoLost                               0x20000208   Data           4  uart1.o(.data)
    CountInterrupt                           0x2000020c   Data           4  gpio.o(.data)
    Period                                   0x20000210   Data           4  gpio.o(.data)
    PeriodTemp                               0x20000214   Data           4  gpio.o(.data)
    First                                    0x20000218   Data           4  gpio.o(.data)
    Last                                     0x2000021c   Data           4  gpio.o(.data)
    DoneRising                               0x20000220   Data           4  gpio.o(.data)
    DonePeriod                               0x20000224   Data           4  gpio.o(.data)
    edgeIndex                                0x20000228   Data           4  gpio.o(.data)
    countEdge                                0x2000022c   Data           4  gpio.o(.data)
    measuredSpeed                            0x20000230   Data           4  gpio.o(.data)
    desiredSpeed                             0x20000234   Data           4  gpio.o(.data)
    E                                        0x20000238   Data           4  gpio.o(.data)
    O                                        0x2000023c   Data           4  gpio.o(.data)
    direction                                0x20000240   Data           4  gpio.o(.data)
    lightIntensity                           0x20000244   Data           4  adct0.o(.data)
    ADCvalue                                 0x20000248   Data           4  adct0.o(.data)
    ADCvalueVolt                             0x2000024c   Data           4  adct0.o(.data)
    new_imu_data_                            0x20000250   Data           4  gyroaccelmag.o(.data)
    new_mag_data_                            0x20000254   Data           4  gyroaccelmag.o(.data)
    mag_sensor_overflow_                     0x20000258   Data           4  gyroaccelmag.o(.data)
    mag_data_                                0x2000025c   Data           8  gyroaccelmag.o(.data)
    accel_cnts_                              0x20000264   Data           6  gyroaccelmag.o(.data)
    gyro_cnts_                               0x2000026a   Data           6  gyroaccelmag.o(.data)
    temp_cnts_                               0x20000270   Data           2  gyroaccelmag.o(.data)
    mag_cnts_                                0x20000272   Data           6  gyroaccelmag.o(.data)
    accel_cnts_u                             0x20000278   Data           6  gyroaccelmag.o(.data)
    gyro_cnts_u                              0x2000027e   Data           6  gyroaccelmag.o(.data)
    temp_cnts_u                              0x20000284   Data           2  gyroaccelmag.o(.data)
    mag_cnts_u                               0x20000286   Data           6  gyroaccelmag.o(.data)
    temp_                                    0x2000028c   Data           4  gyroaccelmag.o(.data)
    accel_scale_                             0x20000290   Data           4  gyroaccelmag.o(.data)
    requested_accel_scale_                   0x20000294   Data           4  gyroaccelmag.o(.data)
    gyro_scale_                              0x20000298   Data           4  gyroaccelmag.o(.data)
    requested_gyro_scale_                    0x2000029c   Data           4  gyroaccelmag.o(.data)
    srd_                                     0x200002a0   Data           1  gyroaccelmag.o(.data)
    who_am_i_                                0x200002a1   Data           1  gyroaccelmag.o(.data)
    asa_buff_                                0x200002a2   Data           3  gyroaccelmag.o(.data)
    accel_range_                             0x200002a5   Data           1  gyroaccelmag.o(.data)
    requested_accel_range_                   0x200002a6   Data           1  gyroaccelmag.o(.data)
    gyro_range_                              0x200002a7   Data           1  gyroaccelmag.o(.data)
    requested_gyro_range_                    0x200002a8   Data           1  gyroaccelmag.o(.data)
    dlpf_bandwidth_                          0x200002a9   Data           1  gyroaccelmag.o(.data)
    requested_dlpf_                          0x200002aa   Data           1  gyroaccelmag.o(.data)
    rawDataShort                             0x200002ac   Data           2  gyroaccelmag.o(.data)
    rawDataLong                              0x200002b0   Data           4  gyroaccelmag.o(.data)
    newMagData                               0x200002b4   Data           4  gyroaccelmag.o(.data)
    new_imu_data                             0x200002b8   Data           4  gyroaccelmag.o(.data)
    accel_x_mps2                             0x200002bc   Data           2  gyroaccelmag.o(.data)
    accel_y_mps2                             0x200002be   Data           2  gyroaccelmag.o(.data)
    accel_z_mps2                             0x200002c0   Data           2  gyroaccelmag.o(.data)
    mag_x_ut_f                               0x200002c4   Data           4  gyroaccelmag.o(.data)
    mag_y_ut_f                               0x200002c8   Data           4  gyroaccelmag.o(.data)
    mag_z_ut_f                               0x200002cc   Data           4  gyroaccelmag.o(.data)
    mag_x_ut_u                               0x200002d0   Data           2  gyroaccelmag.o(.data)
    mag_y_ut_u                               0x200002d2   Data           2  gyroaccelmag.o(.data)
    mag_z_ut_u                               0x200002d4   Data           2  gyroaccelmag.o(.data)
    accel_x_mps2_u                           0x200002d6   Data           2  gyroaccelmag.o(.data)
    accel_y_mps2_u                           0x200002d8   Data           2  gyroaccelmag.o(.data)
    accel_z_mps2_u                           0x200002da   Data           2  gyroaccelmag.o(.data)
    gyro_x_radps_u                           0x200002dc   Data           2  gyroaccelmag.o(.data)
    gyro_y_radps_u                           0x200002de   Data           2  gyroaccelmag.o(.data)
    gyro_z_radps_u                           0x200002e0   Data           2  gyroaccelmag.o(.data)
    die_temp_c                               0x200002e4   Data           4  gyroaccelmag.o(.data)
    whoAmI                                   0x200002e8   Data           1  gyroaccelmag.o(.data)
    AxelXY                                   0x200002ea   Data           2  gyroaccelmag.o(.data)
    AxelXY_2                                 0x200002ec   Data           2  gyroaccelmag.o(.data)
    x                                        0x200002ee   Data           1  gyroaccelmag.o(.data)
    y                                        0x200002ef   Data           1  gyroaccelmag.o(.data)
    tcbs                                     0x200002f0   Data         200  os.o(.bss)
    Stacks                                   0x200003b8   Data        8000  os.o(.bss)
    Fifo                                     0x200022f8   Data          40  os.o(.bss)
    RecvBuf                                  0x20002320   Data         128  ap.o(.bss)
    CharacteristicList                       0x200023a0   Data         160  ap.o(.bss)
    NotifyCharacteristicList                 0x20002440   Data          80  ap.o(.bss)
    RxFIFO                                   0x20002490   Data         256  uart1.o(.bss)
    lastPeriods                              0x20002590   Data         400  gpio.o(.bss)
    PID                                      0x20002720   Data          32  gpio.o(.bss)
    data_buf_                                0x20002740   Data          23  gyroaccelmag.o(.bss)
    accel_                                   0x20002758   Data          12  gyroaccelmag.o(.bss)
    gyro_                                    0x20002764   Data          12  gyroaccelmag.o(.bss)
    mag_                                     0x20002770   Data          12  gyroaccelmag.o(.bss)
    mag_scale_                               0x2000277c   Data          12  gyroaccelmag.o(.bss)
    __libspace_start                         0x20002788   Data          96  libspace.o(.bss)
    __temporary_stack_top$libspace           0x200027e8   Data           0  libspace.o(.bss)



==============================================================================

Memory Map of the image

  Image Entry point : 0x000003a1

  Load Region LR_1 (Base: 0x00000000, Size: 0x0000472c, Max: 0xffffffff, ABSOLUTE, COMPRESSED[0x000044d8])

    Execution Region ER_RO (Exec base: 0x00000000, Load base: 0x00000000, Size: 0x0000443c, Max: 0xffffffff, ABSOLUTE)

    Exec Addr    Load Addr    Size         Type   Attr      Idx    E Section Name        Object

    0x00000000   0x00000000   0x0000026c   Data   RO         2210    RESET               startup_tm4c123.o
    0x0000026c   0x0000026c   0x00000008   Code   RO         2282  * !!!main             c_w.l(__main.o)
    0x00000274   0x00000274   0x00000034   Code   RO         2478    !!!scatter          c_w.l(__scatter.o)
    0x000002a8   0x000002a8   0x0000005a   Code   RO         2476    !!dczerorl2         c_w.l(__dczerorl2.o)
    0x00000302   0x00000302   0x00000002   PAD
    0x00000304   0x00000304   0x0000001c   Code   RO         2480    !!handler_zi        c_w.l(__scatter_zi.o)
    0x00000320   0x00000320   0x00000002   Code   RO         2344    .ARM.Collect$$libinit$$00000000  c_w.l(libinit.o)
    0x00000322   0x00000322   0x00000000   Code   RO         2351    .ARM.Collect$$libinit$$00000002  c_w.l(libinit2.o)
    0x00000322   0x00000322   0x00000000   Code   RO         2353    .ARM.Collect$$libinit$$00000004  c_w.l(libinit2.o)
    0x00000322   0x00000322   0x00000000   Code   RO         2356    .ARM.Collect$$libinit$$0000000A  c_w.l(libinit2.o)
    0x00000322   0x00000322   0x00000000   Code   RO         2358    .ARM.Collect$$libinit$$0000000C  c_w.l(libinit2.o)
    0x00000322   0x00000322   0x00000000   Code   RO         2360    .ARM.Collect$$libinit$$0000000E  c_w.l(libinit2.o)
    0x00000322   0x00000322   0x00000000   Code   RO         2363    .ARM.Collect$$libinit$$00000011  c_w.l(libinit2.o)
    0x00000322   0x00000322   0x00000000   Code   RO         2365    .ARM.Collect$$libinit$$00000013  c_w.l(libinit2.o)
    0x00000322   0x00000322   0x00000000   Code   RO         2367    .ARM.Collect$$libinit$$00000015  c_w.l(libinit2.o)
    0x00000322   0x00000322   0x00000000   Code   RO         2369    .ARM.Collect$$libinit$$00000017  c_w.l(libinit2.o)
    0x00000322   0x00000322   0x00000000   Code   RO         2371    .ARM.Collect$$libinit$$00000019  c_w.l(libinit2.o)
    0x00000322   0x00000322   0x00000000   Code   RO         2373    .ARM.Collect$$libinit$$0000001B  c_w.l(libinit2.o)
    0x00000322   0x00000322   0x00000000   Code   RO         2375    .ARM.Collect$$libinit$$0000001D  c_w.l(libinit2.o)
    0x00000322   0x00000322   0x00000000   Code   RO         2377    .ARM.Collect$$libinit$$0000001F  c_w.l(libinit2.o)
    0x00000322   0x00000322   0x00000000   Code   RO         2379    .ARM.Collect$$libinit$$00000021  c_w.l(libinit2.o)
    0x00000322   0x00000322   0x00000000   Code   RO         2381    .ARM.Collect$$libinit$$00000023  c_w.l(libinit2.o)
    0x00000322   0x00000322   0x00000000   Code   RO         2383    .ARM.Collect$$libinit$$00000025  c_w.l(libinit2.o)
    0x00000322   0x00000322   0x00000000   Code   RO         2387    .ARM.Collect$$libinit$$0000002C  c_w.l(libinit2.o)
    0x00000322   0x00000322   0x00000000   Code   RO         2389    .ARM.Collect$$libinit$$0000002E  c_w.l(libinit2.o)
    0x00000322   0x00000322   0x00000000   Code   RO         2391    .ARM.Collect$$libinit$$00000030  c_w.l(libinit2.o)
    0x00000322   0x00000322   0x00000000   Code   RO         2393    .ARM.Collect$$libinit$$00000032  c_w.l(libinit2.o)
    0x00000322   0x00000322   0x00000002   Code   RO         2394    .ARM.Collect$$libinit$$00000033  c_w.l(libinit2.o)
    0x00000324   0x00000324   0x00000002   Code   RO         2414    .ARM.Collect$$libshutdown$$00000000  c_w.l(libshutdown.o)
    0x00000326   0x00000326   0x00000000   Code   RO         2427    .ARM.Collect$$libshutdown$$00000002  c_w.l(libshutdown2.o)
    0x00000326   0x00000326   0x00000000   Code   RO         2429    .ARM.Collect$$libshutdown$$00000004  c_w.l(libshutdown2.o)
    0x00000326   0x00000326   0x00000000   Code   RO         2431    .ARM.Collect$$libshutdown$$00000006  c_w.l(libshutdown2.o)
    0x00000326   0x00000326   0x00000000   Code   RO         2434    .ARM.Collect$$libshutdown$$00000009  c_w.l(libshutdown2.o)
    0x00000326   0x00000326   0x00000000   Code   RO         2437    .ARM.Collect$$libshutdown$$0000000C  c_w.l(libshutdown2.o)
    0x00000326   0x00000326   0x00000000   Code   RO         2439    .ARM.Collect$$libshutdown$$0000000E  c_w.l(libshutdown2.o)
    0x00000326   0x00000326   0x00000000   Code   RO         2442    .ARM.Collect$$libshutdown$$00000011  c_w.l(libshutdown2.o)
    0x00000326   0x00000326   0x00000002   Code   RO         2443    .ARM.Collect$$libshutdown$$00000012  c_w.l(libshutdown2.o)
    0x00000328   0x00000328   0x00000000   Code   RO         2310    .ARM.Collect$$rtentry$$00000000  c_w.l(__rtentry.o)
    0x00000328   0x00000328   0x00000000   Code   RO         2321    .ARM.Collect$$rtentry$$00000002  c_w.l(__rtentry2.o)
    0x00000328   0x00000328   0x00000006   Code   RO         2333    .ARM.Collect$$rtentry$$00000004  c_w.l(__rtentry4.o)
    0x0000032e   0x0000032e   0x00000000   Code   RO         2323    .ARM.Collect$$rtentry$$00000009  c_w.l(__rtentry2.o)
    0x0000032e   0x0000032e   0x00000004   Code   RO         2324    .ARM.Collect$$rtentry$$0000000A  c_w.l(__rtentry2.o)
    0x00000332   0x00000332   0x00000000   Code   RO         2326    .ARM.Collect$$rtentry$$0000000C  c_w.l(__rtentry2.o)
    0x00000332   0x00000332   0x00000008   Code   RO         2327    .ARM.Collect$$rtentry$$0000000D  c_w.l(__rtentry2.o)
    0x0000033a   0x0000033a   0x00000002   Code   RO         2348    .ARM.Collect$$rtexit$$00000000  c_w.l(rtexit.o)
    0x0000033c   0x0000033c   0x00000000   Code   RO         2396    .ARM.Collect$$rtexit$$00000002  c_w.l(rtexit2.o)
    0x0000033c   0x0000033c   0x00000004   Code   RO         2397    .ARM.Collect$$rtexit$$00000003  c_w.l(rtexit2.o)
    0x00000340   0x00000340   0x00000006   Code   RO         2398    .ARM.Collect$$rtexit$$00000004  c_w.l(rtexit2.o)
    0x00000346   0x00000346   0x00000002   PAD
    0x00000348   0x00000348   0x00000006   Code   RO         1680    .emb_text           cortexm_1.o
    0x0000034e   0x0000034e   0x00000002   PAD
    0x00000350   0x00000350   0x00000006   Code   RO         2092    .emb_text           gyroaccelmag.o
    0x00000356   0x00000356   0x00000002   PAD
    0x00000358   0x00000358   0x00000048   Code   RO          499    .text               osasm.o
    0x000003a0   0x000003a0   0x00000124   Code   RO         2211  * .text               startup_tm4c123.o
    0x000004c4   0x000004c4   0x00000006   Code   RO         2280    .text               c_w.l(heapauxi.o)
    0x000004ca   0x000004ca   0x0000004a   Code   RO         2335    .text               c_w.l(sys_stackheap_outer.o)
    0x00000514   0x00000514   0x00000012   Code   RO         2337    .text               c_w.l(exit.o)
    0x00000526   0x00000526   0x00000002   PAD
    0x00000528   0x00000528   0x00000008   Code   RO         2345    .text               c_w.l(libspace.o)
    0x00000530   0x00000530   0x0000000c   Code   RO         2406    .text               c_w.l(sys_exit.o)
    0x0000053c   0x0000053c   0x00000002   Code   RO         2417    .text               c_w.l(use_no_semi.o)
    0x0000053e   0x0000053e   0x00000000   Code   RO         2419    .text               c_w.l(indicate_semi.o)
    0x0000053e   0x0000053e   0x00000002   PAD
    0x00000540   0x00000540   0x00000028   Code   RO         2026    i.ADC0Seq3_Handler  adct0.o
    0x00000568   0x00000568   0x00000428   Code   RO         2027    i.ADC0_InitTimer0ATriggerSeq3  adct0.o
    0x00000990   0x00000990   0x00000014   Code   RO         2178    i.AD_Init           lightsensoe.o
    0x000009a4   0x000009a4   0x00000208   Code   RO         1390    i.AP_BackgroundProcess  ap.o
    0x00000bac   0x00000bac   0x00000064   Code   RO         1391    i.AP_EchoReceived   ap.o
    0x00000c10   0x00000c10   0x00000054   Code   RO         1392    i.AP_EchoSendMessage  ap.o
    0x00000c64   0x00000c64   0x0000000e   Code   RO         1394    i.AP_GetSize        ap.o
    0x00000c72   0x00000c72   0x00000002   PAD
    0x00000c74   0x00000c74   0x000000e8   Code   RO         1397    i.AP_Init           ap.o
    0x00000d5c   0x00000d5c   0x00000134   Code   RO         1398    i.AP_RecvMessage    ap.o
    0x00000e90   0x00000e90   0x00000010   Code   RO         1399    i.AP_RecvStatus     ap.o
    0x00000ea0   0x00000ea0   0x00000028   Code   RO         1401    i.AP_Reset          ap.o
    0x00000ec8   0x00000ec8   0x000000d4   Code   RO         1402    i.AP_SendMessage    ap.o
    0x00000f9c   0x00000f9c   0x0000003a   Code   RO         1403    i.AP_SendMessageResponse  ap.o
    0x00000fd6   0x00000fd6   0x00000002   PAD
    0x00000fd8   0x00000fd8   0x000000d0   Code   RO         1404    i.AP_SendNotification  ap.o
    0x000010a8   0x000010a8   0x00000120   Code   RO         1257    i.AddCharacteristic  ap_services.o
    0x000011c8   0x000011c8   0x0000003c   Code   RO         1259    i.AddService        ap_services.o
    0x00001204   0x00001204   0x00000064   Code   RO         1209    i.Angle             servotd8120mg.o
    0x00001268   0x00001268   0x0000000c   Code   RO           10    i.BSP_Clock_GetFreq  bsp.o
    0x00001274   0x00001274   0x0000008c   Code   RO           11    i.BSP_Clock_InitFastest  bsp.o
    0x00001300   0x00001300   0x000000c0   Code   RO           42    i.BSP_PeriodicTask_Init  bsp.o
    0x000013c0   0x000013c0   0x000001d4   Code   RO          667    i.Bluetooth_Init    robotcar.o
    0x00001594   0x00001594   0x00000002   Code   RO          668    i.Bluetooth_Read_Buzzer_Value  robotcar.o
    0x00001596   0x00001596   0x00000002   Code   RO          669    i.Bluetooth_Read_Magnet_Value  robotcar.o
    0x00001598   0x00001598   0x00000024   Code   RO          670    i.Bluetooth_Read_SpeedSensor_Value  robotcar.o
    0x000015bc   0x000015bc   0x00000002   Code   RO          671    i.Bluetooth_Read_Speed_Backward_Motor_Value  robotcar.o
    0x000015be   0x000015be   0x00000002   Code   RO          672    i.Bluetooth_Read_Speed_Forward_Motor_Value  robotcar.o
    0x000015c0   0x000015c0   0x00000002   Code   RO          673    i.Bluetooth_Read_Stear_Angle_Value  robotcar.o
    0x000015c2   0x000015c2   0x00000002   Code   RO          674    i.Bluetooth_Read_TempHumidity_Value  robotcar.o
    0x000015c4   0x000015c4   0x0000001c   Code   RO          676    i.Bluetooth_Write_Buzzer_Value  robotcar.o
    0x000015e0   0x000015e0   0x00000002   Code   RO          677    i.Bluetooth_Write_Magnet_Value  robotcar.o
    0x000015e2   0x000015e2   0x00000002   Code   RO          678    i.Bluetooth_Write_SpeedSensor_Value  robotcar.o
    0x000015e4   0x000015e4   0x00000030   Code   RO          679    i.Bluetooth_Write_Speed_Backward_Motor_Value  robotcar.o
    0x00001614   0x00001614   0x00000030   Code   RO          680    i.Bluetooth_Write_Speed_Forward_Motor_Value  robotcar.o
    0x00001644   0x00001644   0x00000028   Code   RO          681    i.Bluetooth_Write_Stear_Angle_Value  robotcar.o
    0x0000166c   0x0000166c   0x00000002   Code   RO          682    i.Bluetooth_Write_TempHumidity_Value  robotcar.o
    0x0000166e   0x0000166e   0x00000058   Code   RO         1260    i.BuildAddCharDescriptorMsg  ap_services.o
    0x000016c6   0x000016c6   0x00000040   Code   RO         1261    i.BuildAddCharValueMsg  ap_services.o
    0x00001706   0x00001706   0x0000002c   Code   RO         1263    i.BuildAddServiceMsg  ap_services.o
    0x00001732   0x00001732   0x00000018   Code   RO         1264    i.BuildGetStatusMsg  ap_services.o
    0x0000174a   0x0000174a   0x00000018   Code   RO         1265    i.BuildGetVersionMsg  ap_services.o
    0x00001762   0x00001762   0x0000001e   Code   RO         1266    i.BuildRegisterServiceMsg  ap_services.o
    0x00001780   0x00001780   0x00000048   Code   RO         1267    i.BuildSetAdvertisementData1Msg  ap_services.o
    0x000017c8   0x000017c8   0x000000a0   Code   RO         1268    i.BuildSetAdvertisementDataMsg  ap_services.o
    0x00001868   0x00001868   0x00000044   Code   RO         1269    i.BuildSetDeviceNameMsg  ap_services.o
    0x000018ac   0x000018ac   0x0000004c   Code   RO         1270    i.BuildStartAdvertisementMsg  ap_services.o
    0x000018f8   0x000018f8   0x00000008   Code   RO         2053    i.BuzzerOff         buzzer.o
    0x00001900   0x00001900   0x00000012   Code   RO         2054    i.BuzzerOn          buzzer.o
    0x00001912   0x00001912   0x00000016   Code   RO         1681    i.Clock_Delay1ms    cortexm_1.o
    0x00001928   0x00001928   0x00000090   Code   RO         2093    i.ConfigAccelRange  gyroaccelmag.o
    0x000019b8   0x000019b8   0x00000074   Code   RO         2094    i.ConfigDlpfBandwidth  gyroaccelmag.o
    0x00001a2c   0x00001a2c   0x00000090   Code   RO         2095    i.ConfigGyroRange   gyroaccelmag.o
    0x00001abc   0x00001abc   0x000000a0   Code   RO         2096    i.ConfigSrd         gyroaccelmag.o
    0x00001b5c   0x00001b5c   0x0000002e   Code   RO         1236    i.DCbackward        dcmotor.o
    0x00001b8a   0x00001b8a   0x0000002e   Code   RO         1237    i.DCforward         dcmotor.o
    0x00001bb8   0x00001bb8   0x00000030   Code   RO          502    i.GPIOPortD_Handler  os.o
    0x00001be8   0x00001be8   0x00000010   Code   RO         1795    i.GPIO_DC_Init      gpio.o
    0x00001bf8   0x00001bf8   0x0000013c   Code   RO         1796    i.GPIO_Init         gpio.o
    0x00001d34   0x00001d34   0x00000054   Code   RO         1271    i.GetStatus         ap_services.o
    0x00001d88   0x00001d88   0x00000044   Code   RO         1272    i.GetVersion        ap_services.o
    0x00001dcc   0x00001dcc   0x00000094   Code   RO         1954    i.I2C1_Init         i2c1.o
    0x00001e60   0x00001e60   0x00000058   Code   RO         1955    i.I2C1_Recv         i2c1.o
    0x00001eb8   0x00001eb8   0x00000038   Code   RO         1959    i.I2C1_RecvByte     i2c1.o
    0x00001ef0   0x00001ef0   0x00000058   Code   RO         1960    i.I2C1_RecvByteStart  i2c1.o
    0x00001f48   0x00001f48   0x00000038   Code   RO         1961    i.I2C1_RecvByteStop  i2c1.o
    0x00001f80   0x00001f80   0x00000048   Code   RO         1962    i.I2C1_Send1        i2c1.o
    0x00001fc8   0x00001fc8   0x00000064   Code   RO         1963    i.I2C1_Send2        i2c1.o
    0x0000202c   0x0000202c   0x00000090   Code   RO         1900    i.I2C3_Init         i2c3.o
    0x000020bc   0x000020bc   0x000000d8   Code   RO         1904    i.I2C3_Recv6        i2c3.o
    0x00002194   0x00002194   0x00000048   Code   RO         1905    i.I2C3_Send1        i2c3.o
    0x000021dc   0x000021dc   0x000000b0   Code   RO         1907    i.I2C3_Send3        i2c3.o
    0x0000228c   0x0000228c   0x00000204   Code   RO         2097    i.Init_MPU9250      gyroaccelmag.o
    0x00002490   0x00002490   0x000001bc   Code   RO          504    i.OS_AddThreads     os.o
    0x0000264c   0x0000264c   0x00000020   Code   RO          510    i.OS_Init           os.o
    0x0000266c   0x0000266c   0x00000004   Code   RO          511    i.OS_InitSemaphore  os.o
    0x00002670   0x00002670   0x00000034   Code   RO          512    i.OS_Launch         os.o
    0x000026a4   0x000026a4   0x00000034   Code   RO          515    i.OS_Signal         os.o
    0x000026d8   0x000026d8   0x00000014   Code   RO          516    i.OS_Sleep          os.o
    0x000026ec   0x000026ec   0x00000018   Code   RO          517    i.OS_Suspend        os.o
    0x00002704   0x00002704   0x0000002c   Code   RO          518    i.OS_Wait           os.o
    0x00002730   0x00002730   0x0000007c   Code   RO          919    i.PLL_Init          pll.o
    0x000027ac   0x000027ac   0x0000000c   Code   RO         1700    i.PWM0_0_B_Duty     pwm.o
    0x000027b8   0x000027b8   0x000000c0   Code   RO         1701    i.PWM0_0_B_Init     pwm.o
    0x00002878   0x00002878   0x00000014   Code   RO         1702    i.PWM0_0_B_disable  pwm.o
    0x0000288c   0x0000288c   0x00000014   Code   RO         1703    i.PWM0_0_B_enable   pwm.o
    0x000028a0   0x000028a0   0x0000000c   Code   RO         1705    i.PWM0_3_A_Duty     pwm.o
    0x000028ac   0x000028ac   0x000000e8   Code   RO         1706    i.PWM0_3_A_Init     pwm.o
    0x00002994   0x00002994   0x00000014   Code   RO         1707    i.PWM0_3_A_disable  pwm.o
    0x000029a8   0x000029a8   0x00000014   Code   RO         1708    i.PWM0_3_A_enable   pwm.o
    0x000029bc   0x000029bc   0x000000e4   Code   RO         1797    i.PeriodMeasure_Init  gpio.o
    0x00002aa0   0x00002aa0   0x0000007c   Code   RO         1798    i.PortB_2_3_init    gpio.o
    0x00002b1c   0x00002b1c   0x00000018   Code   RO         1799    i.PortB_2_disable   gpio.o
    0x00002b34   0x00002b34   0x00000018   Code   RO         1800    i.PortB_2_enable    gpio.o
    0x00002b4c   0x00002b4c   0x00000018   Code   RO         1801    i.PortB_3_disable   gpio.o
    0x00002b64   0x00002b64   0x00000018   Code   RO         1802    i.PortB_3_enable    gpio.o
    0x00002b7c   0x00002b7c   0x000001ec   Code   RO         2098    i.Read              gyroaccelmag.o
    0x00002d68   0x00002d68   0x00000048   Code   RO         2099    i.ReadAk8963Registers  gyroaccelmag.o
    0x00002db0   0x00002db0   0x00000054   Code   RO         2100    i.ReadMagnetometerData  gyroaccelmag.o
    0x00002e04   0x00002e04   0x0000006e   Code   RO         2101    i.ReadRegisters     gyroaccelmag.o
    0x00002e72   0x00002e72   0x00000002   PAD
    0x00002e74   0x00002e74   0x0000003c   Code   RO         1273    i.RegisterService   ap_services.o
    0x00002eb0   0x00002eb0   0x00000038   Code   RO         1602    i.RxFifo_Get        uart1.o
    0x00002ee8   0x00002ee8   0x0000001c   Code   RO         1603    i.RxFifo_Init       uart1.o
    0x00002f04   0x00002f04   0x00000048   Code   RO         1604    i.RxFifo_Put        uart1.o
    0x00002f4c   0x00002f4c   0x00000030   Code   RO          520    i.Scheduler         os.o
    0x00002f7c   0x00002f7c   0x00000026   Code   RO         1274    i.SetFCS            ap_services.o
    0x00002fa2   0x00002fa2   0x00000002   PAD
    0x00002fa4   0x00002fa4   0x00000150   Code   RO          521    i.SetInitialStack   os.o
    0x000030f4   0x000030f4   0x000000ec   Code   RO         1275    i.StartAdvertisement  ap_services.o
    0x000031e0   0x000031e0   0x00000078   Code   RO         1804    i.TIMER1B_Handler   gpio.o
    0x00003258   0x00003258   0x00000340   Code   RO         1805    i.TIMER3A_Handler   gpio.o
    0x00003598   0x00003598   0x00000018   Code   RO          955    i.TIMER5A_Handler   texas.o
    0x000035b0   0x000035b0   0x00000010   Code   RO         1710    i.TIMER_1_A_PWM_Duty  pwm.o
    0x000035c0   0x000035c0   0x00000094   Code   RO         1711    i.TIMER_1_A_PWM_Init  pwm.o
    0x00003654   0x00003654   0x00000014   Code   RO         1712    i.TIMER_1_A_PWM_disable  pwm.o
    0x00003668   0x00003668   0x00000014   Code   RO         1713    i.TIMER_1_A_PWM_enable  pwm.o
    0x0000367c   0x0000367c   0x00000050   Code   RO          684    i.Task0             robotcar.o
    0x000036cc   0x000036cc   0x00000010   Code   RO          685    i.Task1             robotcar.o
    0x000036dc   0x000036dc   0x00000004   Code   RO          687    i.Task2             robotcar.o
    0x000036e0   0x000036e0   0x00000024   Code   RO          688    i.Task3             robotcar.o
    0x00003704   0x00003704   0x00000004   Code   RO          689    i.Task4             robotcar.o
    0x00003708   0x00003708   0x0000002c   Code   RO          690    i.Task5             robotcar.o
    0x00003734   0x00003734   0x00000028   Code   RO          691    i.Task6             robotcar.o
    0x0000375c   0x0000375c   0x00000004   Code   RO          692    i.Task7             robotcar.o
    0x00003760   0x00003760   0x00000004   Code   RO          693    i.Task8             robotcar.o
    0x00003764   0x00003764   0x00000004   Code   RO          694    i.Task9             robotcar.o
    0x00003768   0x00003768   0x0000000e   Code   RO         2071    i.TempHumiditySensor_End  temphumidity.o
    0x00003776   0x00003776   0x00000018   Code   RO         2072    i.TempHumiditySensor_Start  temphumidity.o
    0x0000378e   0x0000378e   0x00000002   PAD
    0x00003790   0x00003790   0x00000098   Code   RO         1806    i.Timer3_Init       gpio.o
    0x00003828   0x00003828   0x000000b8   Code   RO         1528    i.UART0_Init        uart0.o
    0x000038e0   0x000038e0   0x00000018   Code   RO         1529    i.UART0_OutChar     uart0.o
    0x000038f8   0x000038f8   0x00000018   Code   RO         1530    i.UART0_OutString   uart0.o
    0x00003910   0x00003910   0x00000034   Code   RO         1532    i.UART0_OutUHex     uart0.o
    0x00003944   0x00003944   0x00000014   Code   RO         1533    i.UART0_OutUHex2    uart0.o
    0x00003958   0x00003958   0x00000024   Code   RO         1605    i.UART1_FinishOutput  uart1.o
    0x0000397c   0x0000397c   0x00000030   Code   RO         1606    i.UART1_Handler     uart1.o
    0x000039ac   0x000039ac   0x00000014   Code   RO         1607    i.UART1_InChar      uart1.o
    0x000039c0   0x000039c0   0x00000018   Code   RO         1608    i.UART1_InStatus    uart1.o
    0x000039d8   0x000039d8   0x000000cc   Code   RO         1609    i.UART1_Init        uart1.o
    0x00003aa4   0x00003aa4   0x00000018   Code   RO         1610    i.UART1_OutChar     uart1.o
    0x00003abc   0x00003abc   0x00000018   Code   RO           64    i.WideTimer3A_Handler  bsp.o
    0x00003ad4   0x00003ad4   0x00000018   Code   RO           65    i.WideTimer4A_Handler  bsp.o
    0x00003aec   0x00003aec   0x00000018   Code   RO           66    i.WideTimer5A_Handler  bsp.o
    0x00003b04   0x00003b04   0x0000005e   Code   RO         2102    i.WriteAk8963Register  gyroaccelmag.o
    0x00003b62   0x00003b62   0x00000016   Code   RO         2104    i.WriteRegisterByte  gyroaccelmag.o
    0x00003b78   0x00003b78   0x00000028   Code   RO         1612    i.copyHardwareToSoftware  uart1.o
    0x00003ba0   0x00003ba0   0x00000100   Code   RO          695    i.main              robotcar.o
    0x00003ca0   0x00003ca0   0x00000020   Code   RO         1534    i.outnibble         uart0.o
    0x00003cc0   0x00003cc0   0x00000038   Code   RO          522    i.runperiodicevents  os.o
    0x00003cf8   0x00003cf8   0x0000000e   Code   RO         1210    i.servoupdownarm    servotd8120mg.o
    0x00003d06   0x00003d06   0x00000002   PAD
    0x00003d08   0x00003d08   0x00000020   Code   RO         1808    i.setDesiredSpeed   gpio.o
    0x00003d28   0x00003d28   0x000000c4   Code   RO         2284    x$fpl$fadd          fz_ws.l(faddsub_clz.o)
    0x00003dec   0x00003dec   0x00000018   Code   RO         2311    x$fpl$fcmpinf       fz_ws.l(fcmpi.o)
    0x00003e04   0x00003e04   0x00000184   Code   RO         2291    x$fpl$fdiv          fz_ws.l(fdiv.o)
    0x00003f88   0x00003f88   0x00000068   Code   RO         2294    x$fpl$feqf          fz_ws.l(feqf.o)
    0x00003ff0   0x00003ff0   0x0000003e   Code   RO         2296    x$fpl$ffixu         fz_ws.l(ffixu.o)
    0x0000402e   0x0000402e   0x00000002   PAD
    0x00004030   0x00004030   0x00000026   Code   RO         2300    x$fpl$ffltu         fz_ws.l(fflt_clz.o)
    0x00004056   0x00004056   0x00000002   PAD
    0x00004058   0x00004058   0x00000068   Code   RO         2313    x$fpl$fleqf         fz_ws.l(fleqf.o)
    0x000040c0   0x000040c0   0x00000102   Code   RO         2306    x$fpl$fmul          fz_ws.l(fmul.o)
    0x000041c2   0x000041c2   0x0000008c   Code   RO         2315    x$fpl$fnaninf       fz_ws.l(fnaninf.o)
    0x0000424e   0x0000424e   0x0000000a   Code   RO         2317    x$fpl$fretinf       fz_ws.l(fretinf.o)
    0x00004258   0x00004258   0x00000062   Code   RO         2308    x$fpl$frleqf        fz_ws.l(frleqf.o)
    0x000042ba   0x000042ba   0x00000002   PAD
    0x000042bc   0x000042bc   0x000000ea   Code   RO         2286    x$fpl$fsub          fz_ws.l(faddsub_clz.o)
    0x000043a6   0x000043a6   0x00000000   Code   RO         2319    x$fpl$usenofp       fz_ws.l(usenofp.o)
    0x000043a6   0x000043a6   0x00000002   PAD
    0x000043a8   0x000043a8   0x00000074   Data   RO         1407    .constdata          ap.o
    0x0000441c   0x0000441c   0x00000020   Data   RO         2474    Region$$Table       anon$$obj.o


    Execution Region ER_RW (Exec base: 0x20000000, Load base: 0x0000443c, Size: 0x000002f0, Max: 0xffffffff, ABSOLUTE, COMPRESSED[0x0000009c])

    Exec Addr    Load Addr    Size         Type   Attr      Idx    E Section Name        Object

    0x20000000   COMPRESSED   0x00000044   Data   RW           86    .data               bsp.o
    0x20000044   COMPRESSED   0x0000003c   Data   RW          524    .data               os.o
    0x20000080   COMPRESSED   0x00000070   Data   RW          696    .data               robotcar.o
    0x200000f0   COMPRESSED   0x00000044   Data   RW          979    .data               texas.o
    0x20000134   COMPRESSED   0x00000004   Data   RW         1211    .data               servotd8120mg.o
    0x20000138   COMPRESSED   0x000000c8   Data   RW         1408    .data               ap.o
    0x20000200   COMPRESSED   0x0000000c   Data   RW         1614    .data               uart1.o
    0x2000020c   COMPRESSED   0x00000038   Data   RW         1811    .data               gpio.o
    0x20000244   COMPRESSED   0x0000000c   Data   RW         2029    .data               adct0.o
    0x20000250   COMPRESSED   0x000000a0   Data   RW         2106    .data               gyroaccelmag.o


    Execution Region ER_ZI (Exec base: 0x200002f0, Load base: 0x000044d8, Size: 0x000026f8, Max: 0xffffffff, ABSOLUTE)

    Exec Addr    Load Addr    Size         Type   Attr      Idx    E Section Name        Object

    0x200002f0        -       0x00002030   Zero   RW          523    .bss                os.o
    0x20002320        -       0x00000170   Zero   RW         1406    .bss                ap.o
    0x20002490        -       0x00000100   Zero   RW         1613    .bss                uart1.o
    0x20002590        -       0x000001b0   Zero   RW         1809    .bss                gpio.o
    0x20002740        -       0x00000048   Zero   RW         2105    .bss                gyroaccelmag.o
    0x20002788        -       0x00000060   Zero   RW         2346    .bss                c_w.l(libspace.o)
    0x200027e8        -       0x00000000   Zero   RW         2209    HEAP                startup_tm4c123.o
    0x200027e8        -       0x00000200   Zero   RW         2208    STACK               startup_tm4c123.o


==============================================================================

Image component sizes


      Code (inc. data)   RO Data    RW Data    ZI Data      Debug   Object Name

      1104         88          0         12          0       2924   adct0.o
      1792        208        116        200        368      11066   ap.o
      1484        280          0          0          0      11779   ap_services.o
       416         74          0         68          0      11164   bsp.o
        26          0          0          0          0        927   buzzer.o
        28          0          0          0          0        885   cortexm_1.o
        92          0          0          0          0       1153   dcmotor.o
      1916        270          0         56        432       9151   gpio.o
      1960        174          0        160         72      10889   gyroaccelmag.o
       608         50          0          0          0       4007   i2c1.o
       608         34          0          0          0       3055   i2c3.o
        20          4          0          0          0        446   lightsensoe.o
      1160         90          0         60       8240       8846   os.o
        72          4          0          0          0        276   osasm.o
       124          4          0          0          0        451   pll.o
       732        114          0          0          0       5723   pwm.o
      1178        364          0        112          0      17088   robotcar.o
       114          4          0          4          0       1336   servotd8120mg.o
       292         18        620          0        512       5708   startup_tm4c123.o
        38          0          0          0          0       1452   temphumidity.o
        24          8          0         68          0      11425   texas.o
       336         28          0          0          0       3096   uart0.o
       552         92          0         12        256       6276   uart1.o

    ----------------------------------------------------------------------
     14692       1908        768        752       9880     129123   Object Totals
         0          0         32          0          0          0   (incl. Generated)
        16          0          0          0          0          0   (incl. Padding)

    ----------------------------------------------------------------------

      Code (inc. data)   RO Data    RW Data    ZI Data      Debug   Library Member Name

        90          0          0          0          0          0   __dczerorl2.o
         8          0          0          0          0         68   __main.o
         0          0          0          0          0          0   __rtentry.o
        12          0          0          0          0          0   __rtentry2.o
         6          0          0          0          0          0   __rtentry4.o
        52          8          0          0          0          0   __scatter.o
        28          0          0          0          0          0   __scatter_zi.o
        18          0          0          0          0         80   exit.o
         6          0          0          0          0        152   heapauxi.o
         0          0          0          0          0          0   indicate_semi.o
         2          0          0          0          0          0   libinit.o
         2          0          0          0          0          0   libinit2.o
         2          0          0          0          0          0   libshutdown.o
         2          0          0          0          0          0   libshutdown2.o
         8          4          0          0         96         68   libspace.o
         2          0          0          0          0          0   rtexit.o
        10          0          0          0          0          0   rtexit2.o
        12          4          0          0          0         68   sys_exit.o
        74          0          0          0          0         80   sys_stackheap_outer.o
         2          0          0          0          0         68   use_no_semi.o
       430          8          0          0          0        168   faddsub_clz.o
        24          0          0          0          0         68   fcmpi.o
       388         76          0          0          0         96   fdiv.o
       104          4          0          0          0         84   feqf.o
        62          4          0          0          0         84   ffixu.o
        38          0          0          0          0         68   fflt_clz.o
       104          4          0          0          0         84   fleqf.o
       258          4          0          0          0         84   fmul.o
       140          4          0          0          0         84   fnaninf.o
        10          0          0          0          0         68   fretinf.o
        98          0          0          0          0         68   frleqf.o
         0          0          0          0          0          0   usenofp.o

    ----------------------------------------------------------------------
      2008        120          0          0         96       1540   Library Totals
        16          0          0          0          0          0   (incl. Padding)

    ----------------------------------------------------------------------

      Code (inc. data)   RO Data    RW Data    ZI Data      Debug   Library Name

       336         16          0          0         96        584   c_w.l
      1656        104          0          0          0        956   fz_ws.l

    ----------------------------------------------------------------------
      2008        120          0          0         96       1540   Library Totals

    ----------------------------------------------------------------------

==============================================================================


      Code (inc. data)   RO Data    RW Data    ZI Data      Debug   

     16700       2028        768        752       9976     122391   Grand Totals
     16700       2028        768        156       9976     122391   ELF Image Totals (compressed)
     16700       2028        768        156          0          0   ROM Totals

==============================================================================

    Total RO  Size (Code + RO Data)                17468 (  17.06kB)
    Total RW  Size (RW Data + ZI Data)             10728 (  10.48kB)
    Total ROM Size (Code + RO Data + RW Data)      17624 (  17.21kB)

==============================================================================

