Component: ARM Compiler 5.06 update 7 (build 960) Tool: armlink [4d3601]

==============================================================================

Section Cross References

    bsp.o(i.BSP_Accelerometer_Init) refers to bsp.o(i.adcinit) for adcinit
    bsp.o(i.BSP_Buzzer_Init) refers to bsp.o(.data) for ClockFrequency
    bsp.o(i.BSP_Buzzer_Set) refers to bsp.o(.data) for PWMCycles
    bsp.o(i.BSP_Clock_GetFreq) refers to bsp.o(.data) for ClockFrequency
    bsp.o(i.BSP_Clock_InitFastest) refers to bsp.o(.data) for ClockFrequency
    bsp.o(i.BSP_Delay1ms) refers to bsp.o(.emb_text) for parrotdelay
    bsp.o(i.BSP_Joystick_Init) refers to bsp.o(i.adcinit) for adcinit
    bsp.o(i.BSP_LCD_DrawBitmap) refers to bsp.o(i.setAddrWindow) for setAddrWindow
    bsp.o(i.BSP_LCD_DrawBitmap) refers to bsp.o(i.writedata) for writedata
    bsp.o(i.BSP_LCD_DrawBitmap) refers to bsp.o(.data) for _width
    bsp.o(i.BSP_LCD_DrawChar) refers to bsp.o(i.setAddrWindow) for setAddrWindow
    bsp.o(i.BSP_LCD_DrawChar) refers to bsp.o(i.pushColor) for pushColor
    bsp.o(i.BSP_LCD_DrawChar) refers to bsp.o(.data) for _width
    bsp.o(i.BSP_LCD_DrawChar) refers to bsp.o(.constdata) for Font
    bsp.o(i.BSP_LCD_DrawCharS) refers to bsp.o(i.BSP_LCD_DrawPixel) for BSP_LCD_DrawPixel
    bsp.o(i.BSP_LCD_DrawCharS) refers to bsp.o(i.BSP_LCD_FillRect) for BSP_LCD_FillRect
    bsp.o(i.BSP_LCD_DrawCharS) refers to bsp.o(.data) for _width
    bsp.o(i.BSP_LCD_DrawCharS) refers to bsp.o(.constdata) for Font
    bsp.o(i.BSP_LCD_DrawFastHLine) refers to bsp.o(i.setAddrWindow) for setAddrWindow
    bsp.o(i.BSP_LCD_DrawFastHLine) refers to bsp.o(i.writedata) for writedata
    bsp.o(i.BSP_LCD_DrawFastHLine) refers to bsp.o(.data) for _width
    bsp.o(i.BSP_LCD_DrawFastVLine) refers to bsp.o(i.setAddrWindow) for setAddrWindow
    bsp.o(i.BSP_LCD_DrawFastVLine) refers to bsp.o(i.writedata) for writedata
    bsp.o(i.BSP_LCD_DrawFastVLine) refers to bsp.o(.data) for _width
    bsp.o(i.BSP_LCD_DrawPixel) refers to bsp.o(i.setAddrWindow) for setAddrWindow
    bsp.o(i.BSP_LCD_DrawPixel) refers to bsp.o(i.pushColor) for pushColor
    bsp.o(i.BSP_LCD_DrawPixel) refers to bsp.o(.data) for _width
    bsp.o(i.BSP_LCD_DrawString) refers to bsp.o(i.BSP_LCD_DrawChar) for BSP_LCD_DrawChar
    bsp.o(i.BSP_LCD_Drawaxes) refers to bsp.o(i.BSP_LCD_FillRect) for BSP_LCD_FillRect
    bsp.o(i.BSP_LCD_Drawaxes) refers to bsp.o(i.BSP_LCD_DrawFastHLine) for BSP_LCD_DrawFastHLine
    bsp.o(i.BSP_LCD_Drawaxes) refers to bsp.o(i.BSP_LCD_DrawFastVLine) for BSP_LCD_DrawFastVLine
    bsp.o(i.BSP_LCD_Drawaxes) refers to bsp.o(i.BSP_LCD_DrawPixel) for BSP_LCD_DrawPixel
    bsp.o(i.BSP_LCD_Drawaxes) refers to bsp.o(i.BSP_LCD_DrawChar) for BSP_LCD_DrawChar
    bsp.o(i.BSP_LCD_Drawaxes) refers to bsp.o(.data) for Ymax
    bsp.o(i.BSP_LCD_FillRect) refers to bsp.o(i.setAddrWindow) for setAddrWindow
    bsp.o(i.BSP_LCD_FillRect) refers to bsp.o(i.writedata) for writedata
    bsp.o(i.BSP_LCD_FillRect) refers to bsp.o(.data) for _width
    bsp.o(i.BSP_LCD_FillScreen) refers to bsp.o(i.BSP_LCD_FillRect) for BSP_LCD_FillRect
    bsp.o(i.BSP_LCD_FillScreen) refers to bsp.o(.data) for _height
    bsp.o(i.BSP_LCD_Init) refers to bsp.o(i.ST7735_InitR) for ST7735_InitR
    bsp.o(i.BSP_LCD_OutUDec) refers to bsp.o(i.fillmessage) for fillmessage
    bsp.o(i.BSP_LCD_OutUDec) refers to bsp.o(i.BSP_LCD_DrawString) for BSP_LCD_DrawString
    bsp.o(i.BSP_LCD_OutUDec) refers to bsp.o(i.BSP_LCD_DrawChar) for BSP_LCD_DrawChar
    bsp.o(i.BSP_LCD_OutUDec) refers to bsp.o(.data) for StTextColor
    bsp.o(i.BSP_LCD_OutUDec) refers to bsp.o(.bss) for Message
    bsp.o(i.BSP_LCD_OutUDec4) refers to bsp.o(i.fillmessage4) for fillmessage4
    bsp.o(i.BSP_LCD_OutUDec4) refers to bsp.o(i.BSP_LCD_DrawString) for BSP_LCD_DrawString
    bsp.o(i.BSP_LCD_OutUDec4) refers to bsp.o(i.BSP_LCD_DrawChar) for BSP_LCD_DrawChar
    bsp.o(i.BSP_LCD_OutUDec4) refers to bsp.o(.data) for Messageindex
    bsp.o(i.BSP_LCD_OutUDec4) refers to bsp.o(.bss) for Message
    bsp.o(i.BSP_LCD_OutUDec5) refers to bsp.o(i.fillmessage5) for fillmessage5
    bsp.o(i.BSP_LCD_OutUDec5) refers to bsp.o(i.BSP_LCD_DrawString) for BSP_LCD_DrawString
    bsp.o(i.BSP_LCD_OutUDec5) refers to bsp.o(i.BSP_LCD_DrawChar) for BSP_LCD_DrawChar
    bsp.o(i.BSP_LCD_OutUDec5) refers to bsp.o(.data) for Messageindex
    bsp.o(i.BSP_LCD_OutUDec5) refers to bsp.o(.bss) for Message
    bsp.o(i.BSP_LCD_OutUFix2_1) refers to bsp.o(i.fillmessage2_1) for fillmessage2_1
    bsp.o(i.BSP_LCD_OutUFix2_1) refers to bsp.o(i.BSP_LCD_DrawString) for BSP_LCD_DrawString
    bsp.o(i.BSP_LCD_OutUFix2_1) refers to bsp.o(i.BSP_LCD_DrawChar) for BSP_LCD_DrawChar
    bsp.o(i.BSP_LCD_OutUFix2_1) refers to bsp.o(.data) for StY
    bsp.o(i.BSP_LCD_OutUFix2_1) refers to bsp.o(.bss) for Message
    bsp.o(i.BSP_LCD_OutUHex2) refers to bsp.o(i.fillmessage2_Hex) for fillmessage2_Hex
    bsp.o(i.BSP_LCD_OutUHex2) refers to bsp.o(i.BSP_LCD_DrawString) for BSP_LCD_DrawString
[...]
    __rt_lib_shutdown_fp_trap_1              0x00000327   Thumb Code     0  libshutdown2.o(.ARM.Collect$$libshutdown$$00000009)
    __rt_lib_shutdown_heap_1                 0x00000327   Thumb Code     0  libshutdown2.o(.ARM.Collect$$libshutdown$$00000011)
    __rt_lib_shutdown_return                 0x00000327   Thumb Code     0  libshutdown2.o(.ARM.Collect$$libshutdown$$00000012)
    __rt_lib_shutdown_signal_1               0x00000327   Thumb Code     0  libshutdown2.o(.ARM.Collect$$libshutdown$$0000000C)
    __rt_lib_shutdown_stdio_1                0x00000327   Thumb Code     0  libshutdown2.o(.ARM.Collect$$libshutdown$$00000006)
    __rt_lib_shutdown_user_alloc_1           0x00000327   Thumb Code     0  libshutdown2.o(.ARM.Collect$$libshutdown$$0000000E)
    __rt_entry                               0x00000329   Thumb Code     0  __rtentry.o(.ARM.Collect$$rtentry$$00000000)
    __rt_entry_presh_1                       0x00000329   Thumb Code     0  __rtentry2.o(.ARM.Collect$$rtentry$$00000002)
    __rt_entry_sh                            0x00000329   Thumb Code     0  __rtentry4.o(.ARM.Collect$$rtentry$$00000004)
    __rt_entry_li                            0x0000032f   Thumb Code     0  __rtentry2.o(.ARM.Collect$$rtentry$$0000000A)
    __rt_entry_postsh_1                      0x0000032f   Thumb Code     0  __rtentry2.o(.ARM.Collect$$rtentry$$00000009)
    __rt_entry_main                          0x00000333   Thumb Code     0  __rtentry2.o(.ARM.Collect$$rtentry$$0000000D)
    __rt_entry_postli_1                      0x00000333   Thumb Code     0  __rtentry2.o(.ARM.Collect$$rtentry$$0000000C)
    __rt_exit                                0x0000033b   Thumb Code     0  rtexit.o(.ARM.Collect$$rtexit$$00000000)
    __rt_exit_ls                             0x0000033d   Thumb Code     0  rtexit2.o(.ARM.Collect$$rtexit$$00000003)
    __rt_exit_prels_1                        0x0000033d   Thumb Code     0  rtexit2.o(.ARM.Collect$$rtexit$$00000002)
    __rt_exit_exit                           0x00000341   Thumb Code     0  rtexit2.o(.ARM.Collect$$rtexit$$00000004)
    delay                                    0x00000349   Thumb Code     6  cortexm.o(.emb_text)
    Delay                                    0x00000351   Thumb Code     6  gyroaccelmag.o(.emb_text)
    SysTick_Handler                          0x00000359   Thumb Code     0  osasm.o(.text)
    StartOS                                  0x0000037f   Thumb Code     0  osasm.o(.text)
    Reset_Handler                            0x000003a1   Thumb Code     4  startup_tm4c123.o(.text)
    NMI_Handler                              0x000003a5   Thumb Code     2  startup_tm4c123.o(.text)
    HardFault_Handler                        0x000003a7   Thumb Code     2  startup_tm4c123.o(.text)
    MemManage_Handler                        0x000003a9   Thumb Code     2  startup_tm4c123.o(.text)
    BusFault_Handler                         0x000003ab   Thumb Code     2  startup_tm4c123.o(.text)
    UsageFault_Handler                       0x000003ad   Thumb Code     2  startup_tm4c123.o(.text)
    SVC_Handler                              0x000003af   Thumb Code     2  startup_tm4c123.o(.text)
    DebugMon_Handler                         0x000003b1   Thumb Code     2  startup_tm4c123.o(.text)
    PendSV_Handler                           0x000003b3   Thumb Code     2  startup_tm4c123.o(.text)
    GPIOPortA_Handler                        0x000003b7   Thumb Code     2  startup_tm4c123.o(.text)
    GPIOPortB_Handler                        0x000003b9   Thumb Code     2  startup_tm4c123.o(.text)
    GPIOPortC_Handler                        0x000003bb   Thumb Code     2  startup_tm4c123.o(.text)
    GPIOPortE_Handler                        0x000003bf   Thumb Code     2  startup_tm4c123.o(.text)
    UART0_Handler                            0x000003c1   Thumb Code     2  startup_tm4c123.o(.text)
    SSI0_Handler                             0x000003c5   Thumb Code     2  startup_tm4c123.o(.text)
    I2C0_Handler                             0x000003c7   Thumb Code     2  startup_tm4c123.o(.text)
    PMW0_FAULT_Handler                       0x000003c9   Thumb Code     2  startup_tm4c123.o(.text)
    PWM0Generator0_Handler                   0x000003cb   Thumb Code     2  startup_tm4c123.o(.text)
    PWM0Generator1_Handler                   0x000003cd   Thumb Code     2  startup_tm4c123.o(.text)
    PWM0Generator2_Handler                   0x000003cf   Thumb Code     2  startup_tm4c123.o(.text)
    Quadrature0_Handler                      0x000003d1   Thumb Code     2  startup_tm4c123.o(.text)
    ADC0Seq0_Handler                         0x000003d3   Thumb Code     2  startup_tm4c123.o(.text)
    ADC0Seq1_Handler                         0x000003d5   Thumb Code     2  startup_tm4c123.o(.text)
    ADC0Seq2_Handler                         0x000003d7   Thumb Code     2  startup_tm4c123.o(.text)
    WDT_Handler                              0x000003db   Thumb Code     2  startup_tm4c123.o(.text)
    TIMER0A_Handler                          0x000003dd   Thumb Code     2  startup_tm4c123.o(.text)
    TIMER0B_Handler                          0x000003df   Thumb Code     2  startup_tm4c123.o(.text)
    TIMER1A_Handler                          0x000003e1   Thumb Code     2  startup_tm4c123.o(.text)
    TIMER2A_Handler                          0x000003e5   Thumb Code     2  startup_tm4c123.o(.text)
    TIMER2B_Handler                          0x000003e7   Thumb Code     2  startup_tm4c123.o(.text)
    COMP0_Handler                            0x000003e9   Thumb Code     2  startup_tm4c123.o(.text)
    COMP1_Handler                            0x000003eb   Thumb Code     2  startup_tm4c123.o(.text)
    COMP2_Handler                            0x000003ed   Thumb Code     2  startup_tm4c123.o(.text)
    SYSCTL_Handler                           0x000003ef   Thumb Code     2  startup_tm4c123.o(.text)
    FlashCtl_Handler                         0x000003f1   Thumb Code     2  startup_tm4c123.o(.text)
    GPIOPortF_Handler                        0x000003f3   Thumb Code     2  startup_tm4c123.o(.text)
    GPIOPortG_Handler                        0x000003f5   Thumb Code     2  startup_tm4c123.o(.text)
    GPIOPortH_Handler                        0x000003f7   Thumb Code     2  startup_tm4c123.o(.text)
    UART2_Handler                            0x000003f9   Thumb Code     2  startup_tm4c123.o(.text)
    SSI1_Handler                             0x000003fb   Thumb Code     2  startup_tm4c123.o(.text)
    TIMER3B_Handler                          0x000003ff   Thumb Code     2  startup_tm4c123.o(.text)
    I2C1_Handler                             0x00000401   Thumb Code     2  startup_tm4c123.o(.text)
    Quadrature1_Handler                      0x00000403   Thumb Code     2  startup_tm4c123.o(.text)
    CAN0_Handler                             0x00000405   Thumb Code     2  startup_tm4c123.o(.text)
    CAN1_Handler                             0x00000407   Thumb Code     2  startup_tm4c123.o(.text)
    CAN2_Handler                             0x00000409   Thumb Code     2  startup_tm4c123.o(.text)
    Hibernate_Handler                        0x0000040b   Thumb Code     2  startup_tm4c123.o(.text)
    USB0_Handler                             0x0000040d   Thumb Code     2  startup_tm4c123.o(.text)
    PWM0Generator3_Handler                   0x0000040f   Thumb Code     2  startup_tm4c123.o(.text)
    UDMA_Handler                             0x00000411   Thumb Code     2  startup_tm4c123.o(.text)
    UDMAERR_Handler                          0x00000413   Thumb Code     2  startup_tm4c123.o(.text)
    ADC1Seq0_Handler                         0x00000415   Thumb Code     2  startup_tm4c123.o(.text)
    ADC1Seq1_Handler                         0x00000417   Thumb Code     2  startup_tm4c123.o(.text)
    ADC1Seq2_Handler                         0x00000419   Thumb Code     2  startup_tm4c123.o(.text)
    ADC1Seq3_Handler                         0x0000041b   Thumb Code     2  startup_tm4c123.o(.text)
    GPIOPortJ_Handler                        0x0000041d   Thumb Code     2  startup_tm4c123.o(.text)
    GPIOPortK_Handler                        0x0000041f   Thumb Code     2  startup_tm4c123.o(.text)
    GPIOPortL_Handler                        0x00000421   Thumb Code     2  startup_tm4c123.o(.text)
    SSI2_Handler                             0x00000423   Thumb Code     2  startup_tm4c123.o(.text)
    SSI3_Handler                             0x00000425   Thumb Code     2  startup_tm4c123.o(.text)
    UART3_Handler                            0x00000427   Thumb Code     2  startup_tm4c123.o(.text)
    UART4_Handler                            0x00000429   Thumb Code     2  startup_tm4c123.o(.text)
    UART5_Handler                            0x0000042b   Thumb Code     2  startup_tm4c123.o(.text)
    UART6_Handler                            0x0000042d   Thumb Code     2  startup_tm4c123.o(.text)
    UART7_Handler                            0x0000042f   Thumb Code     2  startup_tm4c123.o(.text)
    I2C2_Handler                             0x00000431   Thumb Code     2  startup_tm4c123.o(.text)
    I2C3_Handler                             0x00000433   Thumb Code     2  startup_tm4c123.o(.text)
    TIMER4A_Handler                          0x00000435   Thumb Code     2  startup_tm4c123.o(.text)
    TIMER4B_Handler                          0x00000437   Thumb Code     2  startup_tm4c123.o(.text)
    TIMER5B_Handler                          0x0000043b   Thumb Code     2  startup_tm4c123.o(.text)
    WideTimer0A_Handler                      0x0000043d   Thumb Code     2  startup_tm4c123.o(.text)
    WideTimer0B_Handler                      0x0000043f   Thumb Code     2  startup_tm4c123.o(.text)
    WideTimer1A_Handler                      0x00000441   Thumb Code     2  startup_tm4c123.o(.text)
    WideTimer1B_Handler                      0x00000443   Thumb Code     2  startup_tm4c123.o(.text)
    WideTimer2A_Handler                      0x00000445   Thumb Code     2  startup_tm4c123.o(.text)
    WideTimer2B_Handler                      0x00000447   Thumb Code     2  startup_tm4c123.o(.text)
    WideTimer3B_Handler                      0x0000044b   Thumb Code     2  startup_tm4c123.o(.text)
    WideTimer4B_Handler                      0x0000044f   Thumb Code     2  startup_tm4c123.o(.text)
    WideTimer5B_Handler                      0x00000453   Thumb Code     2  startup_tm4c123.o(.text)
    FPU_Handler                              0x00000455   Thumb Code     2  startup_tm4c123.o(.text)
    I2C4_Handler                             0x00000457   Thumb Code     2  startup_tm4c123.o(.text)
    I2C5_Handler                             0x00000459   Thumb Code     2  startup_tm4c123.o(.text)
    GPIOPortM_Handler                        0x0000045b   Thumb Code     2  startup_tm4c123.o(.text)
    GPIOPortN_Handler                        0x0000045d   Thumb Code     2  startup_tm4c123.o(.text)
    QEI2_Handler                             0x0000045f   Thumb Code     2  startup_tm4c123.o(.text)
    GPIOPortP0_Handler                       0x00000461   Thumb Code     2  startup_tm4c123.o(.text)
    GPIOPortP1_Handler                       0x00000463   Thumb Code     2  startup_tm4c123.o(.text)
    GPIOPortP2_Handler                       0x00000465   Thumb Code     2  startup_tm4c123.o(.text)
    GPIOPortP3_Handler                       0x00000467   Thumb Code     2  startup_tm4c123.o(.text)
    GPIOPortP4_Handler                       0x00000469   Thumb Code     2  startup_tm4c123.o(.text)
    GPIOPortP5_Handler                       0x0000046b   Thumb Code     2  startup_tm4c123.o(.text)
    GPIOPortP6_Handler                       0x0000046d   Thumb Code     2  startup_tm4c123.o(.text)
    GPIOPortP7_Handler                       0x0000046f   Thumb Code     2  startup_tm4c123.o(.text)
    GPIOPortQ0_Handler                       0x00000471   Thumb Code     2  startup_tm4c123.o(.text)
    GPIOPortQ1_Handler                       0x00000473   Thumb Code     2  startup_tm4c123.o(.text)
    GPIOPortQ2_Handler                       0x00000475   Thumb Code     2  startup_tm4c123.o(.text)
    GPIOPortQ3_Handler                       0x00000477   Thumb Code     2  startup_tm4c123.o(.text)
    GPIOPortQ4_Handler                       0x00000479   Thumb Code     2  startup_tm4c123.o(.text)
    GPIOPortQ5_Handler                       0x0000047b   Thumb Code     2  startup_tm4c123.o(.text)
    GPIOPortQ6_Handler                       0x0000047d   Thumb Code     2  startup_tm4c123.o(.text)
    GPIOPortQ7_Handler                       0x0000047f   Thumb Code     2  startup_tm4c123.o(.text)
    GPIOPortR_Handler                        0x00000481   Thumb Code     2  startup_tm4c123.o(.text)
    GPIOPortS_Handler                        0x00000483   Thumb Code     2  startup_tm4c123.o(.text)
    PWM1Generator0_Handler                   0x00000485   Thumb Code     2  startup_tm4c123.o(.text)
    PWM1Generator1_Handler                   0x00000487   Thumb Code     2  startup_tm4c123.o(.text)
    PWM1Generator2_Handler                   0x00000489   Thumb Code     2  startup_tm4c123.o(.text)
    PWM1Generator3_Handler                   0x0000048b   Thumb Code     2  startup_tm4c123.o(.text)
    PWM1Fault_Handler                        0x0000048d   Thumb Code     2  startup_tm4c123.o(.text)
    DisableInterrupts                        0x00000495   Thumb Code     0  startup_tm4c123.o(.text)
    EnableInterrupts                         0x00000499   Thumb Code     0  startup_tm4c123.o(.text)
    StartCritical                            0x0000049d   Thumb Code     0  startup_tm4c123.o(.text)
    EndCritical                              0x000004a5   Thumb Code     0  startup_tm4c123.o(.text)
    WaitForInterrupt                         0x000004ab   Thumb Code     0  startup_tm4c123.o(.text)
    __user_initial_stackheap                 0x000004af   Thumb Code     0  startup_tm4c123.o(.text)
    __use_two_region_memory                  0x000004c5   Thumb Code     2  heapauxi.o(.text)
    __rt_heap_escrow$2region                 0x000004c7   Thumb Code     2  heapauxi.o(.text)
    __rt_heap_expand$2region                 0x000004c9   Thumb Code     2  heapauxi.o(.text)
    __user_setup_stackheap                   0x000004cb   Thumb Code    74  sys_stackheap_outer.o(.text)
    exit                                     0x00000515   Thumb Code    18  exit.o(.text)
    __user_libspace                          0x00000529   Thumb Code     8  libspace.o(.text)
    __user_perproc_libspace                  0x00000529   Thumb Code     0  libspace.o(.text)
    __user_perthread_libspace                0x00000529   Thumb Code     0  libspace.o(.text)
    _sys_exit                                0x00000531   Thumb Code     8  sys_exit.o(.text)
    __I$use$semihosting                      0x0000053d   Thumb Code     0  use_no_semi.o(.text)
    __use_no_semihosting_swi                 0x0000053d   Thumb Code     2  use_no_semi.o(.text)
    __semihosting_library_function           0x0000053f   Thumb Code     0  indicate_semi.o(.text)
    ADC0Seq3_Handler                         0x00000541   Thumb Code    26  adct0.o(i.ADC0Seq3_Handler)
    ADC0_InitTimer0ATriggerSeq3              0x00000569   Thumb Code  1014  adct0.o(i.ADC0_InitTimer0ATriggerSeq3)
    AD_Init                                  0x00000991   Thumb Code    16  lightsensoe.o(i.AD_Init)
    AP_BackgroundProcess                     0x000009a5   Thumb Code   456  ap.o(i.AP_BackgroundProcess)
    AP_GetSize                               0x00000b85   Thumb Code    14  ap.o(i.AP_GetSize)
    AP_Init                                  0x00000b95   Thumb Code   162  ap.o(i.AP_Init)
    AP_RecvMessage                           0x00000c55   Thumb Code   292  ap.o(i.AP_RecvMessage)
    AP_RecvStatus                            0x00000d89   Thumb Code    16  ap.o(i.AP_RecvStatus)
    AP_Reset                                 0x00000d99   Thumb Code    30  ap.o(i.AP_Reset)
    AP_SendMessage                           0x00000dc1   Thumb Code   202  ap.o(i.AP_SendMessage)
    AP_SendMessageResponse                   0x00000e95   Thumb Code    46  ap.o(i.AP_SendMessageResponse)
    AddCharacteristic                        0x00000ec5   Thumb Code   216  ap_services.o(i.AddCharacteristic)
    AddService                               0x00000fb1   Thumb Code    30  ap_services.o(i.AddService)
    Angle                                    0x00000fd9   Thumb Code    96  servotd8120mg.o(i.Angle)
    BSP_Clock_GetFreq                        0x0000103d   Thumb Code     6  bsp.o(i.BSP_Clock_GetFreq)
    BSP_Clock_InitFastest                    0x00001049   Thumb Code   126  bsp.o(i.BSP_Clock_InitFastest)
    BSP_PeriodicTask_Init                    0x000010d5   Thumb Code   162  bsp.o(i.BSP_PeriodicTask_Init)
    BSP_PeriodicTask_InitB                   0x00001195   Thumb Code   160  bsp.o(i.BSP_PeriodicTask_InitB)
    BSP_PeriodicTask_StopB                   0x00001251   Thumb Code    14  bsp.o(i.BSP_PeriodicTask_StopB)
    BackwardPeriodicalSignal                 0x00001269   Thumb Code    62  robotcar.o(i.BackwardPeriodicalSignal)
    Bluetooth_Init                           0x000012b9   Thumb Code   318  robotcar.o(i.Bluetooth_Init)
    Bluetooth_Read_Buzzer_Value              0x00001505   Thumb Code     2  robotcar.o(i.Bluetooth_Read_Buzzer_Value)
    Bluetooth_Read_HighBeamPower_Value       0x00001507   Thumb Code     2  robotcar.o(i.Bluetooth_Read_HighBeamPower_Value)
    Bluetooth_Read_Magnet_Value              0x00001509   Thumb Code     2  robotcar.o(i.Bluetooth_Read_Magnet_Value)
    Bluetooth_Read_Options_Value             0x0000150b   Thumb Code     2  robotcar.o(i.Bluetooth_Read_Options_Value)
    Bluetooth_Read_SpeedSensor_Value         0x0000150d   Thumb Code    26  robotcar.o(i.Bluetooth_Read_SpeedSensor_Value)
    Bluetooth_Read_Speed_Backward_Motor_Value 0x00001531   Thumb Code     2  robotcar.o(i.Bluetooth_Read_Speed_Backward_Motor_Value)
    Bluetooth_Read_Speed_Forward_Motor_Value 0x00001533   Thumb Code     2  robotcar.o(i.Bluetooth_Read_Speed_Forward_Motor_Value)
    Bluetooth_Read_Stear_Angle_Value         0x00001535   Thumb Code     2  robotcar.o(i.Bluetooth_Read_Stear_Angle_Value)
    Bluetooth_Read_TempHumidity_Value        0x00001537   Thumb Code     2  robotcar.o(i.Bluetooth_Read_TempHumidity_Value)
    Bluetooth_Write_Buzzer_Value             0x00001539   Thumb Code    56  robotcar.o(i.Bluetooth_Write_Buzzer_Value)
    Bluetooth_Write_HighBeamPower_Value      0x00001581   Thumb Code    40  robotcar.o(i.Bluetooth_Write_HighBeamPower_Value)
    Bluetooth_Write_Magnet_Value             0x000015b9   Thumb Code     2  robotcar.o(i.Bluetooth_Write_Magnet_Value)
    Bluetooth_Write_Options_Value            0x000015bd   Thumb Code   144  robotcar.o(i.Bluetooth_Write_Options_Value)
    Bluetooth_Write_SpeedSensor_Value        0x00001675   Thumb Code     2  robotcar.o(i.Bluetooth_Write_SpeedSensor_Value)
    Bluetooth_Write_Speed_Backward_Motor_Value 0x00001679   Thumb Code   100  robotcar.o(i.Bluetooth_Write_Speed_Backward_Motor_Value)
    Bluetooth_Write_Speed_Forward_Motor_Value 0x00001701   Thumb Code    78  robotcar.o(i.Bluetooth_Write_Speed_Forward_Motor_Value)
    Bluetooth_Write_Stear_Angle_Value        0x00001765   Thumb Code   146  robotcar.o(i.Bluetooth_Write_Stear_Angle_Value)
    Bluetooth_Write_TempHumidity_Value       0x0000181d   Thumb Code     2  robotcar.o(i.Bluetooth_Write_TempHumidity_Value)
    BuildAddCharDescriptorMsg                0x0000181f   Thumb Code    88  ap_services.o(i.BuildAddCharDescriptorMsg)
    BuildAddCharValueMsg                     0x00001877   Thumb Code    64  ap_services.o(i.BuildAddCharValueMsg)
    BuildAddServiceMsg                       0x000018b7   Thumb Code    44  ap_services.o(i.BuildAddServiceMsg)
    BuildGetStatusMsg                        0x000018e3   Thumb Code    24  ap_services.o(i.BuildGetStatusMsg)
    BuildGetVersionMsg                       0x000018fb   Thumb Code    24  ap_services.o(i.BuildGetVersionMsg)
    BuildRegisterServiceMsg                  0x00001913   Thumb Code    30  ap_services.o(i.BuildRegisterServiceMsg)
    BuildSetAdvertisementData1Msg            0x00001931   Thumb Code    72  ap_services.o(i.BuildSetAdvertisementData1Msg)
    BuildSetAdvertisementDataMsg             0x00001979   Thumb Code   160  ap_services.o(i.BuildSetAdvertisementDataMsg)
    BuildSetDeviceNameMsg                    0x00001a19   Thumb Code    68  ap_services.o(i.BuildSetDeviceNameMsg)
    BuildStartAdvertisementMsg               0x00001a5d   Thumb Code    76  ap_services.o(i.BuildStartAdvertisementMsg)
    BuzzerOff                                0x00001aa9   Thumb Code     8  buzzer.o(i.BuzzerOff)
    BuzzerOn                                 0x00001ab1   Thumb Code    18  buzzer.o(i.BuzzerOn)
    CANBitRateSet                            0x00001ac5   Thumb Code   116  can.o(i.CANBitRateSet)
    CANEnable                                0x00001b3d   Thumb Code    10  can.o(i.CANEnable)
    CANInit                                  0x00001b47   Thumb Code    82  can.o(i.CANInit)
    CANIntClear                              0x00001b99   Thumb Code    46  can.o(i.CANIntClear)
    CANIntEnable                             0x00001bc7   Thumb Code     8  can.o(i.CANIntEnable)
    CANIntHandler                            0x00001bd1   Thumb Code   230  cantransmitreceive.o(i.CANIntHandler)
    CANIntRegister                           0x00001d59   Thumb Code    30  can.o(i.CANIntRegister)
    CANIntStatus                             0x00001d77   Thumb Code    38  can.o(i.CANIntStatus)
    CANMessageGet                            0x00001d9d   Thumb Code   382  can.o(i.CANMessageGet)
    CANMessageSet                            0x00001f1b   Thumb Code   384  can.o(i.CANMessageSet)
    CANStatusGet                             0x0000209b   Thumb Code    78  can.o(i.CANStatusGet)
    CAN_Init                                 0x000020e9   Thumb Code   136  cantransmitreceive.o(i.CAN_Init)
    CAN_Send                                 0x00002199   Thumb Code    80  cantransmitreceive.o(i.CAN_Send)
    Clock_Delay1ms                           0x00002221   Thumb Code    22  cortexm.o(i.Clock_Delay1ms)
    ConfigAccelRange                         0x00002239   Thumb Code   110  gyroaccelmag.o(i.ConfigAccelRange)
    ConfigDlpfBandwidth                      0x000022c9   Thumb Code   106  gyroaccelmag.o(i.ConfigDlpfBandwidth)
    ConfigGyroRange                          0x0000233d   Thumb Code   110  gyroaccelmag.o(i.ConfigGyroRange)
    ConfigSrd                                0x000023cd   Thumb Code   152  gyroaccelmag.o(i.ConfigSrd)
    DCbackward                               0x0000246d   Thumb Code    46  dcmotor.o(i.DCbackward)
    DCforward                                0x0000249b   Thumb Code    46  dcmotor.o(i.DCforward)
    GPIODirModeSet                           0x000024c9   Thumb Code    50  gpio.o(i.GPIODirModeSet)
    GPIOPadConfigSet                         0x000024fb   Thumb Code   342  gpio.o(i.GPIOPadConfigSet)
    GPIOPinConfigure                         0x00002651   Thumb Code    70  gpio.o(i.GPIOPinConfigure)
    GPIOPinTypeCAN                           0x000026a1   Thumb Code    30  gpio.o(i.GPIOPinTypeCAN)
    GPIOPortD_Handler                        0x000026c1   Thumb Code    38  os.o(i.GPIOPortD_Handler)
    GPIO_DC_Init                             0x000026f1   Thumb Code    16  gpio_dif.o(i.GPIO_DC_Init)
    GPIO_Init                                0x00002701   Thumb Code   274  gpio_dif.o(i.GPIO_Init)
    GetStatus                                0x0000283d   Thumb Code    52  ap_services.o(i.GetStatus)
    GetVersion                               0x00002879   Thumb Code    36  ap_services.o(i.GetVersion)
    I2C1_Init                                0x000028a5   Thumb Code   126  i2c1.o(i.I2C1_Init)
    I2C1_Recv                                0x00002939   Thumb Code    82  i2c1.o(i.I2C1_Recv)
    I2C1_RecvByte                            0x00002991   Thumb Code    52  i2c1.o(i.I2C1_RecvByte)
    I2C1_RecvByteStart                       0x000029c9   Thumb Code    84  i2c1.o(i.I2C1_RecvByteStart)
    I2C1_RecvByteStop                        0x00002a21   Thumb Code    52  i2c1.o(i.I2C1_RecvByteStop)
    I2C1_Send1                               0x00002a59   Thumb Code    68  i2c1.o(i.I2C1_Send1)
    I2C1_Send2                               0x00002aa1   Thumb Code    94  i2c1.o(i.I2C1_Send2)
    I2C3_Init                                0x00002b05   Thumb Code   124  i2c3.o(i.I2C3_Init)
    I2C3_Recv6                               0x00002b95   Thumb Code   212  i2c3.o(i.I2C3_Recv6)
    I2C3_Send1                               0x00002c6d   Thumb Code    68  i2c3.o(i.I2C3_Send1)
    I2C3_Send3                               0x00002cb5   Thumb Code   170  i2c3.o(i.I2C3_Send3)
    Init_MPU9250                             0x00002d65   Thumb Code   496  gyroaccelmag.o(i.Init_MPU9250)
    IntEnable                                0x00002f69   Thumb Code   108  interrupt.o(i.IntEnable)
    IntRegister                              0x00002fdd   Thumb Code    52  interrupt.o(i.IntRegister)
    OS_AddThreads                            0x00003019   Thumb Code   412  os.o(i.OS_AddThreads)
    OS_FIFO_Init                             0x000031d5   Thumb Code    28  os.o(i.OS_FIFO_Init)
    OS_Init                                  0x00003201   Thumb Code    28  os.o(i.OS_Init)
    OS_InitSemaphore                         0x00003221   Thumb Code     4  os.o(i.OS_InitSemaphore)
    OS_Launch                                0x00003225   Thumb Code    48  os.o(i.OS_Launch)
    OS_Signal                                0x00003259   Thumb Code    46  os.o(i.OS_Signal)
    OS_Sleep                                 0x0000328d   Thumb Code    16  os.o(i.OS_Sleep)
    OS_Suspend                               0x000032a1   Thumb Code    18  os.o(i.OS_Suspend)
    OS_Wait                                  0x000032b9   Thumb Code    40  os.o(i.OS_Wait)
    PLL_Init                                 0x000032e5   Thumb Code   120  pll.o(i.PLL_Init)
    PWM0_0_B_Duty                            0x00003361   Thumb Code     8  pwm.o(i.PWM0_0_B_Duty)
    PWM0_0_B_Init                            0x0000336d   Thumb Code   172  pwm.o(i.PWM0_0_B_Init)
    PWM0_0_B_disable                         0x0000342d   Thumb Code    14  pwm.o(i.PWM0_0_B_disable)
    PWM0_0_B_enable                          0x00003441   Thumb Code    14  pwm.o(i.PWM0_0_B_enable)
    PWM0_3_A_Duty                            0x00003455   Thumb Code     8  pwm.o(i.PWM0_3_A_Duty)
    PWM0_3_A_Init                            0x00003461   Thumb Code   208  pwm.o(i.PWM0_3_A_Init)
    PWM0_3_A_disable                         0x00003549   Thumb Code    14  pwm.o(i.PWM0_3_A_disable)
    PWM0_3_A_enable                          0x0000355d   Thumb Code    14  pwm.o(i.PWM0_3_A_enable)
    PeriodMeasure_Init                       0x00003571   Thumb Code   196  gpio_dif.o(i.PeriodMeasure_Init)
    PortB_2_3_init                           0x00003655   Thumb Code   104  gpio_dif.o(i.PortB_2_3_init)
    PortB_2_disable                          0x000036d1   Thumb Code    16  gpio_dif.o(i.PortB_2_disable)
    PortB_2_enable                           0x000036e9   Thumb Code    16  gpio_dif.o(i.PortB_2_enable)
    PortB_3_disable                          0x00003701   Thumb Code    16  gpio_dif.o(i.PortB_3_disable)
    PortB_3_enable                           0x00003719   Thumb Code    16  gpio_dif.o(i.PortB_3_enable)
    PortF_1_init                             0x00003731   Thumb Code   108  gpio_dif.o(i.PortF_1_init)
    PortF_2_init                             0x000037ad   Thumb Code   108  gpio_dif.o(i.PortF_2_init)
    Read                                     0x00003829   Thumb Code   442  gyroaccelmag.o(i.Read)
    ReadAk8963Registers                      0x00003a15   Thumb Code    72  gyroaccelmag.o(i.ReadAk8963Registers)
    ReadMagnetometerData                     0x00003a5d   Thumb Code    74  gyroaccelmag.o(i.ReadMagnetometerData)
    ReadRegisters                            0x00003ab1   Thumb Code   110  gyroaccelmag.o(i.ReadRegisters)
    RegisterService                          0x00003b21   Thumb Code    26  ap_services.o(i.RegisterService)
    RxFifo_Get                               0x00003b45   Thumb Code    44  uart1.o(i.RxFifo_Get)
    RxFifo_Init                              0x00003b7d   Thumb Code    16  uart1.o(i.RxFifo_Init)
    RxFifo_Put                               0x00003b99   Thumb Code    56  uart1.o(i.RxFifo_Put)
    Scheduler                                0x00003be1   Thumb Code    42  os.o(i.Scheduler)
    SetFCS                                   0x00003c11   Thumb Code    38  ap_services.o(i.SetFCS)
    SetInitialStack                          0x00003c39   Thumb Code   328  os.o(i.SetInitialStack)
    StartAdvertisement                       0x00003d89   Thumb Code    96  ap_services.o(i.StartAdvertisement)
    SysCtlClockGet                           0x00003dfd   Thumb Code   244  sysctl.o(i.SysCtlClockGet)
    SysCtlPeripheralEnable                   0x00003f05   Thumb Code    46  sysctl.o(i.SysCtlPeripheralEnable)
    TIMER1B_Handler                          0x00003f39   Thumb Code    92  gpio_dif.o(i.TIMER1B_Handler)
    TIMER3A_Handler                          0x00003fb1   Thumb Code   776  gpio_dif.o(i.TIMER3A_Handler)
    TIMER5A_Handler                          0x000042f1   Thumb Code    16  texas.o(i.TIMER5A_Handler)
    TIMER_1_A_PWM_Duty                       0x00004309   Thumb Code    12  pwm.o(i.TIMER_1_A_PWM_Duty)
    TIMER_1_A_PWM_Init                       0x00004319   Thumb Code   126  pwm.o(i.TIMER_1_A_PWM_Init)
    TIMER_1_A_PWM_disable                    0x000043ad   Thumb Code    14  pwm.o(i.TIMER_1_A_PWM_disable)
    TIMER_1_A_PWM_enable                     0x000043c1   Thumb Code    14  pwm.o(i.TIMER_1_A_PWM_enable)
    Task0                                    0x000043d5   Thumb Code    28  robotcar.o(i.Task0)
    Task1                                    0x000043f5   Thumb Code    70  robotcar.o(i.Task1)
    Task2                                    0x00004455   Thumb Code   238  robotcar.o(i.Task2)
    Task3                                    0x0000457d   Thumb Code    28  robotcar.o(i.Task3)
    Task4                                    0x000045a1   Thumb Code     4  robotcar.o(i.Task4)
    Task5                                    0x000045a5   Thumb Code    34  robotcar.o(i.Task5)
    Task6                                    0x000045d1   Thumb Code    28  robotcar.o(i.Task6)
    Task7                                    0x000045f9   Thumb Code   212  robotcar.o(i.Task7)
    Task8                                    0x000046ed   Thumb Code     4  robotcar.o(i.Task8)
    Task9                                    0x000046f1   Thumb Code     4  robotcar.o(i.Task9)
    TempHumiditySensor_End                   0x000046f5   Thumb Code    14  temphumidity.o(i.TempHumiditySensor_End)
    TempHumiditySensor_Start                 0x00004703   Thumb Code    24  temphumidity.o(i.TempHumiditySensor_Start)
    Timer3_Init                              0x0000471d   Thumb Code   102  gpio_dif.o(i.Timer3_Init)
    UART0_Init                               0x000047b5   Thumb Code   160  uart0.o(i.UART0_Init)
    UART0_OutChar                            0x0000486d   Thumb Code    20  uart0.o(i.UART0_OutChar)
    UART0_OutString                          0x00004885   Thumb Code    24  uart0.o(i.UART0_OutString)
    UART0_OutUHex                            0x0000489d   Thumb Code    52  uart0.o(i.UART0_OutUHex)
    UART1_FinishOutput                       0x000048d1   Thumb Code    30  uart1.o(i.UART1_FinishOutput)
    UART1_Handler                            0x000048f5   Thumb Code    44  uart1.o(i.UART1_Handler)
    UART1_InChar                             0x00004925   Thumb Code    20  uart1.o(i.UART1_InChar)
    UART1_InStatus                           0x00004939   Thumb Code    14  uart1.o(i.UART1_InStatus)
    UART1_Init                               0x00004951   Thumb Code   180  uart1.o(i.UART1_Init)
    UART1_OutChar                            0x00004a1d   Thumb Code    20  uart1.o(i.UART1_OutChar)
    UARTCharPut                              0x00004a35   Thumb Code    16  uart.o(i.UARTCharPut)
    UARTprintf                               0x00004a45   Thumb Code    26  uartstdio.o(i.UARTprintf)
    UARTvprintf                              0x00004a61   Thumb Code   574  uartstdio.o(i.UARTvprintf)
    UARTwrite                                0x00004cb1   Thumb Code    46  uartstdio.o(i.UARTwrite)
    WideTimer3A_Handler                      0x00004ce5   Thumb Code    16  bsp.o(i.WideTimer3A_Handler)
    WideTimer4A_Handler                      0x00004cfd   Thumb Code    16  bsp.o(i.WideTimer4A_Handler)
    WideTimer5A_Handler                      0x00004d15   Thumb Code    16  bsp.o(i.WideTimer5A_Handler)
    WriteAk8963Register                      0x00004d2d   Thumb Code    94  gyroaccelmag.o(i.WriteAk8963Register)
    WriteRegisterByte                        0x00004d8b   Thumb Code    22  gyroaccelmag.o(i.WriteRegisterByte)
    ledToggleBlue                            0x00004e71   Thumb Code    16  gpio_dif.o(i.ledToggleBlue)
    ledToggleRed                             0x00004e89   Thumb Code    16  gpio_dif.o(i.ledToggleRed)
    main                                     0x00004ea1   Thumb Code   230  robotcar.o(i.main)
    servoupdownarm                           0x00005001   Thumb Code    14  servotd8120mg.o(i.servoupdownarm)
    setDesiredSpeed                          0x00005011   Thumb Code    22  gpio_dif.o(i.setDesiredSpeed)
    __aeabi_fadd                             0x00005031   Thumb Code     0  faddsub_clz.o(x$fpl$fadd)
    _fadd                                    0x00005031   Thumb Code   196  faddsub_clz.o(x$fpl$fadd)
    __fpl_fcmp_Inf                           0x000050f5   Thumb Code    24  fcmpi.o(x$fpl$fcmpinf)
    __aeabi_fdiv                             0x0000510d   Thumb Code     0  fdiv.o(x$fpl$fdiv)
    _fdiv                                    0x0000510d   Thumb Code   384  fdiv.o(x$fpl$fdiv)
    __aeabi_cfcmpeq                          0x00005291   Thumb Code     0  feqf.o(x$fpl$feqf)
    _fcmpeq                                  0x00005291   Thumb Code   104  feqf.o(x$fpl$feqf)
    __aeabi_f2uiz                            0x000052f9   Thumb Code     0  ffixu.o(x$fpl$ffixu)
    _ffixu                                   0x000052f9   Thumb Code    62  ffixu.o(x$fpl$ffixu)
    __aeabi_ui2f                             0x00005339   Thumb Code     0  fflt_clz.o(x$fpl$ffltu)
    _ffltu                                   0x00005339   Thumb Code    38  fflt_clz.o(x$fpl$ffltu)
    __aeabi_cfcmple                          0x00005361   Thumb Code     0  fleqf.o(x$fpl$fleqf)
    _fcmple                                  0x00005361   Thumb Code   104  fleqf.o(x$fpl$fleqf)
    __fpl_fcmple_InfNaN                      0x000053b3   Thumb Code     0  fleqf.o(x$fpl$fleqf)
    __aeabi_fmul                             0x000053c9   Thumb Code     0  fmul.o(x$fpl$fmul)
    _fmul                                    0x000053c9   Thumb Code   258  fmul.o(x$fpl$fmul)
    __fpl_fnaninf                            0x000054cb   Thumb Code   140  fnaninf.o(x$fpl$fnaninf)
    __fpl_fretinf                            0x00005557   Thumb Code    10  fretinf.o(x$fpl$fretinf)
    __aeabi_cfrcmple                         0x00005561   Thumb Code     0  frleqf.o(x$fpl$frleqf)
    _frcmple                                 0x00005561   Thumb Code    98  frleqf.o(x$fpl$frleqf)
    __aeabi_fsub                             0x000055c5   Thumb Code     0  faddsub_clz.o(x$fpl$fsub)
    _fsub                                    0x000055c5   Thumb Code   234  faddsub_clz.o(x$fpl$fsub)
    __I$use$fp                               0x000056ae   Number         0  usenofp.o(x$fpl$usenofp)
    RECVSIZE                                 0x000056b0   Data           4  ap.o(.constdata)
    HCI_EXT_ResetSystemCmd                   0x000056b4   Data           9  ap.o(.constdata)
    NPI_GetStatus                            0x000056bd   Data           6  ap.o(.constdata)
    NPI_GetVersion                           0x000056c3   Data           6  ap.o(.constdata)
    NPI_Register                             0x000056c9   Data           6  ap.o(.constdata)
    NPI_SetAdvertisement1                    0x000056cf   Data          17  ap.o(.constdata)
    NPI_SetAdvertisementSAP                  0x000056e0   Data          37  ap.o(.constdata)
    NPI_StartAdvertisement                   0x00005705   Data          20  ap.o(.constdata)
    MAXCHARACTERISTICS                       0x0000571c   Data           4  ap.o(.constdata)
    NOTIFYMAXCHARACTERISTICS                 0x00005720   Data           4  ap.o(.constdata)
    Region$$Table$$Base                      0x00005c5c   Number         0  anon$$obj.o(Region$$Table)
    Region$$Table$$Limit                     0x00005c7c   Number         0  anon$$obj.o(Region$$Table)
    StX                                      0x20000008   Data           4  bsp.o(.data)
    StY                                      0x2000000c   Data           4  bsp.o(.data)
    StTextColor                              0x20000010   Data           2  bsp.o(.data)
    Messageindex                             0x20000018   Data           4  bsp.o(.data)
    TimeIndex                                0x2000001c   Data           4  bsp.o(.data)
    Ymax                                     0x20000020   Data           4  bsp.o(.data)
    Ymin                                     0x20000024   Data           4  bsp.o(.data)
    Yrange                                   0x20000028   Data           4  bsp.o(.data)
    PlotBGColor                              0x2000002c   Data           2  bsp.o(.data)
    PeriodicTask                             0x20000030   Data           4  bsp.o(.data)
    PeriodicTaskB                            0x20000034   Data           4  bsp.o(.data)
    PeriodicTaskC                            0x20000038   Data           4  bsp.o(.data)
    LightBusy                                0x2000003c   Data           4  bsp.o(.data)
    TempBusy                                 0x20000040   Data           4  bsp.o(.data)
    RunPt                                    0x20000044   Data           4  os.o(.data)
    PeriodUserTask                           0x20000048   Data           4  os.o(.data)
    periodTask                               0x2000004c   Data           4  os.o(.data)
    Counter                                  0x20000050   Data           4  os.o(.data)
    periodicThreadCnt                        0x20000054   Data           4  os.o(.data)
    PutI                                     0x20000058   Data           4  os.o(.data)
    GetI                                     0x2000005c   Data           4  os.o(.data)
    CurrentSize                              0x20000060   Data           4  os.o(.data)
    LostData                                 0x20000064   Data           4  os.o(.data)
    PeriodicSemaphore0                       0x20000068   Data           4  os.o(.data)
    Period0                                  0x2000006c   Data           4  os.o(.data)
    PeriodicSemaphore1                       0x20000070   Data           4  os.o(.data)
    Period1                                  0x20000074   Data           4  os.o(.data)
    edgeSemaphore                            0x20000078   Data           4  os.o(.data)
    SpeedWheels                              0x20000080   Data           4  robotcar.o(.data)
    DirectionWheels                          0x20000084   Data           4  robotcar.o(.data)
    AngleWheels                              0x20000088   Data           4  robotcar.o(.data)
    BuzzerVolume                             0x2000008c   Data           4  robotcar.o(.data)
    BuzzerVolumeUpdatedNotNull               0x20000090   Data           4  robotcar.o(.data)
    selectedOptions                          0x20000094   Data           4  robotcar.o(.data)
    tempHumidityData                         0x20000098   Data           6  robotcar.o(.data)
    magnetometerData                         0x2000009e   Data           6  robotcar.o(.data)
    magnetometerData2                        0x200000a4   Data           6  robotcar.o(.data)
    speedPhotoData                           0x200000aa   Data           3  robotcar.o(.data)
    HighBeamPower                            0x200000b0   Data           4  robotcar.o(.data)
    ControlledSpeed                          0x200000b4   Data           4  robotcar.o(.data)
    WarningBlinking                          0x200000b8   Data           4  robotcar.o(.data)
    LightAuto                                0x200000bc   Data           4  robotcar.o(.data)
    HightBeam                                0x200000c0   Data           4  robotcar.o(.data)
    ParkingLight                             0x200000c4   Data           4  robotcar.o(.data)
    BuzzerIsOn                               0x200000c8   Data           4  robotcar.o(.data)
    StartAuto                                0x200000cc   Data           4  robotcar.o(.data)
    StearingDirection                        0x200000d0   Data           4  robotcar.o(.data)
    DCDirection                              0x200000d4   Data           4  robotcar.o(.data)
    lastLightStatus                          0x200000d8   Data           4  robotcar.o(.data)
    LastWarningBlinkingState                 0x200000dc   Data           4  robotcar.o(.data)
    LastParkingLightState                    0x200000e0   Data           4  robotcar.o(.data)
    LastHighBeamState                        0x200000e4   Data           4  robotcar.o(.data)
    LastLightAuto                            0x200000e8   Data           4  robotcar.o(.data)
    LastSignalState                          0x200000ec   Data           4  robotcar.o(.data)
    LastStartState                           0x200000f0   Data           4  robotcar.o(.data)
    NewBluetoothDirectionData                0x200000f4   Data           4  robotcar.o(.data)
    NewBluetoothSpeedData                    0x200000f8   Data           4  robotcar.o(.data)
    AnglePositionChanged                     0x200000fc   Data           4  robotcar.o(.data)
    BackwardDCPositionChanged                0x20000100   Data           4  robotcar.o(.data)
    NewTempHumidityData                      0x20000104   Data           4  robotcar.o(.data)
    CANmutex                                 0x20000108   Data           4  robotcar.o(.data)
    Buzzermutex                              0x2000010c   Data           4  robotcar.o(.data)
    SendTempHumidityFlag                     0x20000110   Data           1  robotcar.o(.data)
    SendMagnetometerFlag                     0x20000111   Data           1  robotcar.o(.data)
    pui8MsgDataT                             0x20000112   Data           2  robotcar.o(.data)
    LeftBlinkingCANObject                    0x20000114   Data           5  robotcar.o(.data)
    NoBlinkingCANObject                      0x20000119   Data           5  robotcar.o(.data)
    RightBlinkingCANObject                   0x2000011e   Data           5  robotcar.o(.data)
    WarningBlinkingOnCANObject               0x20000123   Data           3  robotcar.o(.data)
    WarningBlinkingOffCANObject              0x20000126   Data           3  robotcar.o(.data)
    BackwardLightOnCANObject                 0x20000129   Data           3  robotcar.o(.data)
    BackwardLightOffCANObject                0x2000012c   Data           3  robotcar.o(.data)
    DayLightOnCANObject                      0x2000012f   Data           3  robotcar.o(.data)
    DayLightOffCANObject                     0x20000132   Data           3  robotcar.o(.data)
    LedPWMAutoLightOnCANObject               0x20000135   Data           3  robotcar.o(.data)
    LedPWMAutoLightOffCANObject              0x20000138   Data           3  robotcar.o(.data)
    LedPWMHighBeamOnCANObject                0x2000013b   Data           3  robotcar.o(.data)
    LedPWMHighrBeamOffCANObject              0x2000013e   Data           3  robotcar.o(.data)
    Count0                                   0x20000144   Data           4  robotcar.o(.data)
    LogicData                                0x20000148   Data           1  texas.o(.data)
    Id                                       0x2000014c   Data           4  texas.o(.data)
    Index0                                   0x20000150   Data           4  texas.o(.data)
    Index1                                   0x20000154   Data           4  texas.o(.data)
    Index2                                   0x20000158   Data           4  texas.o(.data)
    Index3                                   0x2000015c   Data           4  texas.o(.data)
    Index4                                   0x20000160   Data           4  texas.o(.data)
    Index5                                   0x20000164   Data           4  texas.o(.data)
    Index6                                   0x20000168   Data           4  texas.o(.data)
    PeriodicTask2                            0x2000016c   Data           4  texas.o(.data)
    Messageindexb                            0x20000170   Data           4  texas.o(.data)
    Messageb                                 0x20000174   Data           8  texas.o(.data)
    Duty                                     0x2000018c   Data           4  servotd8120mg.o(.data)
    fcserr                                   0x20000190   Data           4  ap.o(.data)
    TimeOutErr                               0x20000194   Data           4  ap.o(.data)
    NoSOFErr                                 0x20000198   Data           4  ap.o(.data)
    NPI_AddService                           0x2000019c   Data           9  ap.o(.data)
    NPI_GATTSetDeviceName                    0x200001a5   Data          28  ap.o(.data)
    NPI_SetAdvertisementData                 0x200001c1   Data          37  ap.o(.data)
    NPI_ReadConfirmation                     0x200001e6   Data          21  ap.o(.data)
    NPI_WriteConfirmation                    0x200001fb   Data           9  ap.o(.data)
    NPI_CCCDUpdatedConfirmation              0x20000204   Data           9  ap.o(.data)
    NPI_SendNotificationIndication           0x2000020d   Data          18  ap.o(.data)
    NPI_AddCharValue                         0x2000021f   Data          14  ap.o(.data)
    NPI_AddCharDescriptor                    0x2000022d   Data          32  ap.o(.data)
    CharacteristicCount                      0x20000250   Data           4  ap.o(.data)
    NotifyCharacteristicCount                0x20000254   Data           4  ap.o(.data)
    RxPutI                                   0x20000258   Data           4  uart1.o(.data)
    RxGetI                                   0x2000025c   Data           4  uart1.o(.data)
    RxFifoLost                               0x20000260   Data           4  uart1.o(.data)
    lightIntensity                           0x20000264   Data           4  adct0.o(.data)
    ADCvalue                                 0x20000268   Data           4  adct0.o(.data)
    ADCvalueVolt                             0x2000026c   Data           4  adct0.o(.data)
    CountInterrupt                           0x20000270   Data           4  gpio_dif.o(.data)
    Period                                   0x20000274   Data           4  gpio_dif.o(.data)
    PeriodTemp                               0x20000278   Data           4  gpio_dif.o(.data)
    First                                    0x2000027c   Data           4  gpio_dif.o(.data)
    Last                                     0x20000280   Data           4  gpio_dif.o(.data)
    DoneRising                               0x20000284   Data           4  gpio_dif.o(.data)
    edgeIndex                                0x20000288   Data           4  gpio_dif.o(.data)
    measuredSpeed                            0x2000028c   Data           4  gpio_dif.o(.data)
    desiredSpeed                             0x20000290   Data           4  gpio_dif.o(.data)
    E                                        0x20000294   Data           4  gpio_dif.o(.data)
    O                                        0x20000298   Data           4  gpio_dif.o(.data)
    direction                                0x2000029c   Data           4  gpio_dif.o(.data)
    new_imu_data_                            0x200002a0   Data           4  gyroaccelmag.o(.data)
    new_mag_data_                            0x200002a4   Data           4  gyroaccelmag.o(.data)
    mag_sensor_overflow_                     0x200002a8   Data           4  gyroaccelmag.o(.data)
    mag_data_                                0x200002ac   Data           8  gyroaccelmag.o(.data)
    accel_cnts_                              0x200002b4   Data           6  gyroaccelmag.o(.data)
    gyro_cnts_                               0x200002ba   Data           6  gyroaccelmag.o(.data)
    temp_cnts_                               0x200002c0   Data           2  gyroaccelmag.o(.data)
    mag_cnts_                                0x200002c2   Data           6  gyroaccelmag.o(.data)
    accel_cnts_u                             0x200002c8   Data           6  gyroaccelmag.o(.data)
    gyro_cnts_u                              0x200002ce   Data           6  gyroaccelmag.o(.data)
    temp_cnts_u                              0x200002d4   Data           2  gyroaccelmag.o(.data)
    mag_cnts_u                               0x200002d6   Data           6  gyroaccelmag.o(.data)
    temp_                                    0x200002dc   Data           4  gyroaccelmag.o(.data)
    accel_scale_                             0x200002e0   Data           4  gyroaccelmag.o(.data)
    requested_accel_scale_                   0x200002e4   Data           4  gyroaccelmag.o(.data)
    gyro_scale_                              0x200002e8   Data           4  gyroaccelmag.o(.data)
    requested_gyro_scale_                    0x200002ec   Data           4  gyroaccelmag.o(.data)
    srd_                                     0x200002f0   Data           1  gyroaccelmag.o(.data)
    who_am_i_                                0x200002f1   Data           1  gyroaccelmag.o(.data)
    asa_buff_                                0x200002f2   Data           3  gyroaccelmag.o(.data)
    accel_range_                             0x200002f5   Data           1  gyroaccelmag.o(.data)
    requested_accel_range_                   0x200002f6   Data           1  gyroaccelmag.o(.data)
    gyro_range_                              0x200002f7   Data           1  gyroaccelmag.o(.data)
    requested_gyro_range_                    0x200002f8   Data           1  gyroaccelmag.o(.data)
    dlpf_bandwidth_                          0x200002f9   Data           1  gyroaccelmag.o(.data)
    requested_dlpf_                          0x200002fa   Data           1  gyroaccelmag.o(.data)
    rawDataShort                             0x200002fc   Data           2  gyroaccelmag.o(.data)
    rawDataLong                              0x20000300   Data           4  gyroaccelmag.o(.data)
    newMagData                               0x20000304   Data           4  gyroaccelmag.o(.data)
    new_imu_data                             0x20000308   Data           4  gyroaccelmag.o(.data)
    accel_x_mps2                             0x2000030c   Data           2  gyroaccelmag.o(.data)
    accel_y_mps2                             0x2000030e   Data           2  gyroaccelmag.o(.data)
    accel_z_mps2                             0x20000310   Data           2  gyroaccelmag.o(.data)
    mag_x_ut_f                               0x20000314   Data           4  gyroaccelmag.o(.data)
    mag_y_ut_f                               0x20000318   Data           4  gyroaccelmag.o(.data)
    mag_z_ut_f                               0x2000031c   Data           4  gyroaccelmag.o(.data)
    mag_x_ut_u                               0x20000320   Data           2  gyroaccelmag.o(.data)
    mag_y_ut_u                               0x20000322   Data           2  gyroaccelmag.o(.data)
    mag_z_ut_u                               0x20000324   Data           2  gyroaccelmag.o(.data)
    accel_x_mps2_u                           0x20000326   Data           2  gyroaccelmag.o(.data)
    accel_y_mps2_u                           0x20000328   Data           2  gyroaccelmag.o(.data)
    accel_z_mps2_u                           0x2000032a   Data           2  gyroaccelmag.o(.data)
    gyro_x_radps_u                           0x2000032c   Data           2  gyroaccelmag.o(.data)
    gyro_y_radps_u                           0x2000032e   Data           2  gyroaccelmag.o(.data)
    gyro_z_radps_u                           0x20000330   Data           2  gyroaccelmag.o(.data)
    die_temp_c                               0x20000334   Data           4  gyroaccelmag.o(.data)
    whoAmI                                   0x20000338   Data           1  gyroaccelmag.o(.data)
    AxelXY                                   0x2000033a   Data           2  gyroaccelmag.o(.data)
    AxelXY_2                                 0x2000033c   Data           2  gyroaccelmag.o(.data)
    x                                        0x2000033e   Data           1  gyroaccelmag.o(.data)
    y                                        0x2000033f   Data           1  gyroaccelmag.o(.data)
    g_ui32MsgCountR                          0x20000340   Data           4  cantransmitreceive.o(.data)
    g_ui32MsgCountT                          0x20000344   Data           4  cantransmitreceive.o(.data)
    g_bRXFlag                                0x20000348   Data           1  cantransmitreceive.o(.data)
    g_bTXFlag                                0x20000349   Data           1  cantransmitreceive.o(.data)
    g_bErrFlag                               0x2000034a   Data           1  cantransmitreceive.o(.data)
    pui8MsgData                              0x2000034b   Data           8  cantransmitreceive.o(.data)
    tcbs                                     0x2000066c   Data         200  os.o(.bss)
    Stacks                                   0x20000734   Data        8000  os.o(.bss)
    Fifo                                     0x20002674   Data          40  os.o(.bss)
    RecvBuf                                  0x2000269c   Data         128  ap.o(.bss)
    CharacteristicList                       0x2000271c   Data         160  ap.o(.bss)
    NotifyCharacteristicList                 0x200027bc   Data          80  ap.o(.bss)
    RxFIFO                                   0x2000280c   Data         256  uart1.o(.bss)
    lastPeriods                              0x2000290c   Data         200  gpio_dif.o(.bss)
    PID                                      0x200029d4   Data          32  gpio_dif.o(.bss)
    data_buf_                                0x200029f4   Data          23  gyroaccelmag.o(.bss)
    accel_                                   0x20002a0c   Data          12  gyroaccelmag.o(.bss)
    gyro_                                    0x20002a18   Data          12  gyroaccelmag.o(.bss)
    mag_                                     0x20002a24   Data          12  gyroaccelmag.o(.bss)
    mag_scale_                               0x20002a30   Data          12  gyroaccelmag.o(.bss)
    sCANMessage                              0x20002a3c   Data          20  cantransmitreceive.o(.bss)
    sCANMessageT                             0x20002a50   Data          20  cantransmitreceive.o(.bss)
    __libspace_start                         0x20002a64   Data          96  libspace.o(.bss)
    __temporary_stack_top$libspace           0x20002ac4   Data           0  libspace.o(.bss)



==============================================================================

Memory Map of the image

  Image Entry point : 0x000003a1

  Load Region LR_1 (Base: 0x00000000, Size: 0x000062e8, Max: 0xffffffff, ABSOLUTE, COMPRESSED[0x00005d4c])

    Execution Region ER_RO (Exec base: 0x00000000, Load base: 0x00000000, Size: 0x00005c7c, Max: 0xffffffff, ABSOLUTE)

    Exec Addr    Load Addr    Size         Type   Attr      Idx    E Section Name        Object

    0x00000000   0x00000000   0x0000026c   Data   RO         3612    RESET               startup_tm4c123.o
    0x0000026c   0x0000026c   0x00000008   Code   RO         3684  * !!!main             c_w.l(__main.o)
    0x00000274   0x00000274   0x00000034   Code   RO         3880    !!!scatter          c_w.l(__scatter.o)
    0x000002a8   0x000002a8   0x0000005a   Code   RO         3878    !!dczerorl2         c_w.l(__dczerorl2.o)
    0x00000302   0x00000302   0x00000002   PAD
    0x00000304   0x00000304   0x0000001c   Code   RO         3882    !!handler_zi        c_w.l(__scatter_zi.o)
    0x00000320   0x00000320   0x00000002   Code   RO         3746    .ARM.Collect$$libinit$$00000000  c_w.l(libinit.o)
    0x00000322   0x00000322   0x00000000   Code   RO         3753    .ARM.Collect$$libinit$$00000002  c_w.l(libinit2.o)
    0x00000322   0x00000322   0x00000000   Code   RO         3755    .ARM.Collect$$libinit$$00000004  c_w.l(libinit2.o)
    0x00000322   0x00000322   0x00000000   Code   RO         3758    .ARM.Collect$$libinit$$0000000A  c_w.l(libinit2.o)
    0x00000322   0x00000322   0x00000000   Code   RO         3760    .ARM.Collect$$libinit$$0000000C  c_w.l(libinit2.o)
    0x00000322   0x00000322   0x00000000   Code   RO         3762    .ARM.Collect$$libinit$$0000000E  c_w.l(libinit2.o)
    0x00000322   0x00000322   0x00000000   Code   RO         3765    .ARM.Collect$$libinit$$00000011  c_w.l(libinit2.o)
    0x00000322   0x00000322   0x00000000   Code   RO         3767    .ARM.Collect$$libinit$$00000013  c_w.l(libinit2.o)
    0x00000322   0x00000322   0x00000000   Code   RO         3769    .ARM.Collect$$libinit$$00000015  c_w.l(libinit2.o)
    0x00000322   0x00000322   0x00000000   Code   RO         3771    .ARM.Collect$$libinit$$00000017  c_w.l(libinit2.o)
    0x00000322   0x00000322   0x00000000   Code   RO         3773    .ARM.Collect$$libinit$$00000019  c_w.l(libinit2.o)
    0x00000322   0x00000322   0x00000000   Code   RO         3775    .ARM.Collect$$libinit$$0000001B  c_w.l(libinit2.o)
    0x00000322   0x00000322   0x00000000   Code   RO         3777    .ARM.Collect$$libinit$$0000001D  c_w.l(libinit2.o)
    0x00000322   0x00000322   0x00000000   Code   RO         3779    .ARM.Collect$$libinit$$0000001F  c_w.l(libinit2.o)
    0x00000322   0x00000322   0x00000000   Code   RO         3781    .ARM.Collect$$libinit$$00000021  c_w.l(libinit2.o)
    0x00000322   0x00000322   0x00000000   Code   RO         3783    .ARM.Collect$$libinit$$00000023  c_w.l(libinit2.o)
    0x00000322   0x00000322   0x00000000   Code   RO         3785    .ARM.Collect$$libinit$$00000025  c_w.l(libinit2.o)
    0x00000322   0x00000322   0x00000000   Code   RO         3789    .ARM.Collect$$libinit$$0000002C  c_w.l(libinit2.o)
    0x00000322   0x00000322   0x00000000   Code   RO         3791    .ARM.Collect$$libinit$$0000002E  c_w.l(libinit2.o)
    0x00000322   0x00000322   0x00000000   Code   RO         3793    .ARM.Collect$$libinit$$00000030  c_w.l(libinit2.o)
    0x00000322   0x00000322   0x00000000   Code   RO         3795    .ARM.Collect$$libinit$$00000032  c_w.l(libinit2.o)
    0x00000322   0x00000322   0x00000002   Code   RO         3796    .ARM.Collect$$libinit$$00000033  c_w.l(libinit2.o)
    0x00000324   0x00000324   0x00000002   Code   RO         3816    .ARM.Collect$$libshutdown$$00000000  c_w.l(libshutdown.o)
    0x00000326   0x00000326   0x00000000   Code   RO         3829    .ARM.Collect$$libshutdown$$00000002  c_w.l(libshutdown2.o)
    0x00000326   0x00000326   0x00000000   Code   RO         3831    .ARM.Collect$$libshutdown$$00000004  c_w.l(libshutdown2.o)
    0x00000326   0x00000326   0x00000000   Code   RO         3833    .ARM.Collect$$libshutdown$$00000006  c_w.l(libshutdown2.o)
    0x00000326   0x00000326   0x00000000   Code   RO         3836    .ARM.Collect$$libshutdown$$00000009  c_w.l(libshutdown2.o)
    0x00000326   0x00000326   0x00000000   Code   RO         3839    .ARM.Collect$$libshutdown$$0000000C  c_w.l(libshutdown2.o)
    0x00000326   0x00000326   0x00000000   Code   RO         3841    .ARM.Collect$$libshutdown$$0000000E  c_w.l(libshutdown2.o)
    0x00000326   0x00000326   0x00000000   Code   RO         3844    .ARM.Collect$$libshutdown$$00000011  c_w.l(libshutdown2.o)
    0x00000326   0x00000326   0x00000002   Code   RO         3845    .ARM.Collect$$libshutdown$$00000012  c_w.l(libshutdown2.o)
    0x00000328   0x00000328   0x00000000   Code   RO         3712    .ARM.Collect$$rtentry$$00000000  c_w.l(__rtentry.o)
    0x00000328   0x00000328   0x00000000   Code   RO         3723    .ARM.Collect$$rtentry$$00000002  c_w.l(__rtentry2.o)
    0x00000328   0x00000328   0x00000006   Code   RO         3735    .ARM.Collect$$rtentry$$00000004  c_w.l(__rtentry4.o)
    0x0000032e   0x0000032e   0x00000000   Code   RO         3725    .ARM.Collect$$rtentry$$00000009  c_w.l(__rtentry2.o)
    0x0000032e   0x0000032e   0x00000004   Code   RO         3726    .ARM.Collect$$rtentry$$0000000A  c_w.l(__rtentry2.o)
    0x00000332   0x00000332   0x00000000   Code   RO         3728    .ARM.Collect$$rtentry$$0000000C  c_w.l(__rtentry2.o)
    0x00000332   0x00000332   0x00000008   Code   RO         3729    .ARM.Collect$$rtentry$$0000000D  c_w.l(__rtentry2.o)
    0x0000033a   0x0000033a   0x00000002   Code   RO         3750    .ARM.Collect$$rtexit$$00000000  c_w.l(rtexit.o)
    0x0000033c   0x0000033c   0x00000000   Code   RO         3798    .ARM.Collect$$rtexit$$00000002  c_w.l(rtexit2.o)
    0x0000033c   0x0000033c   0x00000004   Code   RO         3799    .ARM.Collect$$rtexit$$00000003  c_w.l(rtexit2.o)
    0x00000340   0x00000340   0x00000006   Code   RO         3800    .ARM.Collect$$rtexit$$00000004  c_w.l(rtexit2.o)
    0x00000346   0x00000346   0x00000002   PAD
    0x00000348   0x00000348   0x00000006   Code   RO         1713    .emb_text           cortexm.o
    0x0000034e   0x0000034e   0x00000002   PAD
    0x00000350   0x00000350   0x00000006   Code   RO         2131    .emb_text           gyroaccelmag.o
    0x00000356   0x00000356   0x00000002   PAD
    0x00000358   0x00000358   0x00000048   Code   RO          499    .text               osasm.o
    0x000003a0   0x000003a0   0x00000124   Code   RO         3613  * .text               startup_tm4c123.o
    0x000004c4   0x000004c4   0x00000006   Code   RO         3682    .text               c_w.l(heapauxi.o)
    0x000004ca   0x000004ca   0x0000004a   Code   RO         3737    .text               c_w.l(sys_stackheap_outer.o)
    0x00000514   0x00000514   0x00000012   Code   RO         3739    .text               c_w.l(exit.o)
    0x00000526   0x00000526   0x00000002   PAD
    0x00000528   0x00000528   0x00000008   Code   RO         3747    .text               c_w.l(libspace.o)
    0x00000530   0x00000530   0x0000000c   Code   RO         3808    .text               c_w.l(sys_exit.o)
    0x0000053c   0x0000053c   0x00000002   Code   RO         3819    .text               c_w.l(use_no_semi.o)
    0x0000053e   0x0000053e   0x00000000   Code   RO         3821    .text               c_w.l(indicate_semi.o)
    0x0000053e   0x0000053e   0x00000002   PAD
    0x00000540   0x00000540   0x00000028   Code   RO         1954    i.ADC0Seq3_Handler  adct0.o
    0x00000568   0x00000568   0x00000428   Code   RO         1955    i.ADC0_InitTimer0ATriggerSeq3  adct0.o
    0x00000990   0x00000990   0x00000014   Code   RO         2217    i.AD_Init           lightsensoe.o
    0x000009a4   0x000009a4   0x000001e0   Code   RO         1435    i.AP_BackgroundProcess  ap.o
    0x00000b84   0x00000b84   0x0000000e   Code   RO         1437    i.AP_GetSize        ap.o
    0x00000b92   0x00000b92   0x00000002   PAD
    0x00000b94   0x00000b94   0x000000c0   Code   RO         1440    i.AP_Init           ap.o
    0x00000c54   0x00000c54   0x00000134   Code   RO         1441    i.AP_RecvMessage    ap.o
    0x00000d88   0x00000d88   0x00000010   Code   RO         1442    i.AP_RecvStatus     ap.o
    0x00000d98   0x00000d98   0x00000028   Code   RO         1444    i.AP_Reset          ap.o
    0x00000dc0   0x00000dc0   0x000000d4   Code   RO         1445    i.AP_SendMessage    ap.o
    0x00000e94   0x00000e94   0x0000002e   Code   RO         1446    i.AP_SendMessageResponse  ap.o
    0x00000ec2   0x00000ec2   0x00000002   PAD
    0x00000ec4   0x00000ec4   0x000000ec   Code   RO         1302    i.AddCharacteristic  ap_services.o
    0x00000fb0   0x00000fb0   0x00000028   Code   RO         1304    i.AddService        ap_services.o
    0x00000fd8   0x00000fd8   0x00000064   Code   RO         1254    i.Angle             servotd8120mg.o
    0x0000103c   0x0000103c   0x0000000c   Code   RO           10    i.BSP_Clock_GetFreq  bsp.o
    0x00001048   0x00001048   0x0000008c   Code   RO           11    i.BSP_Clock_InitFastest  bsp.o
    0x000010d4   0x000010d4   0x000000c0   Code   RO           42    i.BSP_PeriodicTask_Init  bsp.o
    0x00001194   0x00001194   0x000000bc   Code   RO           43    i.BSP_PeriodicTask_InitB  bsp.o
    0x00001250   0x00001250   0x00000018   Code   RO           47    i.BSP_PeriodicTask_StopB  bsp.o
    0x00001268   0x00001268   0x00000050   Code   RO          667    i.BackwardPeriodicalSignal  robotcar.o
    0x000012b8   0x000012b8   0x0000024c   Code   RO          668    i.Bluetooth_Init    robotcar.o
    0x00001504   0x00001504   0x00000002   Code   RO          669    i.Bluetooth_Read_Buzzer_Value  robotcar.o
    0x00001506   0x00001506   0x00000002   Code   RO          670    i.Bluetooth_Read_HighBeamPower_Value  robotcar.o
    0x00001508   0x00001508   0x00000002   Code   RO          671    i.Bluetooth_Read_Magnet_Value  robotcar.o
    0x0000150a   0x0000150a   0x00000002   Code   RO          672    i.Bluetooth_Read_Options_Value  robotcar.o
    0x0000150c   0x0000150c   0x00000024   Code   RO          673    i.Bluetooth_Read_SpeedSensor_Value  robotcar.o
    0x00001530   0x00001530   0x00000002   Code   RO          674    i.Bluetooth_Read_Speed_Backward_Motor_Value  robotcar.o
    0x00001532   0x00001532   0x00000002   Code   RO          675    i.Bluetooth_Read_Speed_Forward_Motor_Value  robotcar.o
    0x00001534   0x00001534   0x00000002   Code   RO          676    i.Bluetooth_Read_Stear_Angle_Value  robotcar.o
    0x00001536   0x00001536   0x00000002   Code   RO          677    i.Bluetooth_Read_TempHumidity_Value  robotcar.o
    0x00001538   0x00001538   0x00000048   Code   RO          679    i.Bluetooth_Write_Buzzer_Value  robotcar.o
    0x00001580   0x00001580   0x00000038   Code   RO          680    i.Bluetooth_Write_HighBeamPower_Value  robotcar.o
    0x000015b8   0x000015b8   0x00000002   Code   RO          681    i.Bluetooth_Write_Magnet_Value  robotcar.o
    0x000015ba   0x000015ba   0x00000002   PAD
    0x000015bc   0x000015bc   0x000000b8   Code   RO          682    i.Bluetooth_Write_Options_Value  robotcar.o
    0x00001674   0x00001674   0x00000002   Code   RO          683    i.Bluetooth_Write_SpeedSensor_Value  robotcar.o
    0x00001676   0x00001676   0x00000002   PAD
    0x00001678   0x00001678   0x00000088   Code   RO          684    i.Bluetooth_Write_Speed_Backward_Motor_Value  robotcar.o
    0x00001700   0x00001700   0x00000064   Code   RO          685    i.Bluetooth_Write_Speed_Forward_Motor_Value  robotcar.o
    0x00001764   0x00001764   0x000000b8   Code   RO          686    i.Bluetooth_Write_Stear_Angle_Value  robotcar.o
    0x0000181c   0x0000181c   0x00000002   Code   RO          687    i.Bluetooth_Write_TempHumidity_Value  robotcar.o
    0x0000181e   0x0000181e   0x00000058   Code   RO         1305    i.BuildAddCharDescriptorMsg  ap_services.o
    0x00001876   0x00001876   0x00000040   Code   RO         1306    i.BuildAddCharValueMsg  ap_services.o
    0x000018b6   0x000018b6   0x0000002c   Code   RO         1308    i.BuildAddServiceMsg  ap_services.o
    0x000018e2   0x000018e2   0x00000018   Code   RO         1309    i.BuildGetStatusMsg  ap_services.o
    0x000018fa   0x000018fa   0x00000018   Code   RO         1310    i.BuildGetVersionMsg  ap_services.o
    0x00001912   0x00001912   0x0000001e   Code   RO         1311    i.BuildRegisterServiceMsg  ap_services.o
    0x00001930   0x00001930   0x00000048   Code   RO         1312    i.BuildSetAdvertisementData1Msg  ap_services.o
    0x00001978   0x00001978   0x000000a0   Code   RO         1313    i.BuildSetAdvertisementDataMsg  ap_services.o
    0x00001a18   0x00001a18   0x00000044   Code   RO         1314    i.BuildSetDeviceNameMsg  ap_services.o
    0x00001a5c   0x00001a5c   0x0000004c   Code   RO         1315    i.BuildStartAdvertisementMsg  ap_services.o
    0x00001aa8   0x00001aa8   0x00000008   Code   RO         2092    i.BuzzerOff         buzzer.o
    0x00001ab0   0x00001ab0   0x00000012   Code   RO         2093    i.BuzzerOn          buzzer.o
    0x00001ac2   0x00001ac2   0x00000002   PAD
    0x00001ac4   0x00001ac4   0x00000078   Code   RO         2302    i.CANBitRateSet     can.o
    0x00001b3c   0x00001b3c   0x0000000a   Code   RO         2306    i.CANEnable         can.o
    0x00001b46   0x00001b46   0x00000052   Code   RO         2308    i.CANInit           can.o
    0x00001b98   0x00001b98   0x0000002e   Code   RO         2309    i.CANIntClear       can.o
    0x00001bc6   0x00001bc6   0x00000008   Code   RO         2311    i.CANIntEnable      can.o
    0x00001bce   0x00001bce   0x00000002   PAD
    0x00001bd0   0x00001bd0   0x00000188   Code   RO         2229    i.CANIntHandler     cantransmitreceive.o
    0x00001d58   0x00001d58   0x0000001e   Code   RO         2312    i.CANIntRegister    can.o
    0x00001d76   0x00001d76   0x00000026   Code   RO         2313    i.CANIntStatus      can.o
    0x00001d9c   0x00001d9c   0x0000017e   Code   RO         2316    i.CANMessageGet     can.o
    0x00001f1a   0x00001f1a   0x00000180   Code   RO         2317    i.CANMessageSet     can.o
    0x0000209a   0x0000209a   0x0000004e   Code   RO         2320    i.CANStatusGet      can.o
    0x000020e8   0x000020e8   0x000000b0   Code   RO         2230    i.CAN_Init          cantransmitreceive.o
    0x00002198   0x00002198   0x00000088   Code   RO         2231    i.CAN_Send          cantransmitreceive.o
    0x00002220   0x00002220   0x00000016   Code   RO         1714    i.Clock_Delay1ms    cortexm.o
    0x00002236   0x00002236   0x00000002   PAD
    0x00002238   0x00002238   0x00000090   Code   RO         2132    i.ConfigAccelRange  gyroaccelmag.o
    0x000022c8   0x000022c8   0x00000074   Code   RO         2133    i.ConfigDlpfBandwidth  gyroaccelmag.o
    0x0000233c   0x0000233c   0x00000090   Code   RO         2134    i.ConfigGyroRange   gyroaccelmag.o
    0x000023cc   0x000023cc   0x000000a0   Code   RO         2135    i.ConfigSrd         gyroaccelmag.o
    0x0000246c   0x0000246c   0x0000002e   Code   RO         1281    i.DCbackward        dcmotor.o
    0x0000249a   0x0000249a   0x0000002e   Code   RO         1282    i.DCforward         dcmotor.o
    0x000024c8   0x000024c8   0x00000032   Code   RO         2474    i.GPIODirModeSet    gpio.o
    0x000024fa   0x000024fa   0x00000156   Code   RO         2484    i.GPIOPadConfigSet  gpio.o
    0x00002650   0x00002650   0x00000050   Code   RO         2485    i.GPIOPinConfigure  gpio.o
    0x000026a0   0x000026a0   0x0000001e   Code   RO         2488    i.GPIOPinTypeCAN    gpio.o
    0x000026be   0x000026be   0x00000002   PAD
    0x000026c0   0x000026c0   0x00000030   Code   RO          502    i.GPIOPortD_Handler  os.o
    0x000026f0   0x000026f0   0x00000010   Code   RO         1981    i.GPIO_DC_Init      gpio_dif.o
    0x00002700   0x00002700   0x0000013c   Code   RO         1982    i.GPIO_Init         gpio_dif.o
    0x0000283c   0x0000283c   0x0000003c   Code   RO         1316    i.GetStatus         ap_services.o
    0x00002878   0x00002878   0x0000002c   Code   RO         1317    i.GetVersion        ap_services.o
    0x000028a4   0x000028a4   0x00000094   Code   RO         1882    i.I2C1_Init         i2c1.o
    0x00002938   0x00002938   0x00000058   Code   RO         1883    i.I2C1_Recv         i2c1.o
    0x00002990   0x00002990   0x00000038   Code   RO         1887    i.I2C1_RecvByte     i2c1.o
    0x000029c8   0x000029c8   0x00000058   Code   RO         1888    i.I2C1_RecvByteStart  i2c1.o
    0x00002a20   0x00002a20   0x00000038   Code   RO         1889    i.I2C1_RecvByteStop  i2c1.o
    0x00002a58   0x00002a58   0x00000048   Code   RO         1890    i.I2C1_Send1        i2c1.o
    0x00002aa0   0x00002aa0   0x00000064   Code   RO         1891    i.I2C1_Send2        i2c1.o
    0x00002b04   0x00002b04   0x00000090   Code   RO         1828    i.I2C3_Init         i2c3.o
    0x00002b94   0x00002b94   0x000000d8   Code   RO         1832    i.I2C3_Recv6        i2c3.o
    0x00002c6c   0x00002c6c   0x00000048   Code   RO         1833    i.I2C3_Send1        i2c3.o
    0x00002cb4   0x00002cb4   0x000000b0   Code   RO         1835    i.I2C3_Send3        i2c3.o
    0x00002d64   0x00002d64   0x00000204   Code   RO         2136    i.Init_MPU9250      gyroaccelmag.o
    0x00002f68   0x00002f68   0x00000074   Code   RO         2783    i.IntEnable         interrupt.o
    0x00002fdc   0x00002fdc   0x0000003c   Code   RO         2795    i.IntRegister       interrupt.o
    0x00003018   0x00003018   0x000001bc   Code   RO          504    i.OS_AddThreads     os.o
    0x000031d4   0x000031d4   0x0000002c   Code   RO          508    i.OS_FIFO_Init      os.o
    0x00003200   0x00003200   0x00000020   Code   RO          510    i.OS_Init           os.o
    0x00003220   0x00003220   0x00000004   Code   RO          511    i.OS_InitSemaphore  os.o
    0x00003224   0x00003224   0x00000034   Code   RO          512    i.OS_Launch         os.o
    0x00003258   0x00003258   0x00000034   Code   RO          515    i.OS_Signal         os.o
    0x0000328c   0x0000328c   0x00000014   Code   RO          516    i.OS_Sleep          os.o
    0x000032a0   0x000032a0   0x00000018   Code   RO          517    i.OS_Suspend        os.o
    0x000032b8   0x000032b8   0x0000002c   Code   RO          518    i.OS_Wait           os.o
    0x000032e4   0x000032e4   0x0000007c   Code   RO          964    i.PLL_Init          pll.o
    0x00003360   0x00003360   0x0000000c   Code   RO         1733    i.PWM0_0_B_Duty     pwm.o
    0x0000336c   0x0000336c   0x000000c0   Code   RO         1734    i.PWM0_0_B_Init     pwm.o
    0x0000342c   0x0000342c   0x00000014   Code   RO         1735    i.PWM0_0_B_disable  pwm.o
    0x00003440   0x00003440   0x00000014   Code   RO         1736    i.PWM0_0_B_enable   pwm.o
    0x00003454   0x00003454   0x0000000c   Code   RO         1738    i.PWM0_3_A_Duty     pwm.o
    0x00003460   0x00003460   0x000000e8   Code   RO         1739    i.PWM0_3_A_Init     pwm.o
    0x00003548   0x00003548   0x00000014   Code   RO         1740    i.PWM0_3_A_disable  pwm.o
    0x0000355c   0x0000355c   0x00000014   Code   RO         1741    i.PWM0_3_A_enable   pwm.o
    0x00003570   0x00003570   0x000000e4   Code   RO         1983    i.PeriodMeasure_Init  gpio_dif.o
    0x00003654   0x00003654   0x0000007c   Code   RO         1984    i.PortB_2_3_init    gpio_dif.o
    0x000036d0   0x000036d0   0x00000018   Code   RO         1985    i.PortB_2_disable   gpio_dif.o
    0x000036e8   0x000036e8   0x00000018   Code   RO         1986    i.PortB_2_enable    gpio_dif.o
    0x00003700   0x00003700   0x00000018   Code   RO         1987    i.PortB_3_disable   gpio_dif.o
    0x00003718   0x00003718   0x00000018   Code   RO         1988    i.PortB_3_enable    gpio_dif.o
    0x00003730   0x00003730   0x0000007c   Code   RO         1989    i.PortF_1_init      gpio_dif.o
    0x000037ac   0x000037ac   0x0000007c   Code   RO         1990    i.PortF_2_init      gpio_dif.o
    0x00003828   0x00003828   0x000001ec   Code   RO         2137    i.Read              gyroaccelmag.o
    0x00003a14   0x00003a14   0x00000048   Code   RO         2138    i.ReadAk8963Registers  gyroaccelmag.o
    0x00003a5c   0x00003a5c   0x00000054   Code   RO         2139    i.ReadMagnetometerData  gyroaccelmag.o
    0x00003ab0   0x00003ab0   0x0000006e   Code   RO         2140    i.ReadRegisters     gyroaccelmag.o
    0x00003b1e   0x00003b1e   0x00000002   PAD
    0x00003b20   0x00003b20   0x00000024   Code   RO         1318    i.RegisterService   ap_services.o
    0x00003b44   0x00003b44   0x00000038   Code   RO         1635    i.RxFifo_Get        uart1.o
    0x00003b7c   0x00003b7c   0x0000001c   Code   RO         1636    i.RxFifo_Init       uart1.o
    0x00003b98   0x00003b98   0x00000048   Code   RO         1637    i.RxFifo_Put        uart1.o
    0x00003be0   0x00003be0   0x00000030   Code   RO          520    i.Scheduler         os.o
    0x00003c10   0x00003c10   0x00000026   Code   RO         1319    i.SetFCS            ap_services.o
    0x00003c36   0x00003c36   0x00000002   PAD
    0x00003c38   0x00003c38   0x00000150   Code   RO          521    i.SetInitialStack   os.o
    0x00003d88   0x00003d88   0x00000074   Code   RO         1320    i.StartAdvertisement  ap_services.o
    0x00003dfc   0x00003dfc   0x00000108   Code   RO         2900    i.SysCtlClockGet    sysctl.o
    0x00003f04   0x00003f04   0x00000034   Code   RO         2926    i.SysCtlPeripheralEnable  sysctl.o
    0x00003f38   0x00003f38   0x00000078   Code   RO         1991    i.TIMER1B_Handler   gpio_dif.o
    0x00003fb0   0x00003fb0   0x00000340   Code   RO         1992    i.TIMER3A_Handler   gpio_dif.o
    0x000042f0   0x000042f0   0x00000018   Code   RO         1000    i.TIMER5A_Handler   texas.o
    0x00004308   0x00004308   0x00000010   Code   RO         1743    i.TIMER_1_A_PWM_Duty  pwm.o
    0x00004318   0x00004318   0x00000094   Code   RO         1744    i.TIMER_1_A_PWM_Init  pwm.o
    0x000043ac   0x000043ac   0x00000014   Code   RO         1745    i.TIMER_1_A_PWM_disable  pwm.o
    0x000043c0   0x000043c0   0x00000014   Code   RO         1746    i.TIMER_1_A_PWM_enable  pwm.o
    0x000043d4   0x000043d4   0x00000020   Code   RO          690    i.Task0             robotcar.o
    0x000043f4   0x000043f4   0x00000060   Code   RO          691    i.Task1             robotcar.o
    0x00004454   0x00004454   0x00000128   Code   RO          693    i.Task2             robotcar.o
    0x0000457c   0x0000457c   0x00000024   Code   RO          694    i.Task3             robotcar.o
    0x000045a0   0x000045a0   0x00000004   Code   RO          695    i.Task4             robotcar.o
    0x000045a4   0x000045a4   0x0000002c   Code   RO          696    i.Task5             robotcar.o
    0x000045d0   0x000045d0   0x00000028   Code   RO          697    i.Task6             robotcar.o
    0x000045f8   0x000045f8   0x000000f4   Code   RO          698    i.Task7             robotcar.o
    0x000046ec   0x000046ec   0x00000004   Code   RO          699    i.Task8             robotcar.o
    0x000046f0   0x000046f0   0x00000004   Code   RO          700    i.Task9             robotcar.o
    0x000046f4   0x000046f4   0x0000000e   Code   RO         2110    i.TempHumiditySensor_End  temphumidity.o
    0x00004702   0x00004702   0x00000018   Code   RO         2111    i.TempHumiditySensor_Start  temphumidity.o
    0x0000471a   0x0000471a   0x00000002   PAD
    0x0000471c   0x0000471c   0x00000098   Code   RO         1993    i.Timer3_Init       gpio_dif.o
    0x000047b4   0x000047b4   0x000000b8   Code   RO         1561    i.UART0_Init        uart0.o
    0x0000486c   0x0000486c   0x00000018   Code   RO         1562    i.UART0_OutChar     uart0.o
    0x00004884   0x00004884   0x00000018   Code   RO         1563    i.UART0_OutString   uart0.o
    0x0000489c   0x0000489c   0x00000034   Code   RO         1565    i.UART0_OutUHex     uart0.o
    0x000048d0   0x000048d0   0x00000024   Code   RO         1638    i.UART1_FinishOutput  uart1.o
    0x000048f4   0x000048f4   0x00000030   Code   RO         1639    i.UART1_Handler     uart1.o
    0x00004924   0x00004924   0x00000014   Code   RO         1640    i.UART1_InChar      uart1.o
    0x00004938   0x00004938   0x00000018   Code   RO         1641    i.UART1_InStatus    uart1.o
    0x00004950   0x00004950   0x000000cc   Code   RO         1642    i.UART1_Init        uart1.o
    0x00004a1c   0x00004a1c   0x00000018   Code   RO         1643    i.UART1_OutChar     uart1.o
    0x00004a34   0x00004a34   0x00000010   Code   RO         3231    i.UARTCharPut       uart.o
    0x00004a44   0x00004a44   0x0000001a   Code   RO         3521    i.UARTprintf        uartstdio.o
    0x00004a5e   0x00004a5e   0x00000002   PAD
    0x00004a60   0x00004a60   0x00000250   Code   RO         3522    i.UARTvprintf       uartstdio.o
    0x00004cb0   0x00004cb0   0x00000034   Code   RO         3523    i.UARTwrite         uartstdio.o
    0x00004ce4   0x00004ce4   0x00000018   Code   RO           64    i.WideTimer3A_Handler  bsp.o
    0x00004cfc   0x00004cfc   0x00000018   Code   RO           65    i.WideTimer4A_Handler  bsp.o
    0x00004d14   0x00004d14   0x00000018   Code   RO           66    i.WideTimer5A_Handler  bsp.o
    0x00004d2c   0x00004d2c   0x0000005e   Code   RO         2141    i.WriteAk8963Register  gyroaccelmag.o
    0x00004d8a   0x00004d8a   0x00000016   Code   RO         2143    i.WriteRegisterByte  gyroaccelmag.o
    0x00004da0   0x00004da0   0x00000024   Code   RO         2321    i._CANDataRegRead   can.o
    0x00004dc4   0x00004dc4   0x00000024   Code   RO         2322    i._CANDataRegWrite  can.o
    0x00004de8   0x00004de8   0x00000060   Code   RO         2323    i._CANIntNumberGet  can.o
    0x00004e48   0x00004e48   0x00000028   Code   RO         1645    i.copyHardwareToSoftware  uart1.o
    0x00004e70   0x00004e70   0x00000018   Code   RO         1994    i.ledToggleBlue     gpio_dif.o
    0x00004e88   0x00004e88   0x00000018   Code   RO         1995    i.ledToggleRed      gpio_dif.o
    0x00004ea0   0x00004ea0   0x00000128   Code   RO          701    i.main              robotcar.o
    0x00004fc8   0x00004fc8   0x00000038   Code   RO          522    i.runperiodicevents  os.o
    0x00005000   0x00005000   0x0000000e   Code   RO         1255    i.servoupdownarm    servotd8120mg.o
    0x0000500e   0x0000500e   0x00000002   PAD
    0x00005010   0x00005010   0x00000020   Code   RO         1996    i.setDesiredSpeed   gpio_dif.o
    0x00005030   0x00005030   0x000000c4   Code   RO         3686    x$fpl$fadd          fz_ws.l(faddsub_clz.o)
    0x000050f4   0x000050f4   0x00000018   Code   RO         3713    x$fpl$fcmpinf       fz_ws.l(fcmpi.o)
    0x0000510c   0x0000510c   0x00000184   Code   RO         3693    x$fpl$fdiv          fz_ws.l(fdiv.o)
    0x00005290   0x00005290   0x00000068   Code   RO         3696    x$fpl$feqf          fz_ws.l(feqf.o)
    0x000052f8   0x000052f8   0x0000003e   Code   RO         3698    x$fpl$ffixu         fz_ws.l(ffixu.o)
    0x00005336   0x00005336   0x00000002   PAD
    0x00005338   0x00005338   0x00000026   Code   RO         3702    x$fpl$ffltu         fz_ws.l(fflt_clz.o)
    0x0000535e   0x0000535e   0x00000002   PAD
    0x00005360   0x00005360   0x00000068   Code   RO         3715    x$fpl$fleqf         fz_ws.l(fleqf.o)
    0x000053c8   0x000053c8   0x00000102   Code   RO         3708    x$fpl$fmul          fz_ws.l(fmul.o)
    0x000054ca   0x000054ca   0x0000008c   Code   RO         3717    x$fpl$fnaninf       fz_ws.l(fnaninf.o)
    0x00005556   0x00005556   0x0000000a   Code   RO         3719    x$fpl$fretinf       fz_ws.l(fretinf.o)
    0x00005560   0x00005560   0x00000062   Code   RO         3710    x$fpl$frleqf        fz_ws.l(frleqf.o)
    0x000055c2   0x000055c2   0x00000002   PAD
    0x000055c4   0x000055c4   0x000000ea   Code   RO         3688    x$fpl$fsub          fz_ws.l(faddsub_clz.o)
    0x000056ae   0x000056ae   0x00000000   Code   RO         3721    x$fpl$usenofp       fz_ws.l(usenofp.o)
    0x000056ae   0x000056ae   0x00000002   PAD
    0x000056b0   0x000056b0   0x00000074   Data   RO         1450    .constdata          ap.o
    0x00005724   0x00005724   0x00000020   Data   RO         2324    .constdata          can.o
    0x00005744   0x00005744   0x00000210   Data   RO         2519    .constdata          gpio.o
    0x00005954   0x00005954   0x0000010c   Data   RO         2799    .constdata          interrupt.o
    0x00005a60   0x00005a60   0x000001cc   Data   RO         2948    .constdata          sysctl.o
    0x00005c2c   0x00005c2c   0x0000001c   Data   RO         3524    .constdata          uartstdio.o
    0x00005c48   0x00005c48   0x00000011   Data   RO         3525    .conststring        uartstdio.o
    0x00005c59   0x00005c59   0x00000003   PAD
    0x00005c5c   0x00005c5c   0x00000020   Data   RO         3876    Region$$Table       anon$$obj.o


    Execution Region ER_RW (Exec base: 0x20000000, Load base: 0x00005c7c, Size: 0x0000066c, Max: 0xffffffff, ABSOLUTE, COMPRESSED[0x000000d0])

    Exec Addr    Load Addr    Size         Type   Attr      Idx    E Section Name        Object

    0x20000000   COMPRESSED   0x00000044   Data   RW           86    .data               bsp.o
    0x20000044   COMPRESSED   0x0000003c   Data   RW          524    .data               os.o
    0x20000080   COMPRESSED   0x000000c8   Data   RW          702    .data               robotcar.o
    0x20000148   COMPRESSED   0x00000044   Data   RW         1024    .data               texas.o
    0x2000018c   COMPRESSED   0x00000004   Data   RW         1256    .data               servotd8120mg.o
    0x20000190   COMPRESSED   0x000000c8   Data   RW         1451    .data               ap.o
    0x20000258   COMPRESSED   0x0000000c   Data   RW         1647    .data               uart1.o
    0x20000264   COMPRESSED   0x0000000c   Data   RW         1957    .data               adct0.o
    0x20000270   COMPRESSED   0x00000030   Data   RW         1999    .data               gpio_dif.o
    0x200002a0   COMPRESSED   0x000000a0   Data   RW         2145    .data               gyroaccelmag.o
    0x20000340   COMPRESSED   0x00000013   Data   RW         2234    .data               cantransmitreceive.o
    0x20000353   COMPRESSED   0x00000001   PAD
    0x20000354   COMPRESSED   0x00000005   Data   RW         3526    .data               uartstdio.o
    0x20000359   COMPRESSED   0x000000a7   PAD
    0x20000400   COMPRESSED   0x0000026c   Data   RW         2800    vtable              interrupt.o


    Execution Region ER_ZI (Exec base: 0x2000066c, Load base: 0x00005d4c, Size: 0x0000265c, Max: 0xffffffff, ABSOLUTE)

    Exec Addr    Load Addr    Size         Type   Attr      Idx    E Section Name        Object

    0x2000066c        -       0x00002030   Zero   RW          523    .bss                os.o
    0x2000269c        -       0x00000170   Zero   RW         1449    .bss                ap.o
    0x2000280c        -       0x00000100   Zero   RW         1646    .bss                uart1.o
    0x2000290c        -       0x000000e8   Zero   RW         1997    .bss                gpio_dif.o
    0x200029f4        -       0x00000048   Zero   RW         2144    .bss                gyroaccelmag.o
    0x20002a3c        -       0x00000028   Zero   RW         2233    .bss                cantransmitreceive.o
    0x20002a64        -       0x00000060   Zero   RW         3748    .bss                c_w.l(libspace.o)
    0x20002ac4   0x00005d4c   0x00000004   PAD
    0x20002ac8        -       0x00000000   Zero   RW         3611    HEAP                startup_tm4c123.o
    0x20002ac8        -       0x00000200   Zero   RW         3610    STACK               startup_tm4c123.o


==============================================================================

Image component sizes


      Code (inc. data)   RO Data    RW Data    ZI Data      Debug   Object Name

      1104         88          0         12          0       2924   adct0.o
      1308         90        116        200        368       8929   ap.o
      1220         76          0          0          0      11663   ap_services.o
       628        112          0         68          0      12378   bsp.o
        26          0          0          0          0        927   buzzer.o
      1346         34         32          0          0      12826   can.o
       704        258          0         19         40       5860   cantransmitreceive.o
        28          0          0          0          0        885   cortexm.o
        92          0          0          0          0       1153   dcmotor.o
       502         10        528          0          0       3676   gpio.o
      2212        318          0         48        232      10655   gpio_dif.o
      1960        174          0        160         72      10889   gyroaccelmag.o
       608         50          0          0          0       4007   i2c1.o
       608         34          0          0          0       3055   i2c3.o
       176         16        268        620          0       2258   interrupt.o
        20          4          0          0          0        446   lightsensoe.o
      1204        106          0         60       8240       9293   os.o
        72          4          0          0          0        276   osasm.o
       124          4          0          0          0        451   pll.o
       732        114          0          0          0       5723   pwm.o
      2554        682          0        200          0      21769   robotcar.o
       114          4          0          4          0       1340   servotd8120mg.o
       292         18        620          0        512       5708   startup_tm4c123.o
       316         26        460          0          0       2922   sysctl.o
        38          0          0          0          0       1452   temphumidity.o
        24          8          0         68          0      11425   texas.o
        16          0          0          0          0        542   uart.o
       284         28          0          0          0       2071   uart0.o
       552         92          0         12        256       6276   uart1.o
       670         24         45          5          0       4198   uartstdio.o

    ----------------------------------------------------------------------
     19564       2374       2104       1644       9720     165977   Object Totals
         0          0         32          0          0          0   (incl. Generated)
        30          0          3        168          0          0   (incl. Padding)

    ----------------------------------------------------------------------

      Code (inc. data)   RO Data    RW Data    ZI Data      Debug   Library Member Name

        90          0          0          0          0          0   __dczerorl2.o
         8          0          0          0          0         68   __main.o
         0          0          0          0          0          0   __rtentry.o
        12          0          0          0          0          0   __rtentry2.o
         6          0          0          0          0          0   __rtentry4.o
        52          8          0          0          0          0   __scatter.o
        28          0          0          0          0          0   __scatter_zi.o
        18          0          0          0          0         80   exit.o
         6          0          0          0          0        152   heapauxi.o
         0          0          0          0          0          0   indicate_semi.o
         2          0          0          0          0          0   libinit.o
         2          0          0          0          0          0   libinit2.o
         2          0          0          0          0          0   libshutdown.o
         2          0          0          0          0          0   libshutdown2.o
         8          4          0          0         96         68   libspace.o
         2          0          0          0          0          0   rtexit.o
        10          0          0          0          0          0   rtexit2.o
        12          4          0          0          0         68   sys_exit.o
        74          0          0          0          0         80   sys_stackheap_outer.o
         2          0          0          0          0         68   use_no_semi.o
       430          8          0          0          0        168   faddsub_clz.o
        24          0          0          0          0         68   fcmpi.o
       388         76          0          0          0         96   fdiv.o
       104          4          0          0          0         84   feqf.o
        62          4          0          0          0         84   ffixu.o
        38          0          0          0          0         68   fflt_clz.o
       104          4          0          0          0         84   fleqf.o
       258          4          0          0          0         84   fmul.o
       140          4          0          0          0         84   fnaninf.o
        10          0          0          0          0         68   fretinf.o
        98          0          0          0          0         68   frleqf.o
         0          0          0          0          0          0   usenofp.o

    ----------------------------------------------------------------------
      2008        120          0          0        100       1540   Library Totals
        16          0          0          0          4          0   (incl. Padding)

    ----------------------------------------------------------------------

      Code (inc. data)   RO Data    RW Data    ZI Data      Debug   Library Name

       336         16          0          0         96        584   c_w.l
      1656        104          0          0          0        956   fz_ws.l

    ----------------------------------------------------------------------
      2008        120          0          0        100       1540   Library Totals

    ----------------------------------------------------------------------

==============================================================================


      Code (inc. data)   RO Data    RW Data    ZI Data      Debug   

     21572       2494       2104       1644       9820     157425   Grand Totals
     21572       2494       2104        208       9820     157425   ELF Image Totals (compressed)
     21572       2494       2104        208          0          0   ROM Totals

==============================================================================

    Total RO  Size (Code + RO Data)                23676 (  23.12kB)
    Total RW  Size (RW Data + ZI Data)             11464 (  11.20kB)
    Total ROM Size (Code + RO Data + RW Data)      23884 (  23.32kB)

==============================================================================

